Archive member included to satisfy reference by file (symbol)

d:/stm32/stm32cubeide/stm32cubeide_1.12.1/stm32cubeide/plugins/com.st.stm32cube.ide.mcu.externaltools.gnu-tools-for-stm32.10.3-2021.10.win32_1.0.200.202301161003/tools/bin/../lib/gcc/arm-none-eabi/10.3.1/../../../../arm-none-eabi/lib/thumb/v6-m/nofp\libc_nano.a(lib_a-errno.o)
                              ./Core/Src/syscalls.o (__errno)
d:/stm32/stm32cubeide/stm32cubeide_1.12.1/stm32cubeide/plugins/com.st.stm32cube.ide.mcu.externaltools.gnu-tools-for-stm32.10.3-2021.10.win32_1.0.200.202301161003/tools/bin/../lib/gcc/arm-none-eabi/10.3.1/../../../../arm-none-eabi/lib/thumb/v6-m/nofp\libc_nano.a(lib_a-exit.o)
                              d:/stm32/stm32cubeide/stm32cubeide_1.12.1/stm32cubeide/plugins/com.st.stm32cube.ide.mcu.externaltools.gnu-tools-for-stm32.10.3-2021.10.win32_1.0.200.202301161003/tools/bin/../lib/gcc/arm-none-eabi/10.3.1/../../../../arm-none-eabi/lib/thumb/v6-m/nofp/crt0.o (exit)
d:/stm32/stm32cubeide/stm32cubeide_1.12.1/stm32cubeide/plugins/com.st.stm32cube.ide.mcu.externaltools.gnu-tools-for-stm32.10.3-2021.10.win32_1.0.200.202301161003/tools/bin/../lib/gcc/arm-none-eabi/10.3.1/../../../../arm-none-eabi/lib/thumb/v6-m/nofp\libc_nano.a(lib_a-impure.o)
                              d:/stm32/stm32cubeide/stm32cubeide_1.12.1/stm32cubeide/plugins/com.st.stm32cube.ide.mcu.externaltools.gnu-tools-for-stm32.10.3-2021.10.win32_1.0.200.202301161003/tools/bin/../lib/gcc/arm-none-eabi/10.3.1/../../../../arm-none-eabi/lib/thumb/v6-m/nofp\libc_nano.a(lib_a-exit.o) (_global_impure_ptr)
d:/stm32/stm32cubeide/stm32cubeide_1.12.1/stm32cubeide/plugins/com.st.stm32cube.ide.mcu.externaltools.gnu-tools-for-stm32.10.3-2021.10.win32_1.0.200.202301161003/tools/bin/../lib/gcc/arm-none-eabi/10.3.1/../../../../arm-none-eabi/lib/thumb/v6-m/nofp\libc_nano.a(lib_a-init.o)
                              d:/stm32/stm32cubeide/stm32cubeide_1.12.1/stm32cubeide/plugins/com.st.stm32cube.ide.mcu.externaltools.gnu-tools-for-stm32.10.3-2021.10.win32_1.0.200.202301161003/tools/bin/../lib/gcc/arm-none-eabi/10.3.1/../../../../arm-none-eabi/lib/thumb/v6-m/nofp/crt0.o (__libc_init_array)
d:/stm32/stm32cubeide/stm32cubeide_1.12.1/stm32cubeide/plugins/com.st.stm32cube.ide.mcu.externaltools.gnu-tools-for-stm32.10.3-2021.10.win32_1.0.200.202301161003/tools/bin/../lib/gcc/arm-none-eabi/10.3.1/../../../../arm-none-eabi/lib/thumb/v6-m/nofp\libc_nano.a(lib_a-memset.o)
                              d:/stm32/stm32cubeide/stm32cubeide_1.12.1/stm32cubeide/plugins/com.st.stm32cube.ide.mcu.externaltools.gnu-tools-for-stm32.10.3-2021.10.win32_1.0.200.202301161003/tools/bin/../lib/gcc/arm-none-eabi/10.3.1/../../../../arm-none-eabi/lib/thumb/v6-m/nofp/crt0.o (memset)
d:/stm32/stm32cubeide/stm32cubeide_1.12.1/stm32cubeide/plugins/com.st.stm32cube.ide.mcu.externaltools.gnu-tools-for-stm32.10.3-2021.10.win32_1.0.200.202301161003/tools/bin/../lib/gcc/arm-none-eabi/10.3.1/../../../../arm-none-eabi/lib/thumb/v6-m/nofp\libc_nano.a(lib_a-sprintf.o)
                              ./Source/Src/USARTDrv.o (sprintf)
d:/stm32/stm32cubeide/stm32cubeide_1.12.1/stm32cubeide/plugins/com.st.stm32cube.ide.mcu.externaltools.gnu-tools-for-stm32.10.3-2021.10.win32_1.0.200.202301161003/tools/bin/../lib/gcc/arm-none-eabi/10.3.1/../../../../arm-none-eabi/lib/thumb/v6-m/nofp\libc_nano.a(lib_a-nano-svfprintf.o)
                              d:/stm32/stm32cubeide/stm32cubeide_1.12.1/stm32cubeide/plugins/com.st.stm32cube.ide.mcu.externaltools.gnu-tools-for-stm32.10.3-2021.10.win32_1.0.200.202301161003/tools/bin/../lib/gcc/arm-none-eabi/10.3.1/../../../../arm-none-eabi/lib/thumb/v6-m/nofp\libc_nano.a(lib_a-sprintf.o) (_svfprintf_r)
d:/stm32/stm32cubeide/stm32cubeide_1.12.1/stm32cubeide/plugins/com.st.stm32cube.ide.mcu.externaltools.gnu-tools-for-stm32.10.3-2021.10.win32_1.0.200.202301161003/tools/bin/../lib/gcc/arm-none-eabi/10.3.1/../../../../arm-none-eabi/lib/thumb/v6-m/nofp\libc_nano.a(lib_a-nano-vfprintf_i.o)
                              d:/stm32/stm32cubeide/stm32cubeide_1.12.1/stm32cubeide/plugins/com.st.stm32cube.ide.mcu.externaltools.gnu-tools-for-stm32.10.3-2021.10.win32_1.0.200.202301161003/tools/bin/../lib/gcc/arm-none-eabi/10.3.1/../../../../arm-none-eabi/lib/thumb/v6-m/nofp\libc_nano.a(lib_a-nano-svfprintf.o) (_printf_i)
d:/stm32/stm32cubeide/stm32cubeide_1.12.1/stm32cubeide/plugins/com.st.stm32cube.ide.mcu.externaltools.gnu-tools-for-stm32.10.3-2021.10.win32_1.0.200.202301161003/tools/bin/../lib/gcc/arm-none-eabi/10.3.1/../../../../arm-none-eabi/lib/thumb/v6-m/nofp\libc_nano.a(lib_a-memchr-stub.o)
                              d:/stm32/stm32cubeide/stm32cubeide_1.12.1/stm32cubeide/plugins/com.st.stm32cube.ide.mcu.externaltools.gnu-tools-for-stm32.10.3-2021.10.win32_1.0.200.202301161003/tools/bin/../lib/gcc/arm-none-eabi/10.3.1/../../../../arm-none-eabi/lib/thumb/v6-m/nofp\libc_nano.a(lib_a-nano-svfprintf.o) (memchr)
[...]
Memory Configuration

Name             Origin             Length             Attributes
RAM              0x0000000020000000 0x0000000000009000 xrw
FLASH            0x0000000008000000 0x0000000000020000 xr
*default*        0x0000000000000000 0xffffffffffffffff

Linker script and memory map

LOAD d:/stm32/stm32cubeide/stm32cubeide_1.12.1/stm32cubeide/plugins/com.st.stm32cube.ide.mcu.externaltools.gnu-tools-for-stm32.10.3-2021.10.win32_1.0.200.202301161003/tools/bin/../lib/gcc/arm-none-eabi/10.3.1/thumb/v6-m/nofp/crti.o
LOAD d:/stm32/stm32cubeide/stm32cubeide_1.12.1/stm32cubeide/plugins/com.st.stm32cube.ide.mcu.externaltools.gnu-tools-for-stm32.10.3-2021.10.win32_1.0.200.202301161003/tools/bin/../lib/gcc/arm-none-eabi/10.3.1/thumb/v6-m/nofp/crtbegin.o
LOAD d:/stm32/stm32cubeide/stm32cubeide_1.12.1/stm32cubeide/plugins/com.st.stm32cube.ide.mcu.externaltools.gnu-tools-for-stm32.10.3-2021.10.win32_1.0.200.202301161003/tools/bin/../lib/gcc/arm-none-eabi/10.3.1/../../../../arm-none-eabi/lib/thumb/v6-m/nofp/crt0.o
LOAD ./Core/Src/main.o
LOAD ./Core/Src/stm32g0xx_it.o
LOAD ./Core/Src/syscalls.o
LOAD ./Core/Src/sysmem.o
LOAD ./Core/Src/system_stm32g0xx.o
LOAD ./Core/Startup/startup_stm32g071rbtx.o
LOAD ./Drivers/STM32G0xx_HAL_Driver/Src/stm32g0xx_ll_adc.o
LOAD ./Drivers/STM32G0xx_HAL_Driver/Src/stm32g0xx_ll_dma.o
LOAD ./Drivers/STM32G0xx_HAL_Driver/Src/stm32g0xx_ll_exti.o
LOAD ./Drivers/STM32G0xx_HAL_Driver/Src/stm32g0xx_ll_gpio.o
LOAD ./Drivers/STM32G0xx_HAL_Driver/Src/stm32g0xx_ll_pwr.o
LOAD ./Drivers/STM32G0xx_HAL_Driver/Src/stm32g0xx_ll_rcc.o
LOAD ./Drivers/STM32G0xx_HAL_Driver/Src/stm32g0xx_ll_usart.o
LOAD ./Drivers/STM32G0xx_HAL_Driver/Src/stm32g0xx_ll_utils.o
LOAD ./Source/Src/ADC_ConverterValue.o
LOAD ./Source/Src/AdcDrv.o
LOAD ./Source/Src/ButtonDrv.o
LOAD ./Source/Src/CDD_Thermistor_CalcValue.o
LOAD ./Source/Src/CircularBuffer.o
LOAD ./Source/Src/EcuM.o
LOAD ./Source/Src/Ecum_Callouts.o
LOAD ./Source/Src/LedDrv.o
LOAD ./Source/Src/MotorDrvStepper.o
LOAD ./Source/Src/Motor_ConverterDegreeToStep.o
LOAD ./Source/Src/Test.o
LOAD ./Source/Src/TheAPP.o
LOAD ./Source/Src/USARTDrv.o
LOAD ./Source/Src/USART_CommunicationProtocol.o
START GROUP
LOAD d:/stm32/stm32cubeide/stm32cubeide_1.12.1/stm32cubeide/plugins/com.st.stm32cube.ide.mcu.externaltools.gnu-tools-for-stm32.10.3-2021.10.win32_1.0.200.202301161003/tools/bin/../lib/gcc/arm-none-eabi/10.3.1/../../../../arm-none-eabi/lib/thumb/v6-m/nofp\libc_nano.a
LOAD d:/stm32/stm32cubeide/stm32cubeide_1.12.1/stm32cubeide/plugins/com.st.stm32cube.ide.mcu.externaltools.gnu-tools-for-stm32.10.3-2021.10.win32_1.0.200.202301161003/tools/bin/../lib/gcc/arm-none-eabi/10.3.1/../../../../arm-none-eabi/lib/thumb/v6-m/nofp\libm.a
END GROUP
START GROUP
LOAD d:/stm32/stm32cubeide/stm32cubeide_1.12.1/stm32cubeide/plugins/com.st.stm32cube.ide.mcu.externaltools.gnu-tools-for-stm32.10.3-2021.10.win32_1.0.200.202301161003/tools/bin/../lib/gcc/arm-none-eabi/10.3.1/thumb/v6-m/nofp\libgcc.a
LOAD d:/stm32/stm32cubeide/stm32cubeide_1.12.1/stm32cubeide/plugins/com.st.stm32cube.ide.mcu.externaltools.gnu-tools-for-stm32.10.3-2021.10.win32_1.0.200.202301161003/tools/bin/../lib/gcc/arm-none-eabi/10.3.1/../../../../arm-none-eabi/lib/thumb/v6-m/nofp\libc_nano.a
END GROUP
START GROUP
LOAD d:/stm32/stm32cubeide/stm32cubeide_1.12.1/stm32cubeide/plugins/com.st.stm32cube.ide.mcu.externaltools.gnu-tools-for-stm32.10.3-2021.10.win32_1.0.200.202301161003/tools/bin/../lib/gcc/arm-none-eabi/10.3.1/thumb/v6-m/nofp\libgcc.a
LOAD d:/stm32/stm32cubeide/stm32cubeide_1.12.1/stm32cubeide/plugins/com.st.stm32cube.ide.mcu.externaltools.gnu-tools-for-stm32.10.3-2021.10.win32_1.0.200.202301161003/tools/bin/../lib/gcc/arm-none-eabi/10.3.1/../../../../arm-none-eabi/lib/thumb/v6-m/nofp\libc_nano.a
LOAD d:/stm32/stm32cubeide/stm32cubeide_1.12.1/stm32cubeide/plugins/com.st.stm32cube.ide.mcu.externaltools.gnu-tools-for-stm32.10.3-2021.10.win32_1.0.200.202301161003/tools/bin/../lib/gcc/arm-none-eabi/10.3.1/../../../../arm-none-eabi/lib/thumb/v6-m/nofp\libnosys.a
END GROUP
START GROUP
LOAD d:/stm32/stm32cubeide/stm32cubeide_1.12.1/stm32cubeide/plugins/com.st.stm32cube.ide.mcu.externaltools.gnu-tools-for-stm32.10.3-2021.10.win32_1.0.200.202301161003/tools/bin/../lib/gcc/arm-none-eabi/10.3.1/thumb/v6-m/nofp\libgcc.a
LOAD d:/stm32/stm32cubeide/stm32cubeide_1.12.1/stm32cubeide/plugins/com.st.stm32cube.ide.mcu.externaltools.gnu-tools-for-stm32.10.3-2021.10.win32_1.0.200.202301161003/tools/bin/../lib/gcc/arm-none-eabi/10.3.1/../../../../arm-none-eabi/lib/thumb/v6-m/nofp\libc_nano.a
LOAD d:/stm32/stm32cubeide/stm32cubeide_1.12.1/stm32cubeide/plugins/com.st.stm32cube.ide.mcu.externaltools.gnu-tools-for-stm32.10.3-2021.10.win32_1.0.200.202301161003/tools/bin/../lib/gcc/arm-none-eabi/10.3.1/../../../../arm-none-eabi/lib/thumb/v6-m/nofp\libnosys.a
END GROUP
LOAD d:/stm32/stm32cubeide/stm32cubeide_1.12.1/stm32cubeide/plugins/com.st.stm32cube.ide.mcu.externaltools.gnu-tools-for-stm32.10.3-2021.10.win32_1.0.200.202301161003/tools/bin/../lib/gcc/arm-none-eabi/10.3.1/thumb/v6-m/nofp/crtend.o
LOAD d:/stm32/stm32cubeide/stm32cubeide_1.12.1/stm32cubeide/plugins/com.st.stm32cube.ide.mcu.externaltools.gnu-tools-for-stm32.10.3-2021.10.win32_1.0.200.202301161003/tools/bin/../lib/gcc/arm-none-eabi/10.3.1/thumb/v6-m/nofp/crtn.o
                0x0000000020009000                _estack = (ORIGIN (RAM) + LENGTH (RAM))
                0x0000000000000200                _Min_Heap_Size = 0x200
                0x0000000000000400                _Min_Stack_Size = 0x400

.isr_vector     0x0000000008000000       0xbc
                0x0000000008000000                . = ALIGN (0x4)
 *(.isr_vector)
 .isr_vector    0x0000000008000000       0xbc ./Core/Startup/startup_stm32g071rbtx.o
                0x0000000008000000                g_pfnVectors
                0x00000000080000bc                . = ALIGN (0x4)

.text           0x00000000080000bc     0x4358
                0x00000000080000bc                . = ALIGN (0x4)
 *(.text)
 .text          0x00000000080000bc       0x48 d:/stm32/stm32cubeide/stm32cubeide_1.12.1/stm32cubeide/plugins/com.st.stm32cube.ide.mcu.externaltools.gnu-tools-for-stm32.10.3-2021.10.win32_1.0.200.202301161003/tools/bin/../lib/gcc/arm-none-eabi/10.3.1/thumb/v6-m/nofp/crtbegin.o
 .text          0x0000000008000104       0x14 d:/stm32/stm32cubeide/stm32cubeide_1.12.1/stm32cubeide/plugins/com.st.stm32cube.ide.mcu.externaltools.gnu-tools-for-stm32.10.3-2021.10.win32_1.0.200.202301161003/tools/bin/../lib/gcc/arm-none-eabi/10.3.1/thumb/v6-m/nofp\libgcc.a(_thumb1_case_shi.o)
                0x0000000008000104                __gnu_thumb1_case_shi
 .text          0x0000000008000118      0x114 d:/stm32/stm32cubeide/stm32cubeide_1.12.1/stm32cubeide/plugins/com.st.stm32cube.ide.mcu.externaltools.gnu-tools-for-stm32.10.3-2021.10.win32_1.0.200.202301161003/tools/bin/../lib/gcc/arm-none-eabi/10.3.1/thumb/v6-m/nofp\libgcc.a(_udivsi3.o)
                0x0000000008000118                __aeabi_uidiv
                0x0000000008000118                __udivsi3
                0x0000000008000224                __aeabi_uidivmod
 .text          0x000000000800022c        0x4 d:/stm32/stm32cubeide/stm32cubeide_1.12.1/stm32cubeide/plugins/com.st.stm32cube.ide.mcu.externaltools.gnu-tools-for-stm32.10.3-2021.10.win32_1.0.200.202301161003/tools/bin/../lib/gcc/arm-none-eabi/10.3.1/thumb/v6-m/nofp\libgcc.a(_dvmd_tls.o)
                0x000000000800022c                __aeabi_idiv0
                0x000000000800022c                __aeabi_ldiv0
 .text          0x0000000008000230       0x30 d:/stm32/stm32cubeide/stm32cubeide_1.12.1/stm32cubeide/plugins/com.st.stm32cube.ide.mcu.externaltools.gnu-tools-for-stm32.10.3-2021.10.win32_1.0.200.202301161003/tools/bin/../lib/gcc/arm-none-eabi/10.3.1/thumb/v6-m/nofp\libgcc.a(_fixunssfsi.o)
                0x0000000008000230                __fixunssfsi
                0x0000000008000230                __aeabi_f2uiz
 .text          0x0000000008000260      0x24c d:/stm32/stm32cubeide/stm32cubeide_1.12.1/stm32cubeide/plugins/com.st.stm32cube.ide.mcu.externaltools.gnu-tools-for-stm32.10.3-2021.10.win32_1.0.200.202301161003/tools/bin/../lib/gcc/arm-none-eabi/10.3.1/thumb/v6-m/nofp\libgcc.a(mulsf3.o)
                0x0000000008000260                __aeabi_fmul
 .text          0x00000000080004ac      0x35c d:/stm32/stm32cubeide/stm32cubeide_1.12.1/stm32cubeide/plugins/com.st.stm32cube.ide.mcu.externaltools.gnu-tools-for-stm32.10.3-2021.10.win32_1.0.200.202301161003/tools/bin/../lib/gcc/arm-none-eabi/10.3.1/thumb/v6-m/nofp\libgcc.a(subsf3.o)
                0x00000000080004ac                __aeabi_fsub
 .text          0x0000000008000808       0x40 d:/stm32/stm32cubeide/stm32cubeide_1.12.1/stm32cubeide/plugins/com.st.stm32cube.ide.mcu.externaltools.gnu-tools-for-stm32.10.3-2021.10.win32_1.0.200.202301161003/tools/bin/../lib/gcc/arm-none-eabi/10.3.1/thumb/v6-m/nofp\libgcc.a(fixsfsi.o)
                0x0000000008000808                __aeabi_f2iz
 .text          0x0000000008000848       0x74 d:/stm32/stm32cubeide/stm32cubeide_1.12.1/stm32cubeide/plugins/com.st.stm32cube.ide.mcu.externaltools.gnu-tools-for-stm32.10.3-2021.10.win32_1.0.200.202301161003/tools/bin/../lib/gcc/arm-none-eabi/10.3.1/thumb/v6-m/nofp\libgcc.a(_arm_cmpsf2.o)
                0x0000000008000848                __aeabi_cfrcmple
                0x0000000008000850                __aeabi_cfcmpeq
                0x0000000008000850                __aeabi_cfcmple
                0x0000000008000860                __aeabi_fcmpeq
                0x000000000800086c                __aeabi_fcmplt
                0x0000000008000880                __aeabi_fcmple
                0x0000000008000894                __aeabi_fcmpgt
                0x00000000080008a8                __aeabi_fcmpge
 .text          0x00000000080008bc       0x3c d:/stm32/stm32cubeide/stm32cubeide_1.12.1/stm32cubeide/plugins/com.st.stm32cube.ide.mcu.externaltools.gnu-tools-for-stm32.10.3-2021.10.win32_1.0.200.202301161003/tools/bin/../lib/gcc/arm-none-eabi/10.3.1/thumb/v6-m/nofp\libgcc.a(_clzsi2.o)
                0x00000000080008bc                __clzsi2
 .text          0x00000000080008f8       0x4c d:/stm32/stm32cubeide/stm32cubeide_1.12.1/stm32cubeide/plugins/com.st.stm32cube.ide.mcu.externaltools.gnu-tools-for-stm32.10.3-2021.10.win32_1.0.200.202301161003/tools/bin/../lib/gcc/arm-none-eabi/10.3.1/thumb/v6-m/nofp\libgcc.a(eqsf2.o)
                0x00000000080008f8                __eqsf2
                0x00000000080008f8                __nesf2
 .text          0x0000000008000944       0x8c d:/stm32/stm32cubeide/stm32cubeide_1.12.1/stm32cubeide/plugins/com.st.stm32cube.ide.mcu.externaltools.gnu-tools-for-stm32.10.3-2021.10.win32_1.0.200.202301161003/tools/bin/../lib/gcc/arm-none-eabi/10.3.1/thumb/v6-m/nofp\libgcc.a(gesf2.o)
                0x0000000008000944                __gesf2
                0x0000000008000944                __gtsf2
 .text          0x00000000080009d0       0x88 d:/stm32/stm32cubeide/stm32cubeide_1.12.1/stm32cubeide/plugins/com.st.stm32cube.ide.mcu.externaltools.gnu-tools-for-stm32.10.3-2021.10.win32_1.0.200.202301161003/tools/bin/../lib/gcc/arm-none-eabi/10.3.1/thumb/v6-m/nofp\libgcc.a(lesf2.o)
                0x00000000080009d0                __ltsf2
                0x00000000080009d0                __lesf2
 *(.text*)
 .text.__NVIC_EnableIRQ
                0x0000000008000a58       0x34 ./Core/Src/main.o
 .text.__NVIC_SetPriority
                0x0000000008000a8c       0xdc ./Core/Src/main.o
 .text.LL_ADC_SetTriggerFrequencyMode
                0x0000000008000b68       0x28 ./Core/Src/main.o
 .text.LL_ADC_SetSamplingTimeCommonChannels
                0x0000000008000b90       0x3a ./Core/Src/main.o
 *fill*         0x0000000008000bca        0x2 
 .text.LL_ADC_REG_SetSequencerConfigurable
                0x0000000008000bcc       0x28 ./Core/Src/main.o
 .text.LL_ADC_REG_SetSequencerRanks
                0x0000000008000bf4       0x40 ./Core/Src/main.o
 .text.LL_ADC_SetChannelSamplingTime
                0x0000000008000c34       0x38 ./Core/Src/main.o
 .text.LL_ADC_SetOverSamplingScope
                0x0000000008000c6c       0x24 ./Core/Src/main.o
 .text.LL_ADC_EnableInternalRegulator
                0x0000000008000c90       0x28 ./Core/Src/main.o
 .text.LL_ADC_IsActiveFlag_CCRDY
                0x0000000008000cb8       0x28 ./Core/Src/main.o
 .text.LL_ADC_ClearFlag_CCRDY
                0x0000000008000ce0       0x18 ./Core/Src/main.o
 .text.LL_ADC_DisableIT_EOC
                0x0000000008000cf8       0x1e ./Core/Src/main.o
 .text.LL_ADC_DisableIT_EOS
                0x0000000008000d16       0x1e ./Core/Src/main.o
 .text.LL_RCC_HSI_Enable
                0x0000000008000d34       0x1c ./Core/Src/main.o
 .text.LL_RCC_HSI_IsReady
                0x0000000008000d50       0x28 ./Core/Src/main.o
 .text.LL_RCC_SetSysClkSource
                0x0000000008000d78       0x28 ./Core/Src/main.o
 .text.LL_RCC_GetSysClkSource
                0x0000000008000da0       0x18 ./Core/Src/main.o
 .text.LL_RCC_SetAHBPrescaler
                0x0000000008000db8       0x2c ./Core/Src/main.o
 .text.LL_RCC_SetAPB1Prescaler
                0x0000000008000de4       0x2c ./Core/Src/main.o
 .text.LL_RCC_SetUSARTClockSource
                0x0000000008000e10       0x30 ./Core/Src/main.o
 .text.LL_RCC_PLL_Enable
                0x0000000008000e40       0x1c ./Core/Src/main.o
 .text.LL_RCC_PLL_IsReady
                0x0000000008000e5c       0x28 ./Core/Src/main.o
 .text.LL_RCC_PLL_ConfigDomain_SYS
                0x0000000008000e84       0x40 ./Core/Src/main.o
 .text.LL_RCC_PLL_EnableDomain_SYS
                0x0000000008000ec4       0x1c ./Core/Src/main.o
 .text.LL_APB1_GRP1_EnableClock
                0x0000000008000ee0       0x2c ./Core/Src/main.o
 .text.LL_APB2_GRP1_EnableClock
                0x0000000008000f0c       0x2c ./Core/Src/main.o
 .text.LL_IOP_GRP1_EnableClock
                0x0000000008000f38       0x2c ./Core/Src/main.o
 .text.LL_FLASH_SetLatency
                0x0000000008000f64       0x28 ./Core/Src/main.o
 .text.LL_FLASH_GetLatency
                0x0000000008000f8c       0x18 ./Core/Src/main.o
 .text.LL_USART_Enable
                0x0000000008000fa4       0x1c ./Core/Src/main.o
 .text.LL_USART_DisableFIFO
                0x0000000008000fc0       0x20 ./Core/Src/main.o
 .text.LL_USART_SetTXFIFOThreshold
                0x0000000008000fe0       0x46 ./Core/Src/main.o
 *fill*         0x0000000008001026        0x2 
 .text.LL_USART_SetRXFIFOThreshold
                0x0000000008001028       0x4c ./Core/Src/main.o
 .text.LL_USART_ConfigAsyncMode
                0x0000000008001074       0x30 ./Core/Src/main.o
 .text.LL_USART_IsActiveFlag_TEACK
                0x00000000080010a4       0x28 ./Core/Src/main.o
 .text.LL_USART_IsActiveFlag_REACK
                0x00000000080010cc       0x28 ./Core/Src/main.o
 .text.LL_GPIO_ResetOutputPin
                0x00000000080010f4       0x18 ./Core/Src/main.o
 .text.main     0x000000000800110c       0x2a ./Core/Src/main.o
                0x000000000800110c                main
 *fill*         0x0000000008001136        0x2 
 .text.SystemClock_Config
                0x0000000008001138       0x80 ./Core/Src/main.o
                0x0000000008001138                SystemClock_Config
 .text.MX_ADC1_Init
                0x00000000080011b8      0x188 ./Core/Src/main.o
 .text.MX_USART1_UART_Init
                0x0000000008001340      0x144 ./Core/Src/main.o
 .text.MX_GPIO_Init
                0x0000000008001484      0x2b4 ./Core/Src/main.o
 .text.NMI_Handler
                0x0000000008001738        0x6 ./Core/Src/stm32g0xx_it.o
                0x0000000008001738                NMI_Handler
 .text.HardFault_Handler
                0x000000000800173e        0x6 ./Core/Src/stm32g0xx_it.o
                0x000000000800173e                HardFault_Handler
 .text.SVC_Handler
                0x0000000008001744        0xa ./Core/Src/stm32g0xx_it.o
                0x0000000008001744                SVC_Handler
 .text.PendSV_Handler
                0x000000000800174e        0xa ./Core/Src/stm32g0xx_it.o
                0x000000000800174e                PendSV_Handler
 .text.SysTick_Handler
                0x0000000008001758        0xe ./Core/Src/stm32g0xx_it.o
                0x0000000008001758                SysTick_Handler
 .text.USART1_IRQHandler
                0x0000000008001766        0xe ./Core/Src/stm32g0xx_it.o
                0x0000000008001766                USART1_IRQHandler
 .text._sbrk    0x0000000008001774       0x6c ./Core/Src/sysmem.o
                0x0000000008001774                _sbrk
 .text.SystemInit
                0x00000000080017e0        0xa ./Core/Src/system_stm32g0xx.o
                0x00000000080017e0                SystemInit
 *fill*         0x00000000080017ea        0x2 
 .text.Reset_Handler
                0x00000000080017ec       0x50 ./Core/Startup/startup_stm32g071rbtx.o
                0x00000000080017ec                Reset_Handler
 .text.Default_Handler
                0x000000000800183c        0x2 ./Core/Startup/startup_stm32g071rbtx.o
                0x000000000800183c                USART3_4_LPUART1_IRQHandler
                0x000000000800183c                TIM1_CC_IRQHandler
                0x000000000800183c                ADC1_COMP_IRQHandler
                0x000000000800183c                PVD_IRQHandler
                0x000000000800183c                I2C1_IRQHandler
                0x000000000800183c                TIM7_LPTIM2_IRQHandler
                0x000000000800183c                RTC_TAMP_IRQHandler
                0x000000000800183c                SPI1_IRQHandler
                0x000000000800183c                EXTI2_3_IRQHandler
                0x000000000800183c                I2C2_IRQHandler
                0x000000000800183c                TIM17_IRQHandler
                0x000000000800183c                TIM16_IRQHandler
                0x000000000800183c                TIM3_IRQHandler
                0x000000000800183c                EXTI4_15_IRQHandler
                0x000000000800183c                RCC_IRQHandler
                0x000000000800183c                DMA1_Channel1_IRQHandler
                0x000000000800183c                Default_Handler
                0x000000000800183c                CEC_IRQHandler
                0x000000000800183c                TIM14_IRQHandler
                0x000000000800183c                TIM15_IRQHandler
                0x000000000800183c                EXTI0_1_IRQHandler
                0x000000000800183c                SPI2_IRQHandler
                0x000000000800183c                TIM6_DAC_LPTIM1_IRQHandler
                0x000000000800183c                WWDG_IRQHandler
                0x000000000800183c                TIM2_IRQHandler
                0x000000000800183c                DMA1_Ch4_7_DMAMUX1_OVR_IRQHandler
                0x000000000800183c                DMA1_Channel2_3_IRQHandler
                0x000000000800183c                UCPD1_2_IRQHandler
                0x000000000800183c                USART2_IRQHandler
                0x000000000800183c                FLASH_IRQHandler
                0x000000000800183c                TIM1_BRK_UP_TRG_COM_IRQHandler
 .text.LL_ADC_REG_GetSequencerConfigurable
                0x000000000800183e       0x1a ./Drivers/STM32G0xx_HAL_Driver/Src/stm32g0xx_ll_adc.o
 .text.LL_ADC_REG_SetSequencerLength
                0x0000000008001858       0x1e ./Drivers/STM32G0xx_HAL_Driver/Src/stm32g0xx_ll_adc.o
 .text.LL_ADC_IsEnabled
                0x0000000008001876       0x22 ./Drivers/STM32G0xx_HAL_Driver/Src/stm32g0xx_ll_adc.o
 .text.LL_ADC_Init
                0x0000000008001898       0x6c ./Drivers/STM32G0xx_HAL_Driver/Src/stm32g0xx_ll_adc.o
                0x0000000008001898                LL_ADC_Init
 .text.LL_ADC_REG_Init
                0x0000000008001904       0xc8 ./Drivers/STM32G0xx_HAL_Driver/Src/stm32g0xx_ll_adc.o
                0x0000000008001904                LL_ADC_REG_Init
 .text.LL_GPIO_SetPinMode
                0x00000000080019cc       0x38 ./Drivers/STM32G0xx_HAL_Driver/Src/stm32g0xx_ll_gpio.o
 .text.LL_GPIO_SetPinOutputType
                0x0000000008001a04       0x2a ./Drivers/STM32G0xx_HAL_Driver/Src/stm32g0xx_ll_gpio.o
 .text.LL_GPIO_SetPinSpeed
                0x0000000008001a2e       0x38 ./Drivers/STM32G0xx_HAL_Driver/Src/stm32g0xx_ll_gpio.o
 .text.LL_GPIO_SetPinPull
                0x0000000008001a66       0x38 ./Drivers/STM32G0xx_HAL_Driver/Src/stm32g0xx_ll_gpio.o
 .text.LL_GPIO_SetAFPin_0_7
                0x0000000008001a9e       0x46 ./Drivers/STM32G0xx_HAL_Driver/Src/stm32g0xx_ll_gpio.o
 .text.LL_GPIO_SetAFPin_8_15
                0x0000000008001ae4       0x5a ./Drivers/STM32G0xx_HAL_Driver/Src/stm32g0xx_ll_gpio.o
 .text.LL_GPIO_Init
                0x0000000008001b3e       0xb6 ./Drivers/STM32G0xx_HAL_Driver/Src/stm32g0xx_ll_gpio.o
                0x0000000008001b3e                LL_GPIO_Init
 .text.LL_RCC_HSI_IsReady
                0x0000000008001bf4       0x28 ./Drivers/STM32G0xx_HAL_Driver/Src/stm32g0xx_ll_rcc.o
 .text.LL_RCC_LSE_IsReady
                0x0000000008001c1c       0x20 ./Drivers/STM32G0xx_HAL_Driver/Src/stm32g0xx_ll_rcc.o
 .text.LL_RCC_GetSysClkSource
                0x0000000008001c3c       0x18 ./Drivers/STM32G0xx_HAL_Driver/Src/stm32g0xx_ll_rcc.o
 .text.LL_RCC_GetAHBPrescaler
                0x0000000008001c54       0x18 ./Drivers/STM32G0xx_HAL_Driver/Src/stm32g0xx_ll_rcc.o
 .text.LL_RCC_GetAPB1Prescaler
                0x0000000008001c6c       0x18 ./Drivers/STM32G0xx_HAL_Driver/Src/stm32g0xx_ll_rcc.o
 .text.LL_RCC_GetUSARTClockSource
                0x0000000008001c84       0x24 ./Drivers/STM32G0xx_HAL_Driver/Src/stm32g0xx_ll_rcc.o
 .text.LL_RCC_PLL_GetN
                0x0000000008001ca8       0x18 ./Drivers/STM32G0xx_HAL_Driver/Src/stm32g0xx_ll_rcc.o
 .text.LL_RCC_PLL_GetR
                0x0000000008001cc0       0x18 ./Drivers/STM32G0xx_HAL_Driver/Src/stm32g0xx_ll_rcc.o
 .text.LL_RCC_PLL_GetMainSource
                0x0000000008001cd8       0x18 ./Drivers/STM32G0xx_HAL_Driver/Src/stm32g0xx_ll_rcc.o
 .text.LL_RCC_PLL_GetDivider
                0x0000000008001cf0       0x18 ./Drivers/STM32G0xx_HAL_Driver/Src/stm32g0xx_ll_rcc.o
 .text.LL_RCC_GetSystemClocksFreq
                0x0000000008001d08       0x3a ./Drivers/STM32G0xx_HAL_Driver/Src/stm32g0xx_ll_rcc.o
                0x0000000008001d08                LL_RCC_GetSystemClocksFreq
 *fill*         0x0000000008001d42        0x2 
 .text.LL_RCC_GetUSARTClockFreq
                0x0000000008001d44      0x120 ./Drivers/STM32G0xx_HAL_Driver/Src/stm32g0xx_ll_rcc.o
                0x0000000008001d44                LL_RCC_GetUSARTClockFreq
 .text.RCC_GetSystemClockFreq
                0x0000000008001e64       0x5c ./Drivers/STM32G0xx_HAL_Driver/Src/stm32g0xx_ll_rcc.o
 .text.RCC_GetHCLKClockFreq
                0x0000000008001ec0       0x30 ./Drivers/STM32G0xx_HAL_Driver/Src/stm32g0xx_ll_rcc.o
 .text.RCC_GetPCLK1ClockFreq
                0x0000000008001ef0       0x2c ./Drivers/STM32G0xx_HAL_Driver/Src/stm32g0xx_ll_rcc.o
 .text.RCC_PLL_GetFreqDomain_SYS
                0x0000000008001f1c       0x74 ./Drivers/STM32G0xx_HAL_Driver/Src/stm32g0xx_ll_rcc.o
 .text.LL_USART_IsEnabled
                0x0000000008001f90       0x22 ./Drivers/STM32G0xx_HAL_Driver/Src/stm32g0xx_ll_usart.o
 .text.LL_USART_SetPrescaler
                0x0000000008001fb2       0x24 ./Drivers/STM32G0xx_HAL_Driver/Src/stm32g0xx_ll_usart.o
 *fill*         0x0000000008001fd6        0x2 
 .text.LL_USART_SetStopBitsLength
                0x0000000008001fd8       0x28 ./Drivers/STM32G0xx_HAL_Driver/Src/stm32g0xx_ll_usart.o
 .text.LL_USART_SetHWFlowCtrl
                0x0000000008002000       0x28 ./Drivers/STM32G0xx_HAL_Driver/Src/stm32g0xx_ll_usart.o
 .text.LL_USART_SetBaudRate
                0x0000000008002028       0xb4 ./Drivers/STM32G0xx_HAL_Driver/Src/stm32g0xx_ll_usart.o
 .text.LL_USART_Init
                0x00000000080020dc      0x11c ./Drivers/STM32G0xx_HAL_Driver/Src/stm32g0xx_ll_usart.o
                0x00000000080020dc                LL_USART_Init
 .text.LL_InitTick
                0x00000000080021f8       0x34 ./Drivers/STM32G0xx_HAL_Driver/Src/stm32g0xx_ll_utils.o
 .text.LL_Init1msTick
                0x000000000800222c       0x1e ./Drivers/STM32G0xx_HAL_Driver/Src/stm32g0xx_ll_utils.o
                0x000000000800222c                LL_Init1msTick
 *fill*         0x000000000800224a        0x2 
 .text.LL_SetSystemCoreClock
                0x000000000800224c       0x1c ./Drivers/STM32G0xx_HAL_Driver/Src/stm32g0xx_ll_utils.o
                0x000000000800224c                LL_SetSystemCoreClock
 .text.Adc_ConverterValue_Init
                0x0000000008002268       0x14 ./Source/Src/ADC_ConverterValue.o
                0x0000000008002268                Adc_ConverterValue_Init
 .text.AdcCalculateVOLTAGE
                0x000000000800227c       0x38 ./Source/Src/ADC_ConverterValue.o
                0x000000000800227c                AdcCalculateVOLTAGE
 .text.AdcConverterValue_MainFunction
                0x00000000080022b4        0xe ./Source/Src/ADC_ConverterValue.o
                0x00000000080022b4                AdcConverterValue_MainFunction
 *fill*         0x00000000080022c2        0x2 
 .text.LL_ADC_Enable
                0x00000000080022c4       0x24 ./Source/Src/AdcDrv.o
 .text.LL_ADC_StartCalibration
                0x00000000080022e8       0x28 ./Source/Src/AdcDrv.o
 .text.LL_ADC_IsCalibrationOnGoing
                0x0000000008002310       0x26 ./Source/Src/AdcDrv.o
 *fill*         0x0000000008002336        0x2 
 .text.LL_ADC_REG_StartConversion
                0x0000000008002338       0x24 ./Source/Src/AdcDrv.o
 .text.LL_ADC_REG_ReadConversionData12
                0x000000000800235c       0x16 ./Source/Src/AdcDrv.o
 .text.LL_ADC_IsActiveFlag_EOC
                0x0000000008002372       0x22 ./Source/Src/AdcDrv.o
 .text.AdcDrv_Init
                0x0000000008002394       0x2c ./Source/Src/AdcDrv.o
                0x0000000008002394                AdcDrv_Init
 .text.AdcDrv_MainFunction
                0x00000000080023c0       0xa8 ./Source/Src/AdcDrv.o
                0x00000000080023c0                AdcDrv_MainFunction
 .text.AdcSetConverter_Value
                0x0000000008002468       0x14 ./Source/Src/AdcDrv.o
                0x0000000008002468                AdcSetConverter_Value
 .text.LL_GPIO_IsInputPinSet
                0x000000000800247c       0x26 ./Source/Src/ButtonDrv.o
 *fill*         0x00000000080024a2        0x2 
 .text.ButtonDrv_Init
                0x00000000080024a4       0x30 ./Source/Src/ButtonDrv.o
                0x00000000080024a4                ButtonDrv_Init
 .text.f_GetReturnValuePeriod
                0x00000000080024d4       0x14 ./Source/Src/ButtonDrv.o
                0x00000000080024d4                f_GetReturnValuePeriod
 .text.SetPeriod
                0x00000000080024e8       0x64 ./Source/Src/ButtonDrv.o
                0x00000000080024e8                SetPeriod
 .text.ButtonDrv_MainFunction
                0x000000000800254c       0x34 ./Source/Src/ButtonDrv.o
                0x000000000800254c                ButtonDrv_MainFunction
 .text.Thermistor_InitFunction
                0x0000000008002580       0x20 ./Source/Src/CDD_Thermistor_CalcValue.o
                0x0000000008002580                Thermistor_InitFunction
 .text.Thermistor_CalculateResistance
                0x00000000080025a0       0x78 ./Source/Src/CDD_Thermistor_CalcValue.o
                0x00000000080025a0                Thermistor_CalculateResistance
 .text.Thermistor_CalculateGradeCelsius
                0x0000000008002618       0x88 ./Source/Src/CDD_Thermistor_CalcValue.o
                0x0000000008002618                Thermistor_CalculateGradeCelsius
 .text.Thermistor_MainFunction
                0x00000000080026a0       0x12 ./Source/Src/CDD_Thermistor_CalcValue.o
                0x00000000080026a0                Thermistor_MainFunction
 .text.f_isFullFIFOBuffer
                0x00000000080026b2       0x1e ./Source/Src/CircularBuffer.o
                0x00000000080026b2                f_isFullFIFOBuffer
 .text.f_isEmptyFIFOBuffer
                0x00000000080026d0       0x1e ./Source/Src/CircularBuffer.o
                0x00000000080026d0                f_isEmptyFIFOBuffer
 .text.f_addElemFIFOBuffer
                0x00000000080026ee       0x6a ./Source/Src/CircularBuffer.o
                0x00000000080026ee                f_addElemFIFOBuffer
 .text.f_getElemFIFOBuffer
                0x0000000008002758       0x66 ./Source/Src/CircularBuffer.o
                0x0000000008002758                f_getElemFIFOBuffer
 *fill*         0x00000000080027be        0x2 
 .text.__NVIC_SetPriority
                0x00000000080027c0       0xdc ./Source/Src/EcuM.o
 .text.SysTick_Config
                0x000000000800289c       0x48 ./Source/Src/EcuM.o
 .text.EcuM_SysTickCallBack
                0x00000000080028e4       0x18 ./Source/Src/EcuM.o
                0x00000000080028e4                EcuM_SysTickCallBack
 .text.EcuM_Init
                0x00000000080028fc       0x30 ./Source/Src/EcuM.o
                0x00000000080028fc                EcuM_Init
 .text.EcuM_MainFunction
                0x000000000800292c       0x70 ./Source/Src/EcuM.o
                0x000000000800292c                EcuM_MainFunction
 .text.f_Ecum_InitBaseTask
                0x000000000800299c       0x8c ./Source/Src/Ecum_Callouts.o
                0x000000000800299c                f_Ecum_InitBaseTask
 .text.f_Ecum_BaseRecurenceTask
                0x0000000008002a28       0x12 ./Source/Src/Ecum_Callouts.o
                0x0000000008002a28                f_Ecum_BaseRecurenceTask
 .text.f_Ecum_BaseRecurenceTaskDiv2
                0x0000000008002a3a        0xe ./Source/Src/Ecum_Callouts.o
                0x0000000008002a3a                f_Ecum_BaseRecurenceTaskDiv2
 .text.f_Ecum_BaseRecurenceTaskDiv4
                0x0000000008002a48       0x38 ./Source/Src/Ecum_Callouts.o
                0x0000000008002a48                f_Ecum_BaseRecurenceTaskDiv4
 .text.f_Ecum_BaseRecurenceTaskDiv8
                0x0000000008002a80        0xa ./Source/Src/Ecum_Callouts.o
                0x0000000008002a80                f_Ecum_BaseRecurenceTaskDiv8
 .text.f_Ecum_BaseRecurenceTaskDiv16
                0x0000000008002a8a        0xe ./Source/Src/Ecum_Callouts.o
                0x0000000008002a8a                f_Ecum_BaseRecurenceTaskDiv16
 .text.f_Ecum_BaseRecurenceTaskDiv32
                0x0000000008002a98        0xa ./Source/Src/Ecum_Callouts.o
                0x0000000008002a98                f_Ecum_BaseRecurenceTaskDiv32
 .text.LL_GPIO_TogglePin
                0x0000000008002aa2       0x2e ./Source/Src/LedDrv.o
 .text.LedDrv_Init
                0x0000000008002ad0       0x38 ./Source/Src/LedDrv.o
                0x0000000008002ad0                LedDrv_Init
 .text.f_SetValuePeriod
                0x0000000008002b08       0x1e ./Source/Src/LedDrv.o
                0x0000000008002b08                f_SetValuePeriod
 .text.LedDrv_MainFunction
                0x0000000008002b26       0x3a ./Source/Src/LedDrv.o
                0x0000000008002b26                LedDrv_MainFunction
 .text.LL_GPIO_SetOutputPin
                0x0000000008002b60       0x18 ./Source/Src/MotorDrvStepper.o
 .text.LL_GPIO_ResetOutputPin
                0x0000000008002b78       0x18 ./Source/Src/MotorDrvStepper.o
 .text.f_MotorSteperDrv_Init
                0x0000000008002b90       0x60 ./Source/Src/MotorDrvStepper.o
                0x0000000008002b90                f_MotorSteperDrv_Init
 .text.f_MotorSteperDrv_StepSetting
                0x0000000008002bf0      0x2f4 ./Source/Src/MotorDrvStepper.o
                0x0000000008002bf0                f_MotorSteperDrv_StepSetting
 .text.f_MotorSteperDrv_SetStep
                0x0000000008002ee4       0x1c ./Source/Src/MotorDrvStepper.o
                0x0000000008002ee4                f_MotorSteperDrv_SetStep
 .text.f_MotorSteperDrv_MainFunction
                0x0000000008002f00       0x8c ./Source/Src/MotorDrvStepper.o
                0x0000000008002f00                f_MotorSteperDrv_MainFunction
 .text.Motor_ConvDegreeTeStep_Init
                0x0000000008002f8c       0x14 ./Source/Src/Motor_ConverterDegreeToStep.o
                0x0000000008002f8c                Motor_ConvDegreeTeStep_Init
 .text.Motor_ConvDegreeToStep_GETValueFromUSART
                0x0000000008002fa0       0x1c ./Source/Src/Motor_ConverterDegreeToStep.o
                0x0000000008002fa0                Motor_ConvDegreeToStep_GETValueFromUSART
 .text.Motor_ConvDegreeTeStep_SETValueStep
                0x0000000008002fbc       0x3c ./Source/Src/Motor_ConverterDegreeToStep.o
                0x0000000008002fbc                Motor_ConvDegreeTeStep_SETValueStep
 .text.Motor_ConvDegreeTeStep_MainFunction
                0x0000000008002ff8       0x1c ./Source/Src/Motor_ConverterDegreeToStep.o
                0x0000000008002ff8                Motor_ConvDegreeTeStep_MainFunction
 .text.TheApp_Init
                0x0000000008003014       0x1c ./Source/Src/TheAPP.o
                0x0000000008003014                TheApp_Init
 .text.TheAPP_MainFunction
                0x0000000008003030       0x58 ./Source/Src/TheAPP.o
                0x0000000008003030                TheAPP_MainFunction
 .text.TheAPP_GetClickButton
                0x0000000008003088       0x48 ./Source/Src/TheAPP.o
                0x0000000008003088                TheAPP_GetClickButton
 .text.TheAPP_CallBack
                0x00000000080030d0       0x3c ./Source/Src/TheAPP.o
                0x00000000080030d0                TheAPP_CallBack
 .text.TheAPP_CallBack_Motor
                0x000000000800310c       0x38 ./Source/Src/TheAPP.o
                0x000000000800310c                TheAPP_CallBack_Motor
 .text.LL_USART_IsActiveFlag_PE
                0x0000000008003144       0x22 ./Source/Src/USARTDrv.o
 .text.LL_USART_IsActiveFlag_FE
                0x0000000008003166       0x22 ./Source/Src/USARTDrv.o
 .text.LL_USART_IsActiveFlag_NE
                0x0000000008003188       0x22 ./Source/Src/USARTDrv.o
 .text.LL_USART_IsActiveFlag_ORE
                0x00000000080031aa       0x22 ./Source/Src/USARTDrv.o
 .text.LL_USART_IsActiveFlag_RXNE_RXFNE
                0x00000000080031cc       0x22 ./Source/Src/USARTDrv.o
 .text.LL_USART_IsActiveFlag_TC
                0x00000000080031ee       0x22 ./Source/Src/USARTDrv.o
 .text.LL_USART_IsActiveFlag_TXE_TXFNF
                0x0000000008003210       0x22 ./Source/Src/USARTDrv.o
 .text.LL_USART_ClearFlag_PE
                0x0000000008003232       0x16 ./Source/Src/USARTDrv.o
 .text.LL_USART_ClearFlag_FE
                0x0000000008003248       0x16 ./Source/Src/USARTDrv.o
 .text.LL_USART_ClearFlag_NE
                0x000000000800325e       0x16 ./Source/Src/USARTDrv.o
 .text.LL_USART_ClearFlag_ORE
                0x0000000008003274       0x16 ./Source/Src/USARTDrv.o
 .text.LL_USART_ClearFlag_TC
                0x000000000800328a       0x16 ./Source/Src/USARTDrv.o
 .text.LL_USART_EnableIT_RXNE_RXFNE
                0x00000000080032a0       0x3e ./Source/Src/USARTDrv.o
 .text.LL_USART_EnableIT_TC
                0x00000000080032de       0x3e ./Source/Src/USARTDrv.o
 .text.LL_USART_EnableIT_TXE_TXFNF
                0x000000000800331c       0x3e ./Source/Src/USARTDrv.o
 .text.LL_USART_DisableIT_TC
                0x000000000800335a       0x40 ./Source/Src/USARTDrv.o
 .text.LL_USART_DisableIT_TXE_TXFNF
                0x000000000800339a       0x40 ./Source/Src/USARTDrv.o
 .text.LL_USART_IsEnabledIT_RXNE_RXFNE
                0x00000000080033da       0x22 ./Source/Src/USARTDrv.o
 .text.LL_USART_IsEnabledIT_TC
                0x00000000080033fc       0x22 ./Source/Src/USARTDrv.o
 .text.LL_USART_IsEnabledIT_TXE_TXFNF
                0x000000000800341e       0x22 ./Source/Src/USARTDrv.o
 .text.LL_USART_IsEnabledIT_PE
                0x0000000008003440       0x28 ./Source/Src/USARTDrv.o
 .text.LL_USART_IsEnabledIT_ERROR
                0x0000000008003468       0x22 ./Source/Src/USARTDrv.o
 .text.LL_USART_ReceiveData8
                0x000000000800348a       0x16 ./Source/Src/USARTDrv.o
 .text.LL_USART_TransmitData8
                0x00000000080034a0       0x1e ./Source/Src/USARTDrv.o
 *fill*         0x00000000080034be        0x2 
 .text.USARTDrv_Init
                0x00000000080034c0       0x40 ./Source/Src/USARTDrv.o
                0x00000000080034c0                USARTDrv_Init
 .text.USARTDrv_MainFunction
                0x0000000008003500       0x60 ./Source/Src/USARTDrv.o
                0x0000000008003500                USARTDrv_MainFunction
 .text.USART_SendBuffer
                0x0000000008003560       0x84 ./Source/Src/USARTDrv.o
                0x0000000008003560                USART_SendBuffer
 .text.USART_SysCallBack
                0x00000000080035e4       0xf8 ./Source/Src/USARTDrv.o
                0x00000000080035e4                USART_SysCallBack
 .text.USART_RxHandlerIsr
                0x00000000080036dc       0x28 ./Source/Src/USARTDrv.o
                0x00000000080036dc                USART_RxHandlerIsr
 .text.USART_TxHandlerIsr
                0x0000000008003704       0x7c ./Source/Src/USARTDrv.o
                0x0000000008003704                USART_TxHandlerIsr
 .text.f_USART_GetCharData
                0x0000000008003780       0x4c ./Source/Src/USARTDrv.o
                0x0000000008003780                f_USART_GetCharData
 .text.f_USARTCommProt_Init
                0x00000000080037cc       0x14 ./Source/Src/USART_CommunicationProtocol.o
                0x00000000080037cc                f_USARTCommProt_Init
 .text.f_USARTCommProt_Main
                0x00000000080037e0      0x19c ./Source/Src/USART_CommunicationProtocol.o
                0x00000000080037e0                f_USARTCommProt_Main
 .text.f_USARTCommProt_IsCRCByte
                0x000000000800397c       0x64 ./Source/Src/USART_CommunicationProtocol.o
                0x000000000800397c                f_USARTCommProt_IsCRCByte
 .text.f_USARTCommProt_IsProcessData
                0x00000000080039e0       0x9c ./Source/Src/USART_CommunicationProtocol.o
                0x00000000080039e0                f_USARTCommProt_IsProcessData
 .text.f_USARTCommProt_IsDatPacketTightening
                0x0000000008003a7c       0x48 ./Source/Src/USART_CommunicationProtocol.o
                0x0000000008003a7c                f_USARTCommProt_IsDatPacketTightening
 .text.__errno  0x0000000008003ac4        0xc d:/stm32/stm32cubeide/stm32cubeide_1.12.1/stm32cubeide/plugins/com.st.stm32cube.ide.mcu.externaltools.gnu-tools-for-stm32.10.3-2021.10.win32_1.0.200.202301161003/tools/bin/../lib/gcc/arm-none-eabi/10.3.1/../../../../arm-none-eabi/lib/thumb/v6-m/nofp\libc_nano.a(lib_a-errno.o)
                0x0000000008003ac4                __errno
 .text.__libc_init_array
                0x0000000008003ad0       0x48 d:/stm32/stm32cubeide/stm32cubeide_1.12.1/stm32cubeide/plugins/com.st.stm32cube.ide.mcu.externaltools.gnu-tools-for-stm32.10.3-2021.10.win32_1.0.200.202301161003/tools/bin/../lib/gcc/arm-none-eabi/10.3.1/../../../../arm-none-eabi/lib/thumb/v6-m/nofp\libc_nano.a(lib_a-init.o)
                0x0000000008003ad0                __libc_init_array
 .text.memset   0x0000000008003b18       0x10 d:/stm32/stm32cubeide/stm32cubeide_1.12.1/stm32cubeide/plugins/com.st.stm32cube.ide.mcu.externaltools.gnu-tools-for-stm32.10.3-2021.10.win32_1.0.200.202301161003/tools/bin/../lib/gcc/arm-none-eabi/10.3.1/../../../../arm-none-eabi/lib/thumb/v6-m/nofp\libc_nano.a(lib_a-memset.o)
                0x0000000008003b18                memset
 .text.sprintf  0x0000000008003b28       0x40 d:/stm32/stm32cubeide/stm32cubeide_1.12.1/stm32cubeide/plugins/com.st.stm32cube.ide.mcu.externaltools.gnu-tools-for-stm32.10.3-2021.10.win32_1.0.200.202301161003/tools/bin/../lib/gcc/arm-none-eabi/10.3.1/../../../../arm-none-eabi/lib/thumb/v6-m/nofp\libc_nano.a(lib_a-sprintf.o)
                0x0000000008003b28                siprintf
                0x0000000008003b28                sprintf
 .text.__ssputs_r
                0x0000000008003b68       0xc4 d:/stm32/stm32cubeide/stm32cubeide_1.12.1/stm32cubeide/plugins/com.st.stm32cube.ide.mcu.externaltools.gnu-tools-for-stm32.10.3-2021.10.win32_1.0.200.202301161003/tools/bin/../lib/gcc/arm-none-eabi/10.3.1/../../../../arm-none-eabi/lib/thumb/v6-m/nofp\libc_nano.a(lib_a-nano-svfprintf.o)
                0x0000000008003b68                __ssputs_r
 .text._svfprintf_r
                0x0000000008003c2c      0x200 d:/stm32/stm32cubeide/stm32cubeide_1.12.1/stm32cubeide/plugins/com.st.stm32cube.ide.mcu.externaltools.gnu-tools-for-stm32.10.3-2021.10.win32_1.0.200.202301161003/tools/bin/../lib/gcc/arm-none-eabi/10.3.1/../../../../arm-none-eabi/lib/thumb/v6-m/nofp\libc_nano.a(lib_a-nano-svfprintf.o)
                0x0000000008003c2c                _svfiprintf_r
                0x0000000008003c2c                _svfprintf_r
 .text._printf_common
                0x0000000008003e2c       0xde d:/stm32/stm32cubeide/stm32cubeide_1.12.1/stm32cubeide/plugins/com.st.stm32cube.ide.mcu.externaltools.gnu-tools-for-stm32.10.3-2021.10.win32_1.0.200.202301161003/tools/bin/../lib/gcc/arm-none-eabi/10.3.1/../../../../arm-none-eabi/lib/thumb/v6-m/nofp\libc_nano.a(lib_a-nano-vfprintf_i.o)
                0x0000000008003e2c                _printf_common
 *fill*         0x0000000008003f0a        0x2 
 .text._printf_i
                0x0000000008003f0c      0x224 d:/stm32/stm32cubeide/stm32cubeide_1.12.1/stm32cubeide/plugins/com.st.stm32cube.ide.mcu.externaltools.gnu-tools-for-stm32.10.3-2021.10.win32_1.0.200.202301161003/tools/bin/../lib/gcc/arm-none-eabi/10.3.1/../../../../arm-none-eabi/lib/thumb/v6-m/nofp\libc_nano.a(lib_a-nano-vfprintf_i.o)
                0x0000000008003f0c                _printf_i
 .text.memchr   0x0000000008004130       0x16 d:/stm32/stm32cubeide/stm32cubeide_1.12.1/stm32cubeide/plugins/com.st.stm32cube.ide.mcu.externaltools.gnu-tools-for-stm32.10.3-2021.10.win32_1.0.200.202301161003/tools/bin/../lib/gcc/arm-none-eabi/10.3.1/../../../../arm-none-eabi/lib/thumb/v6-m/nofp\libc_nano.a(lib_a-memchr-stub.o)
                0x0000000008004130                memchr
 .text.memcpy   0x0000000008004146       0x12 d:/stm32/stm32cubeide/stm32cubeide_1.12.1/stm32cubeide/plugins/com.st.stm32cube.ide.mcu.externaltools.gnu-tools-for-stm32.10.3-2021.10.win32_1.0.200.202301161003/tools/bin/../lib/gcc/arm-none-eabi/10.3.1/../../../../arm-none-eabi/lib/thumb/v6-m/nofp\libc_nano.a(lib_a-memcpy-stub.o)
                0x0000000008004146                memcpy
 .text.memmove  0x0000000008004158       0x26 d:/stm32/stm32cubeide/stm32cubeide_1.12.1/stm32cubeide/plugins/com.st.stm32cube.ide.mcu.externaltools.gnu-tools-for-stm32.10.3-2021.10.win32_1.0.200.202301161003/tools/bin/../lib/gcc/arm-none-eabi/10.3.1/../../../../arm-none-eabi/lib/thumb/v6-m/nofp\libc_nano.a(lib_a-memmove.o)
                0x0000000008004158                memmove
 *fill*         0x000000000800417e        0x2 
 .text._free_r  0x0000000008004180       0x94 d:/stm32/stm32cubeide/stm32cubeide_1.12.1/stm32cubeide/plugins/com.st.stm32cube.ide.mcu.externaltools.gnu-tools-for-stm32.10.3-2021.10.win32_1.0.200.202301161003/tools/bin/../lib/gcc/arm-none-eabi/10.3.1/../../../../arm-none-eabi/lib/thumb/v6-m/nofp\libc_nano.a(lib_a-nano-freer.o)
                0x0000000008004180                _free_r
 .text.sbrk_aligned
                0x0000000008004214       0x44 d:/stm32/stm32cubeide/stm32cubeide_1.12.1/stm32cubeide/plugins/com.st.stm32cube.ide.mcu.externaltools.gnu-tools-for-stm32.10.3-2021.10.win32_1.0.200.202301161003/tools/bin/../lib/gcc/arm-none-eabi/10.3.1/../../../../arm-none-eabi/lib/thumb/v6-m/nofp\libc_nano.a(lib_a-nano-mallocr.o)
 .text._malloc_r
                0x0000000008004258       0xec d:/stm32/stm32cubeide/stm32cubeide_1.12.1/stm32cubeide/plugins/com.st.stm32cube.ide.mcu.externaltools.gnu-tools-for-stm32.10.3-2021.10.win32_1.0.200.202301161003/tools/bin/../lib/gcc/arm-none-eabi/10.3.1/../../../../arm-none-eabi/lib/thumb/v6-m/nofp\libc_nano.a(lib_a-nano-mallocr.o)
                0x0000000008004258                _malloc_r
 .text._realloc_r
                0x0000000008004344       0x5e d:/stm32/stm32cubeide/stm32cubeide_1.12.1/stm32cubeide/plugins/com.st.stm32cube.ide.mcu.externaltools.gnu-tools-for-stm32.10.3-2021.10.win32_1.0.200.202301161003/tools/bin/../lib/gcc/arm-none-eabi/10.3.1/../../../../arm-none-eabi/lib/thumb/v6-m/nofp\libc_nano.a(lib_a-nano-reallocr.o)
                0x0000000008004344                _realloc_r
 *fill*         0x00000000080043a2        0x2 
 .text._sbrk_r  0x00000000080043a4       0x24 d:/stm32/stm32cubeide/stm32cubeide_1.12.1/stm32cubeide/plugins/com.st.stm32cube.ide.mcu.externaltools.gnu-tools-for-stm32.10.3-2021.10.win32_1.0.200.202301161003/tools/bin/../lib/gcc/arm-none-eabi/10.3.1/../../../../arm-none-eabi/lib/thumb/v6-m/nofp\libc_nano.a(lib_a-sbrkr.o)
                0x00000000080043a4                _sbrk_r
 .text.__malloc_lock
                0x00000000080043c8       0x10 d:/stm32/stm32cubeide/stm32cubeide_1.12.1/stm32cubeide/plugins/com.st.stm32cube.ide.mcu.externaltools.gnu-tools-for-stm32.10.3-2021.10.win32_1.0.200.202301161003/tools/bin/../lib/gcc/arm-none-eabi/10.3.1/../../../../arm-none-eabi/lib/thumb/v6-m/nofp\libc_nano.a(lib_a-mlock.o)
                0x00000000080043c8                __malloc_lock
 .text.__malloc_unlock
                0x00000000080043d8       0x10 d:/stm32/stm32cubeide/stm32cubeide_1.12.1/stm32cubeide/plugins/com.st.stm32cube.ide.mcu.externaltools.gnu-tools-for-stm32.10.3-2021.10.win32_1.0.200.202301161003/tools/bin/../lib/gcc/arm-none-eabi/10.3.1/../../../../arm-none-eabi/lib/thumb/v6-m/nofp\libc_nano.a(lib_a-mlock.o)
                0x00000000080043d8                __malloc_unlock
 .text._malloc_usable_size_r
                0x00000000080043e8       0x10 d:/stm32/stm32cubeide/stm32cubeide_1.12.1/stm32cubeide/plugins/com.st.stm32cube.ide.mcu.externaltools.gnu-tools-for-stm32.10.3-2021.10.win32_1.0.200.202301161003/tools/bin/../lib/gcc/arm-none-eabi/10.3.1/../../../../arm-none-eabi/lib/thumb/v6-m/nofp\libc_nano.a(lib_a-nano-msizer.o)
                0x00000000080043e8                _malloc_usable_size_r
 .text.__retarget_lock_acquire_recursive
                0x00000000080043f8        0x2 d:/stm32/stm32cubeide/stm32cubeide_1.12.1/stm32cubeide/plugins/com.st.stm32cube.ide.mcu.externaltools.gnu-tools-for-stm32.10.3-2021.10.win32_1.0.200.202301161003/tools/bin/../lib/gcc/arm-none-eabi/10.3.1/../../../../arm-none-eabi/lib/thumb/v6-m/nofp\libc_nano.a(lib_a-lock.o)
                0x00000000080043f8                __retarget_lock_acquire_recursive
 .text.__retarget_lock_release_recursive
                0x00000000080043fa        0x2 d:/stm32/stm32cubeide/stm32cubeide_1.12.1/stm32cubeide/plugins/com.st.stm32cube.ide.mcu.externaltools.gnu-tools-for-stm32.10.3-2021.10.win32_1.0.200.202301161003/tools/bin/../lib/gcc/arm-none-eabi/10.3.1/../../../../arm-none-eabi/lib/thumb/v6-m/nofp\libc_nano.a(lib_a-lock.o)
                0x00000000080043fa                __retarget_lock_release_recursive
 *(.glue_7)
 .glue_7        0x00000000080043fc        0x0 linker stubs
 *(.glue_7t)
 .glue_7t       0x00000000080043fc        0x0 linker stubs
 *(.eh_frame)
 .eh_frame      0x00000000080043fc        0x0 d:/stm32/stm32cubeide/stm32cubeide_1.12.1/stm32cubeide/plugins/com.st.stm32cube.ide.mcu.externaltools.gnu-tools-for-stm32.10.3-2021.10.win32_1.0.200.202301161003/tools/bin/../lib/gcc/arm-none-eabi/10.3.1/thumb/v6-m/nofp/crtbegin.o
 *(.init)
 .init          0x00000000080043fc        0x4 d:/stm32/stm32cubeide/stm32cubeide_1.12.1/stm32cubeide/plugins/com.st.stm32cube.ide.mcu.externaltools.gnu-tools-for-stm32.10.3-2021.10.win32_1.0.200.202301161003/tools/bin/../lib/gcc/arm-none-eabi/10.3.1/thumb/v6-m/nofp/crti.o
                0x00000000080043fc                _init
 .init          0x0000000008004400        0x8 d:/stm32/stm32cubeide/stm32cubeide_1.12.1/stm32cubeide/plugins/com.st.stm32cube.ide.mcu.externaltools.gnu-tools-for-stm32.10.3-2021.10.win32_1.0.200.202301161003/tools/bin/../lib/gcc/arm-none-eabi/10.3.1/thumb/v6-m/nofp/crtn.o
 *(.fini)
 .fini          0x0000000008004408        0x4 d:/stm32/stm32cubeide/stm32cubeide_1.12.1/stm32cubeide/plugins/com.st.stm32cube.ide.mcu.externaltools.gnu-tools-for-stm32.10.3-2021.10.win32_1.0.200.202301161003/tools/bin/../lib/gcc/arm-none-eabi/10.3.1/thumb/v6-m/nofp/crti.o
                0x0000000008004408                _fini
 .fini          0x000000000800440c        0x8 d:/stm32/stm32cubeide/stm32cubeide_1.12.1/stm32cubeide/plugins/com.st.stm32cube.ide.mcu.externaltools.gnu-tools-for-stm32.10.3-2021.10.win32_1.0.200.202301161003/tools/bin/../lib/gcc/arm-none-eabi/10.3.1/thumb/v6-m/nofp/crtn.o
                0x0000000008004414                . = ALIGN (0x4)
                0x0000000008004414                _etext = .

.vfp11_veneer   0x0000000008004414        0x0
 .vfp11_veneer  0x0000000008004414        0x0 linker stubs

.v4_bx          0x0000000008004414        0x0
 .v4_bx         0x0000000008004414        0x0 linker stubs

.iplt           0x0000000008004414        0x0
 .iplt          0x0000000008004414        0x0 d:/stm32/stm32cubeide/stm32cubeide_1.12.1/stm32cubeide/plugins/com.st.stm32cube.ide.mcu.externaltools.gnu-tools-for-stm32.10.3-2021.10.win32_1.0.200.202301161003/tools/bin/../lib/gcc/arm-none-eabi/10.3.1/thumb/v6-m/nofp/crtbegin.o

.rodata         0x0000000008004414      0x124
                0x0000000008004414                . = ALIGN (0x4)
 *(.rodata)
 .rodata        0x0000000008004414        0xc ./Source/Src/USARTDrv.o
 .rodata        0x0000000008004420       0x40 d:/stm32/stm32cubeide/stm32cubeide_1.12.1/stm32cubeide/plugins/com.st.stm32cube.ide.mcu.externaltools.gnu-tools-for-stm32.10.3-2021.10.win32_1.0.200.202301161003/tools/bin/../lib/gcc/arm-none-eabi/10.3.1/thumb/v6-m/nofp\libgcc.a(mulsf3.o)
 *(.rodata*)
 .rodata.AHBPrescTable
                0x0000000008004460       0x40 ./Core/Src/system_stm32g0xx.o
                0x0000000008004460                AHBPrescTable
 .rodata.APBPrescTable
                0x00000000080044a0       0x20 ./Core/Src/system_stm32g0xx.o
                0x00000000080044a0                APBPrescTable
 .rodata.USART_PRESCALER_TAB
                0x00000000080044c0       0x30 ./Drivers/STM32G0xx_HAL_Driver/Src/stm32g0xx_ll_usart.o
 .rodata.f_USARTCommProt_Main
                0x00000000080044f0       0x14 ./Source/Src/USART_CommunicationProtocol.o
 .rodata._svfprintf_r.str1.1
                0x0000000008004504       0x11 d:/stm32/stm32cubeide/stm32cubeide_1.12.1/stm32cubeide/plugins/com.st.stm32cube.ide.mcu.externaltools.gnu-tools-for-stm32.10.3-2021.10.win32_1.0.200.202301161003/tools/bin/../lib/gcc/arm-none-eabi/10.3.1/../../../../arm-none-eabi/lib/thumb/v6-m/nofp\libc_nano.a(lib_a-nano-svfprintf.o)
 .rodata._printf_i.str1.1
                0x0000000008004515       0x22 d:/stm32/stm32cubeide/stm32cubeide_1.12.1/stm32cubeide/plugins/com.st.stm32cube.ide.mcu.externaltools.gnu-tools-for-stm32.10.3-2021.10.win32_1.0.200.202301161003/tools/bin/../lib/gcc/arm-none-eabi/10.3.1/../../../../arm-none-eabi/lib/thumb/v6-m/nofp\libc_nano.a(lib_a-nano-vfprintf_i.o)
                0x0000000008004538                . = ALIGN (0x4)
 *fill*         0x0000000008004537        0x1 

.rel.dyn        0x0000000008004538        0x0
 .rel.iplt      0x0000000008004538        0x0 d:/stm32/stm32cubeide/stm32cubeide_1.12.1/stm32cubeide/plugins/com.st.stm32cube.ide.mcu.externaltools.gnu-tools-for-stm32.10.3-2021.10.win32_1.0.200.202301161003/tools/bin/../lib/gcc/arm-none-eabi/10.3.1/thumb/v6-m/nofp/crtbegin.o

.ARM.extab      0x0000000008004538        0x0
                0x0000000008004538                . = ALIGN (0x4)
 *(.ARM.extab* .gnu.linkonce.armextab.*)
                0x0000000008004538                . = ALIGN (0x4)

.ARM            0x0000000008004538        0x0
                0x0000000008004538                . = ALIGN (0x4)
                0x0000000008004538                __exidx_start = .
 *(.ARM.exidx*)
                0x0000000008004538                __exidx_end = .
                0x0000000008004538                . = ALIGN (0x4)

.preinit_array  0x0000000008004538        0x0
                0x0000000008004538                . = ALIGN (0x4)
                0x0000000008004538                PROVIDE (__preinit_array_start = .)
 *(.preinit_array*)
                0x0000000008004538                PROVIDE (__preinit_array_end = .)
                0x0000000008004538                . = ALIGN (0x4)

.init_array     0x0000000008004538        0x4
                0x0000000008004538                . = ALIGN (0x4)
                0x0000000008004538                PROVIDE (__init_array_start = .)
 *(SORT_BY_NAME(.init_array.*))
 *(.init_array*)
 .init_array    0x0000000008004538        0x4 d:/stm32/stm32cubeide/stm32cubeide_1.12.1/stm32cubeide/plugins/com.st.stm32cube.ide.mcu.externaltools.gnu-tools-for-stm32.10.3-2021.10.win32_1.0.200.202301161003/tools/bin/../lib/gcc/arm-none-eabi/10.3.1/thumb/v6-m/nofp/crtbegin.o
                0x000000000800453c                PROVIDE (__init_array_end = .)
                0x000000000800453c                . = ALIGN (0x4)

.fini_array     0x000000000800453c        0x4
                0x000000000800453c                . = ALIGN (0x4)
                [!provide]                        PROVIDE (__fini_array_start = .)
 *(SORT_BY_NAME(.fini_array.*))
 *(.fini_array*)
 .fini_array    0x000000000800453c        0x4 d:/stm32/stm32cubeide/stm32cubeide_1.12.1/stm32cubeide/plugins/com.st.stm32cube.ide.mcu.externaltools.gnu-tools-for-stm32.10.3-2021.10.win32_1.0.200.202301161003/tools/bin/../lib/gcc/arm-none-eabi/10.3.1/thumb/v6-m/nofp/crtbegin.o
                [!provide]                        PROVIDE (__fini_array_end = .)
                0x0000000008004540                . = ALIGN (0x4)
                0x0000000008004540                _sidata = LOADADDR (.data)

.data           0x0000000020000000      0x74c load address 0x0000000008004540
                0x0000000020000000                . = ALIGN (0x4)
                0x0000000020000000                _sdata = .
 *(.data)
 *(.data*)
 .data.SystemCoreClock
                0x0000000020000000        0x4 ./Core/Src/system_stm32g0xx.o
                0x0000000020000000                SystemCoreClock
 .data.ru16_StateBtn
                0x0000000020000004        0x2 ./Source/Src/ButtonDrv.o
                0x0000000020000004                ru16_StateBtn
 *fill*         0x0000000020000006        0x2 
 .data.u16TabelsOfGrades
                0x0000000020000008      0x6e0 ./Source/Src/CDD_Thermistor_CalcValue.o
                0x0000000020000008                u16TabelsOfGrades
 .data._impure_ptr
                0x00000000200006e8        0x4 d:/stm32/stm32cubeide/stm32cubeide_1.12.1/stm32cubeide/plugins/com.st.stm32cube.ide.mcu.externaltools.gnu-tools-for-stm32.10.3-2021.10.win32_1.0.200.202301161003/tools/bin/../lib/gcc/arm-none-eabi/10.3.1/../../../../arm-none-eabi/lib/thumb/v6-m/nofp\libc_nano.a(lib_a-impure.o)
                0x00000000200006e8                _impure_ptr
 .data.impure_data
                0x00000000200006ec       0x60 d:/stm32/stm32cubeide/stm32cubeide_1.12.1/stm32cubeide/plugins/com.st.stm32cube.ide.mcu.externaltools.gnu-tools-for-stm32.10.3-2021.10.win32_1.0.200.202301161003/tools/bin/../lib/gcc/arm-none-eabi/10.3.1/../../../../arm-none-eabi/lib/thumb/v6-m/nofp\libc_nano.a(lib_a-impure.o)
 *(.RamFunc)
 *(.RamFunc*)
                0x000000002000074c                . = ALIGN (0x4)
                0x000000002000074c                _edata = .

.igot.plt       0x000000002000074c        0x0 load address 0x0000000008004c8c
 .igot.plt      0x000000002000074c        0x0 d:/stm32/stm32cubeide/stm32cubeide_1.12.1/stm32cubeide/plugins/com.st.stm32cube.ide.mcu.externaltools.gnu-tools-for-stm32.10.3-2021.10.win32_1.0.200.202301161003/tools/bin/../lib/gcc/arm-none-eabi/10.3.1/thumb/v6-m/nofp/crtbegin.o
                0x000000002000074c                . = ALIGN (0x4)

.bss            0x000000002000074c      0x188 load address 0x0000000008004c8c
                0x000000002000074c                _sbss = .
                0x000000002000074c                __bss_start__ = _sbss
 *(.bss)
 .bss           0x000000002000074c       0x1c d:/stm32/stm32cubeide/stm32cubeide_1.12.1/stm32cubeide/plugins/com.st.stm32cube.ide.mcu.externaltools.gnu-tools-for-stm32.10.3-2021.10.win32_1.0.200.202301161003/tools/bin/../lib/gcc/arm-none-eabi/10.3.1/thumb/v6-m/nofp/crtbegin.o
 *(.bss*)
 .bss.__sbrk_heap_end
                0x0000000020000768        0x4 ./Core/Src/sysmem.o
 .bss.u16VolageAdc
                0x000000002000076c        0x2 ./Source/Src/ADC_ConverterValue.o
                0x000000002000076c                u16VolageAdc
 *fill*         0x000000002000076e        0x2 
 .bss.u16ArrayElementsAdc
                0x0000000020000770       0x14 ./Source/Src/AdcDrv.o
                0x0000000020000770                u16ArrayElementsAdc
 .bss.u8Index   0x0000000020000784        0x1 ./Source/Src/AdcDrv.o
                0x0000000020000784                u8Index
 *fill*         0x0000000020000785        0x1 
 .bss.u16AdcGetData
                0x0000000020000786        0x2 ./Source/Src/AdcDrv.o
                0x0000000020000786                u16AdcGetData
 .bss.ru32_SysClickBtn
                0x0000000020000788        0x4 ./Source/Src/ButtonDrv.o
 .bss.ru32_TickBtn
                0x000000002000078c        0x4 ./Source/Src/ButtonDrv.o
 .bss.buttonConfig
                0x0000000020000790        0xc ./Source/Src/ButtonDrv.o
                0x0000000020000790                buttonConfig
 .bss.u32ResistanceOfSensor
                0x000000002000079c        0x4 ./Source/Src/CDD_Thermistor_CalcValue.o
                0x000000002000079c                u32ResistanceOfSensor
 .bss.u16VoltageOfSensor
                0x00000000200007a0        0x2 ./Source/Src/CDD_Thermistor_CalcValue.o
                0x00000000200007a0                u16VoltageOfSensor
 .bss.u16IndexForARRAY
                0x00000000200007a2        0x2 ./Source/Src/CDD_Thermistor_CalcValue.o
                0x00000000200007a2                u16IndexForARRAY
 .bss.u16TemperatureOnTheSensor
                0x00000000200007a4        0x2 ./Source/Src/CDD_Thermistor_CalcValue.o
                0x00000000200007a4                u16TemperatureOnTheSensor
 *fill*         0x00000000200007a6        0x2 
 .bss.ru32_SysTick
                0x00000000200007a8        0x4 ./Source/Src/EcuM.o
 .bss.ru32_OldSysTick
                0x00000000200007ac        0x4 ./Source/Src/EcuM.o
 .bss.ledConfig1
                0x00000000200007b0        0xc ./Source/Src/LedDrv.o
                0x00000000200007b0                ledConfig1
 .bss.ledConfig2
                0x00000000200007bc        0xc ./Source/Src/LedDrv.o
                0x00000000200007bc                ledConfig2
 .bss.u16StepNumber
                0x00000000200007c8        0x2 ./Source/Src/MotorDrvStepper.o
                0x00000000200007c8                u16StepNumber
 .bss.u16TimerTick
                0x00000000200007ca        0x2 ./Source/Src/MotorDrvStepper.o
                0x00000000200007ca                u16TimerTick
 .bss.u32ActualStep
                0x00000000200007cc        0x4 ./Source/Src/MotorDrvStepper.o
                0x00000000200007cc                u32ActualStep
 .bss.u32RequestedStep
                0x00000000200007d0        0x4 ./Source/Src/MotorDrvStepper.o
                0x00000000200007d0                u32RequestedStep
 .bss.MotorConfigPin1
                0x00000000200007d4        0x8 ./Source/Src/MotorDrvStepper.o
                0x00000000200007d4                MotorConfigPin1
 .bss.MotorConfigPin2
                0x00000000200007dc        0x8 ./Source/Src/MotorDrvStepper.o
                0x00000000200007dc                MotorConfigPin2
 .bss.MotorConfigPin3
                0x00000000200007e4        0x8 ./Source/Src/MotorDrvStepper.o
                0x00000000200007e4                MotorConfigPin3
 .bss.MotorConfigPin4
                0x00000000200007ec        0x8 ./Source/Src/MotorDrvStepper.o
                0x00000000200007ec                MotorConfigPin4
 .bss.fValueDegree
                0x00000000200007f4        0x4 ./Source/Src/Motor_ConverterDegreeToStep.o
                0x00000000200007f4                fValueDegree
 .bss.ResultValueToStep
                0x00000000200007f8        0x4 ./Source/Src/Motor_ConverterDegreeToStep.o
                0x00000000200007f8                ResultValueToStep
 .bss.u16SysClickBtn
                0x00000000200007fc        0x4 ./Source/Src/TheAPP.o
                0x00000000200007fc                u16SysClickBtn
 .bss.u16PreviousValueBlinkBtn
                0x0000000020000800        0x2 ./Source/Src/TheAPP.o
                0x0000000020000800                u16PreviousValueBlinkBtn
 .bss.u16FlagCallBack
                0x0000000020000802        0x1 ./Source/Src/TheAPP.o
                0x0000000020000802                u16FlagCallBack
 *fill*         0x0000000020000803        0x1 
 .bss.u16ValueUSART
                0x0000000020000804        0x2 ./Source/Src/TheAPP.o
                0x0000000020000804                u16ValueUSART
 *fill*         0x0000000020000806        0x2 
 .bss.fValueUSARTForMotor
                0x0000000020000808        0x4 ./Source/Src/TheAPP.o
                0x0000000020000808                fValueUSARTForMotor
 .bss.u8CMD_DataUSART
                0x000000002000080c        0x1 ./Source/Src/TheAPP.o
                0x000000002000080c                u8CMD_DataUSART
 *fill*         0x000000002000080d        0x3 
 .bss.byteBitField
                0x0000000020000810        0x2 ./Source/Src/TheAPP.o
                0x0000000020000810                byteBitField
 *fill*         0x0000000020000812        0x2 
 .bss.BufferTx  0x0000000020000814        0xf ./Source/Src/USARTDrv.o
                0x0000000020000814                BufferTx
 *fill*         0x0000000020000823        0x1 
 .bss.u16USART_Timer
                0x0000000020000824        0x2 ./Source/Src/USARTDrv.o
                0x0000000020000824                u16USART_Timer
 *fill*         0x0000000020000826        0x2 
 .bss.counter   0x0000000020000828        0x4 ./Source/Src/USARTDrv.o
                0x0000000020000828                counter
 .bss.Tx_CircularFIFOBuffer
                0x000000002000082c       0x38 ./Source/Src/USARTDrv.o
                0x000000002000082c                Tx_CircularFIFOBuffer
 .bss.u16Temp   0x0000000020000864        0x2 ./Source/Src/USARTDrv.o
                0x0000000020000864                u16Temp
 *fill*         0x0000000020000866        0x2 
 .bss.Rx_CircularFIFOBuffer
                0x0000000020000868       0x38 ./Source/Src/USARTDrv.o
                0x0000000020000868                Rx_CircularFIFOBuffer
 .bss.ActualState
                0x00000000200008a0        0x1 ./Source/Src/USART_CommunicationProtocol.o
                0x00000000200008a0                ActualState
 *fill*         0x00000000200008a1        0x3 
 .bss.TU_CommPacketData
                0x00000000200008a4        0xa ./Source/Src/USART_CommunicationProtocol.o
                0x00000000200008a4                TU_CommPacketData
 *fill*         0x00000000200008ae        0x2 
 .bss.u8PacketReceived
                0x00000000200008b0        0x5 ./Source/Src/USART_CommunicationProtocol.o
                0x00000000200008b0                u8PacketReceived
 *fill*         0x00000000200008b5        0x3 
 .bss.Tu_ValuePacketUSARTMotor
                0x00000000200008b8        0x4 ./Source/Src/USART_CommunicationProtocol.o
                0x00000000200008b8                Tu_ValuePacketUSARTMotor
 .bss.u16DelayDataBetween
                0x00000000200008bc        0x2 ./Source/Src/USART_CommunicationProtocol.o
                0x00000000200008bc                u16DelayDataBetween
 .bss.u16UsartSentData
                0x00000000200008be        0x2 ./Source/Src/USART_CommunicationProtocol.o
                0x00000000200008be                u16UsartSentData
 .bss.u16Index  0x00000000200008c0        0x2 ./Source/Src/USART_CommunicationProtocol.o
                0x00000000200008c0                u16Index
 *fill*         0x00000000200008c2        0x2 
 .bss.__malloc_free_list
                0x00000000200008c4        0x4 d:/stm32/stm32cubeide/stm32cubeide_1.12.1/stm32cubeide/plugins/com.st.stm32cube.ide.mcu.externaltools.gnu-tools-for-stm32.10.3-2021.10.win32_1.0.200.202301161003/tools/bin/../lib/gcc/arm-none-eabi/10.3.1/../../../../arm-none-eabi/lib/thumb/v6-m/nofp\libc_nano.a(lib_a-nano-mallocr.o)
                0x00000000200008c4                __malloc_free_list
 .bss.__malloc_sbrk_start
                0x00000000200008c8        0x4 d:/stm32/stm32cubeide/stm32cubeide_1.12.1/stm32cubeide/plugins/com.st.stm32cube.ide.mcu.externaltools.gnu-tools-for-stm32.10.3-2021.10.win32_1.0.200.202301161003/tools/bin/../lib/gcc/arm-none-eabi/10.3.1/../../../../arm-none-eabi/lib/thumb/v6-m/nofp\libc_nano.a(lib_a-nano-mallocr.o)
                0x00000000200008c8                __malloc_sbrk_start
 .bss.errno     0x00000000200008cc        0x4 d:/stm32/stm32cubeide/stm32cubeide_1.12.1/stm32cubeide/plugins/com.st.stm32cube.ide.mcu.externaltools.gnu-tools-for-stm32.10.3-2021.10.win32_1.0.200.202301161003/tools/bin/../lib/gcc/arm-none-eabi/10.3.1/../../../../arm-none-eabi/lib/thumb/v6-m/nofp\libc_nano.a(lib_a-reent.o)
                0x00000000200008cc                errno
 .bss.__lock___malloc_recursive_mutex
                0x00000000200008d0        0x1 d:/stm32/stm32cubeide/stm32cubeide_1.12.1/stm32cubeide/plugins/com.st.stm32cube.ide.mcu.externaltools.gnu-tools-for-stm32.10.3-2021.10.win32_1.0.200.202301161003/tools/bin/../lib/gcc/arm-none-eabi/10.3.1/../../../../arm-none-eabi/lib/thumb/v6-m/nofp\libc_nano.a(lib_a-lock.o)
                0x00000000200008d0                __lock___malloc_recursive_mutex
 *(COMMON)
                0x00000000200008d4                . = ALIGN (0x4)
 *fill*         0x00000000200008d1        0x3 
                0x00000000200008d4                _ebss = .
                0x00000000200008d4                __bss_end__ = _ebss

._user_heap_stack
                0x00000000200008d4      0x604 load address 0x0000000008004c8c
                0x00000000200008d8                . = ALIGN (0x8)
 *fill*         0x00000000200008d4        0x4 
                [!provide]                        PROVIDE (end = .)
                0x00000000200008d8                PROVIDE (_end = .)
                0x0000000020000ad8                . = (. + _Min_Heap_Size)
 *fill*         0x00000000200008d8      0x200 
                0x0000000020000ed8                . = (. + _Min_Stack_Size)
 *fill*         0x0000000020000ad8      0x400 
                0x0000000020000ed8                . = ALIGN (0x8)

/DISCARD/
 libc.a(*)
 libm.a(*)
 libgcc.a(*)

.ARM.attributes
                0x0000000000000000       0x28
 *(.ARM.attributes)
 .ARM.attributes
                0x0000000000000000       0x1e d:/stm32/stm32cubeide/stm32cubeide_1.12.1/stm32cubeide/plugins/com.st.stm32cube.ide.mcu.externaltools.gnu-tools-for-stm32.10.3-2021.10.win32_1.0.200.202301161003/tools/bin/../lib/gcc/arm-none-eabi/10.3.1/thumb/v6-m/nofp/crti.o
 .ARM.attributes
                0x000000000000001e       0x2c d:/stm32/stm32cubeide/stm32cubeide_1.12.1/stm32cubeide/plugins/com.st.stm32cube.ide.mcu.externaltools.gnu-tools-for-stm32.10.3-2021.10.win32_1.0.200.202301161003/tools/bin/../lib/gcc/arm-none-eabi/10.3.1/thumb/v6-m/nofp/crtbegin.o
 .ARM.attributes
                0x000000000000004a       0x2c ./Core/Src/main.o
 .ARM.attributes
                0x0000000000000076       0x2c ./Core/Src/stm32g0xx_it.o
 .ARM.attributes
                0x00000000000000a2       0x2c ./Core/Src/sysmem.o
 .ARM.attributes
                0x00000000000000ce       0x2c ./Core/Src/system_stm32g0xx.o
 .ARM.attributes
                0x00000000000000fa       0x22 ./Core/Startup/startup_stm32g071rbtx.o
 .ARM.attributes
                0x000000000000011c       0x2c ./Drivers/STM32G0xx_HAL_Driver/Src/stm32g0xx_ll_adc.o
 .ARM.attributes
                0x0000000000000148       0x2c ./Drivers/STM32G0xx_HAL_Driver/Src/stm32g0xx_ll_gpio.o
 .ARM.attributes
                0x0000000000000174       0x2c ./Drivers/STM32G0xx_HAL_Driver/Src/stm32g0xx_ll_rcc.o
 .ARM.attributes
                0x00000000000001a0       0x2c ./Drivers/STM32G0xx_HAL_Driver/Src/stm32g0xx_ll_usart.o
 .ARM.attributes
                0x00000000000001cc       0x2c ./Drivers/STM32G0xx_HAL_Driver/Src/stm32g0xx_ll_utils.o
 .ARM.attributes
                0x00000000000001f8       0x2c ./Source/Src/ADC_ConverterValue.o
 .ARM.attributes
                0x0000000000000224       0x2c ./Source/Src/AdcDrv.o
 .ARM.attributes
                0x0000000000000250       0x2c ./Source/Src/ButtonDrv.o
 .ARM.attributes
                0x000000000000027c       0x2c ./Source/Src/CDD_Thermistor_CalcValue.o
 .ARM.attributes
                0x00000000000002a8       0x2c ./Source/Src/CircularBuffer.o
 .ARM.attributes
                0x00000000000002d4       0x2c ./Source/Src/EcuM.o
 .ARM.attributes
                0x0000000000000300       0x2c ./Source/Src/Ecum_Callouts.o
 .ARM.attributes
                0x000000000000032c       0x2c ./Source/Src/LedDrv.o
 .ARM.attributes
                0x0000000000000358       0x2c ./Source/Src/MotorDrvStepper.o
 .ARM.attributes
                0x0000000000000384       0x2c ./Source/Src/Motor_ConverterDegreeToStep.o
 .ARM.attributes
                0x00000000000003b0       0x2c ./Source/Src/TheAPP.o
 .ARM.attributes
                0x00000000000003dc       0x2c ./Source/Src/USARTDrv.o
 .ARM.attributes
                0x0000000000000408       0x2c ./Source/Src/USART_CommunicationProtocol.o
 .ARM.attributes
                0x0000000000000434       0x2c d:/stm32/stm32cubeide/stm32cubeide_1.12.1/stm32cubeide/plugins/com.st.stm32cube.ide.mcu.externaltools.gnu-tools-for-stm32.10.3-2021.10.win32_1.0.200.202301161003/tools/bin/../lib/gcc/arm-none-eabi/10.3.1/../../../../arm-none-eabi/lib/thumb/v6-m/nofp\libc_nano.a(lib_a-errno.o)
 .ARM.attributes
                0x0000000000000460       0x2c d:/stm32/stm32cubeide/stm32cubeide_1.12.1/stm32cubeide/plugins/com.st.stm32cube.ide.mcu.externaltools.gnu-tools-for-stm32.10.3-2021.10.win32_1.0.200.202301161003/tools/bin/../lib/gcc/arm-none-eabi/10.3.1/../../../../arm-none-eabi/lib/thumb/v6-m/nofp\libc_nano.a(lib_a-impure.o)
 .ARM.attributes
                0x000000000000048c       0x2c d:/stm32/stm32cubeide/stm32cubeide_1.12.1/stm32cubeide/plugins/com.st.stm32cube.ide.mcu.externaltools.gnu-tools-for-stm32.10.3-2021.10.win32_1.0.200.202301161003/tools/bin/../lib/gcc/arm-none-eabi/10.3.1/../../../../arm-none-eabi/lib/thumb/v6-m/nofp\libc_nano.a(lib_a-init.o)
 .ARM.attributes
                0x00000000000004b8       0x2c d:/stm32/stm32cubeide/stm32cubeide_1.12.1/stm32cubeide/plugins/com.st.stm32cube.ide.mcu.externaltools.gnu-tools-for-stm32.10.3-2021.10.win32_1.0.200.202301161003/tools/bin/../lib/gcc/arm-none-eabi/10.3.1/../../../../arm-none-eabi/lib/thumb/v6-m/nofp\libc_nano.a(lib_a-memset.o)
 .ARM.attributes
                0x00000000000004e4       0x2c d:/stm32/stm32cubeide/stm32cubeide_1.12.1/stm32cubeide/plugins/com.st.stm32cube.ide.mcu.externaltools.gnu-tools-for-stm32.10.3-2021.10.win32_1.0.200.202301161003/tools/bin/../lib/gcc/arm-none-eabi/10.3.1/../../../../arm-none-eabi/lib/thumb/v6-m/nofp\libc_nano.a(lib_a-sprintf.o)
 .ARM.attributes
                0x0000000000000510       0x2c d:/stm32/stm32cubeide/stm32cubeide_1.12.1/stm32cubeide/plugins/com.st.stm32cube.ide.mcu.externaltools.gnu-tools-for-stm32.10.3-2021.10.win32_1.0.200.202301161003/tools/bin/../lib/gcc/arm-none-eabi/10.3.1/../../../../arm-none-eabi/lib/thumb/v6-m/nofp\libc_nano.a(lib_a-nano-svfprintf.o)
 .ARM.attributes
                0x000000000000053c       0x2c d:/stm32/stm32cubeide/stm32cubeide_1.12.1/stm32cubeide/plugins/com.st.stm32cube.ide.mcu.externaltools.gnu-tools-for-stm32.10.3-2021.10.win32_1.0.200.202301161003/tools/bin/../lib/gcc/arm-none-eabi/10.3.1/../../../../arm-none-eabi/lib/thumb/v6-m/nofp\libc_nano.a(lib_a-nano-vfprintf_i.o)
 .ARM.attributes
                0x0000000000000568       0x2c d:/stm32/stm32cubeide/stm32cubeide_1.12.1/stm32cubeide/plugins/com.st.stm32cube.ide.mcu.externaltools.gnu-tools-for-stm32.10.3-2021.10.win32_1.0.200.202301161003/tools/bin/../lib/gcc/arm-none-eabi/10.3.1/../../../../arm-none-eabi/lib/thumb/v6-m/nofp\libc_nano.a(lib_a-memchr-stub.o)
 .ARM.attributes
                0x0000000000000594       0x2c d:/stm32/stm32cubeide/stm32cubeide_1.12.1/stm32cubeide/plugins/com.st.stm32cube.ide.mcu.externaltools.gnu-tools-for-stm32.10.3-2021.10.win32_1.0.200.202301161003/tools/bin/../lib/gcc/arm-none-eabi/10.3.1/../../../../arm-none-eabi/lib/thumb/v6-m/nofp\libc_nano.a(lib_a-memcpy-stub.o)
 .ARM.attributes
                0x00000000000005c0       0x2c d:/stm32/stm32cubeide/stm32cubeide_1.12.1/stm32cubeide/plugins/com.st.stm32cube.ide.mcu.externaltools.gnu-tools-for-stm32.10.3-2021.10.win32_1.0.200.202301161003/tools/bin/../lib/gcc/arm-none-eabi/10.3.1/../../../../arm-none-eabi/lib/thumb/v6-m/nofp\libc_nano.a(lib_a-memmove.o)
 .ARM.attributes
                0x00000000000005ec       0x2c d:/stm32/stm32cubeide/stm32cubeide_1.12.1/stm32cubeide/plugins/com.st.stm32cube.ide.mcu.externaltools.gnu-tools-for-stm32.10.3-2021.10.win32_1.0.200.202301161003/tools/bin/../lib/gcc/arm-none-eabi/10.3.1/../../../../arm-none-eabi/lib/thumb/v6-m/nofp\libc_nano.a(lib_a-nano-freer.o)
 .ARM.attributes
                0x0000000000000618       0x2c d:/stm32/stm32cubeide/stm32cubeide_1.12.1/stm32cubeide/plugins/com.st.stm32cube.ide.mcu.externaltools.gnu-tools-for-stm32.10.3-2021.10.win32_1.0.200.202301161003/tools/bin/../lib/gcc/arm-none-eabi/10.3.1/../../../../arm-none-eabi/lib/thumb/v6-m/nofp\libc_nano.a(lib_a-nano-mallocr.o)
 .ARM.attributes
                0x0000000000000644       0x2c d:/stm32/stm32cubeide/stm32cubeide_1.12.1/stm32cubeide/plugins/com.st.stm32cube.ide.mcu.externaltools.gnu-tools-for-stm32.10.3-2021.10.win32_1.0.200.202301161003/tools/bin/../lib/gcc/arm-none-eabi/10.3.1/../../../../arm-none-eabi/lib/thumb/v6-m/nofp\libc_nano.a(lib_a-nano-reallocr.o)
 .ARM.attributes
                0x0000000000000670       0x2c d:/stm32/stm32cubeide/stm32cubeide_1.12.1/stm32cubeide/plugins/com.st.stm32cube.ide.mcu.externaltools.gnu-tools-for-stm32.10.3-2021.10.win32_1.0.200.202301161003/tools/bin/../lib/gcc/arm-none-eabi/10.3.1/../../../../arm-none-eabi/lib/thumb/v6-m/nofp\libc_nano.a(lib_a-sbrkr.o)
 .ARM.attributes
                0x000000000000069c       0x2c d:/stm32/stm32cubeide/stm32cubeide_1.12.1/stm32cubeide/plugins/com.st.stm32cube.ide.mcu.externaltools.gnu-tools-for-stm32.10.3-2021.10.win32_1.0.200.202301161003/tools/bin/../lib/gcc/arm-none-eabi/10.3.1/../../../../arm-none-eabi/lib/thumb/v6-m/nofp\libc_nano.a(lib_a-mlock.o)
 .ARM.attributes
                0x00000000000006c8       0x2c d:/stm32/stm32cubeide/stm32cubeide_1.12.1/stm32cubeide/plugins/com.st.stm32cube.ide.mcu.externaltools.gnu-tools-for-stm32.10.3-2021.10.win32_1.0.200.202301161003/tools/bin/../lib/gcc/arm-none-eabi/10.3.1/../../../../arm-none-eabi/lib/thumb/v6-m/nofp\libc_nano.a(lib_a-nano-msizer.o)
 .ARM.attributes
                0x00000000000006f4       0x2c d:/stm32/stm32cubeide/stm32cubeide_1.12.1/stm32cubeide/plugins/com.st.stm32cube.ide.mcu.externaltools.gnu-tools-for-stm32.10.3-2021.10.win32_1.0.200.202301161003/tools/bin/../lib/gcc/arm-none-eabi/10.3.1/../../../../arm-none-eabi/lib/thumb/v6-m/nofp\libc_nano.a(lib_a-reent.o)
 .ARM.attributes
                0x0000000000000720       0x2c d:/stm32/stm32cubeide/stm32cubeide_1.12.1/stm32cubeide/plugins/com.st.stm32cube.ide.mcu.externaltools.gnu-tools-for-stm32.10.3-2021.10.win32_1.0.200.202301161003/tools/bin/../lib/gcc/arm-none-eabi/10.3.1/../../../../arm-none-eabi/lib/thumb/v6-m/nofp\libc_nano.a(lib_a-lock.o)
 .ARM.attributes
                0x000000000000074c       0x1e d:/stm32/stm32cubeide/stm32cubeide_1.12.1/stm32cubeide/plugins/com.st.stm32cube.ide.mcu.externaltools.gnu-tools-for-stm32.10.3-2021.10.win32_1.0.200.202301161003/tools/bin/../lib/gcc/arm-none-eabi/10.3.1/thumb/v6-m/nofp\libgcc.a(_thumb1_case_shi.o)
 .ARM.attributes
                0x000000000000076a       0x1e d:/stm32/stm32cubeide/stm32cubeide_1.12.1/stm32cubeide/plugins/com.st.stm32cube.ide.mcu.externaltools.gnu-tools-for-stm32.10.3-2021.10.win32_1.0.200.202301161003/tools/bin/../lib/gcc/arm-none-eabi/10.3.1/thumb/v6-m/nofp\libgcc.a(_udivsi3.o)
 .ARM.attributes
                0x0000000000000788       0x1e d:/stm32/stm32cubeide/stm32cubeide_1.12.1/stm32cubeide/plugins/com.st.stm32cube.ide.mcu.externaltools.gnu-tools-for-stm32.10.3-2021.10.win32_1.0.200.202301161003/tools/bin/../lib/gcc/arm-none-eabi/10.3.1/thumb/v6-m/nofp\libgcc.a(_dvmd_tls.o)
 .ARM.attributes
                0x00000000000007a6       0x2c d:/stm32/stm32cubeide/stm32cubeide_1.12.1/stm32cubeide/plugins/com.st.stm32cube.ide.mcu.externaltools.gnu-tools-for-stm32.10.3-2021.10.win32_1.0.200.202301161003/tools/bin/../lib/gcc/arm-none-eabi/10.3.1/thumb/v6-m/nofp\libgcc.a(_fixunssfsi.o)
 .ARM.attributes
                0x00000000000007d2       0x2c d:/stm32/stm32cubeide/stm32cubeide_1.12.1/stm32cubeide/plugins/com.st.stm32cube.ide.mcu.externaltools.gnu-tools-for-stm32.10.3-2021.10.win32_1.0.200.202301161003/tools/bin/../lib/gcc/arm-none-eabi/10.3.1/thumb/v6-m/nofp\libgcc.a(mulsf3.o)
 .ARM.attributes
                0x00000000000007fe       0x2c d:/stm32/stm32cubeide/stm32cubeide_1.12.1/stm32cubeide/plugins/com.st.stm32cube.ide.mcu.externaltools.gnu-tools-for-stm32.10.3-2021.10.win32_1.0.200.202301161003/tools/bin/../lib/gcc/arm-none-eabi/10.3.1/thumb/v6-m/nofp\libgcc.a(subsf3.o)
 .ARM.attributes
                0x000000000000082a       0x2c d:/stm32/stm32cubeide/stm32cubeide_1.12.1/stm32cubeide/plugins/com.st.stm32cube.ide.mcu.externaltools.gnu-tools-for-stm32.10.3-2021.10.win32_1.0.200.202301161003/tools/bin/../lib/gcc/arm-none-eabi/10.3.1/thumb/v6-m/nofp\libgcc.a(fixsfsi.o)
 .ARM.attributes
                0x0000000000000856       0x1e d:/stm32/stm32cubeide/stm32cubeide_1.12.1/stm32cubeide/plugins/com.st.stm32cube.ide.mcu.externaltools.gnu-tools-for-stm32.10.3-2021.10.win32_1.0.200.202301161003/tools/bin/../lib/gcc/arm-none-eabi/10.3.1/thumb/v6-m/nofp\libgcc.a(_arm_cmpsf2.o)
 .ARM.attributes
                0x0000000000000874       0x1e d:/stm32/stm32cubeide/stm32cubeide_1.12.1/stm32cubeide/plugins/com.st.stm32cube.ide.mcu.externaltools.gnu-tools-for-stm32.10.3-2021.10.win32_1.0.200.202301161003/tools/bin/../lib/gcc/arm-none-eabi/10.3.1/thumb/v6-m/nofp\libgcc.a(_clzsi2.o)
 .ARM.attributes
                0x0000000000000892       0x2c d:/stm32/stm32cubeide/stm32cubeide_1.12.1/stm32cubeide/plugins/com.st.stm32cube.ide.mcu.externaltools.gnu-tools-for-stm32.10.3-2021.10.win32_1.0.200.202301161003/tools/bin/../lib/gcc/arm-none-eabi/10.3.1/thumb/v6-m/nofp\libgcc.a(eqsf2.o)
 .ARM.attributes
                0x00000000000008be       0x2c d:/stm32/stm32cubeide/stm32cubeide_1.12.1/stm32cubeide/plugins/com.st.stm32cube.ide.mcu.externaltools.gnu-tools-for-stm32.10.3-2021.10.win32_1.0.200.202301161003/tools/bin/../lib/gcc/arm-none-eabi/10.3.1/thumb/v6-m/nofp\libgcc.a(gesf2.o)
 .ARM.attributes
                0x00000000000008ea       0x2c d:/stm32/stm32cubeide/stm32cubeide_1.12.1/stm32cubeide/plugins/com.st.stm32cube.ide.mcu.externaltools.gnu-tools-for-stm32.10.3-2021.10.win32_1.0.200.202301161003/tools/bin/../lib/gcc/arm-none-eabi/10.3.1/thumb/v6-m/nofp\libgcc.a(lesf2.o)
 .ARM.attributes
                0x0000000000000916       0x1e d:/stm32/stm32cubeide/stm32cubeide_1.12.1/stm32cubeide/plugins/com.st.stm32cube.ide.mcu.externaltools.gnu-tools-for-stm32.10.3-2021.10.win32_1.0.200.202301161003/tools/bin/../lib/gcc/arm-none-eabi/10.3.1/thumb/v6-m/nofp/crtn.o
OUTPUT(LED_BLINK.elf elf32-littlearm)
LOAD linker stubs
LOAD d:/stm32/stm32cubeide/stm32cubeide_1.12.1/stm32cubeide/plugins/com.st.stm32cube.ide.mcu.externaltools.gnu-tools-for-stm32.10.3-2021.10.win32_1.0.200.202301161003/tools/bin/../lib/gcc/arm-none-eabi/10.3.1/../../../../arm-none-eabi/lib/thumb/v6-m/nofp\libc.a
LOAD d:/stm32/stm32cubeide/stm32cubeide_1.12.1/stm32cubeide/plugins/com.st.stm32cube.ide.mcu.externaltools.gnu-tools-for-stm32.10.3-2021.10.win32_1.0.200.202301161003/tools/bin/../lib/gcc/arm-none-eabi/10.3.1/../../../../arm-none-eabi/lib/thumb/v6-m/nofp\libm.a
LOAD d:/stm32/stm32cubeide/stm32cubeide_1.12.1/stm32cubeide/plugins/com.st.stm32cube.ide.mcu.externaltools.gnu-tools-for-stm32.10.3-2021.10.win32_1.0.200.202301161003/tools/bin/../lib/gcc/arm-none-eabi/10.3.1/thumb/v6-m/nofp\libgcc.a

.debug_info     0x0000000000000000     0x7785
 .debug_info    0x0000000000000000     0x1437 ./Core/Src/main.o
 .debug_info    0x0000000000001437      0x191 ./Core/Src/stm32g0xx_it.o
 .debug_info    0x00000000000015c8      0x171 ./Core/Src/sysmem.o
 .debug_info    0x0000000000001739      0x302 ./Core/Src/system_stm32g0xx.o
 .debug_info    0x0000000000001a3b       0x22 ./Core/Startup/startup_stm32g071rbtx.o
 .debug_info    0x0000000000001a5d      0x8cd ./Drivers/STM32G0xx_HAL_Driver/Src/stm32g0xx_ll_adc.o
 .debug_info    0x000000000000232a      0x604 ./Drivers/STM32G0xx_HAL_Driver/Src/stm32g0xx_ll_gpio.o
 .debug_info    0x000000000000292e      0xa09 ./Drivers/STM32G0xx_HAL_Driver/Src/stm32g0xx_ll_rcc.o
 .debug_info    0x0000000000003337      0x7e0 ./Drivers/STM32G0xx_HAL_Driver/Src/stm32g0xx_ll_usart.o
 .debug_info    0x0000000000003b17      0x8f6 ./Drivers/STM32G0xx_HAL_Driver/Src/stm32g0xx_ll_utils.o
 .debug_info    0x000000000000440d      0x168 ./Source/Src/ADC_ConverterValue.o
 .debug_info    0x0000000000004575      0x3f1 ./Source/Src/AdcDrv.o
 .debug_info    0x0000000000004966      0x311 ./Source/Src/ButtonDrv.o
 .debug_info    0x0000000000004c77      0x1e8 ./Source/Src/CDD_Thermistor_CalcValue.o
 .debug_info    0x0000000000004e5f      0x23f ./Source/Src/CircularBuffer.o
 .debug_info    0x000000000000509e      0x55d ./Source/Src/EcuM.o
 .debug_info    0x00000000000055fb      0x422 ./Source/Src/Ecum_Callouts.o
 .debug_info    0x0000000000005a1d      0x366 ./Source/Src/LedDrv.o
 .debug_info    0x0000000000005d83      0x3c2 ./Source/Src/MotorDrvStepper.o
 .debug_info    0x0000000000006145      0x197 ./Source/Src/Motor_ConverterDegreeToStep.o
 .debug_info    0x00000000000062dc      0x473 ./Source/Src/TheAPP.o
 .debug_info    0x000000000000674f      0xb56 ./Source/Src/USARTDrv.o
 .debug_info    0x00000000000072a5      0x4e0 ./Source/Src/USART_CommunicationProtocol.o

.debug_abbrev   0x0000000000000000     0x2312
 .debug_abbrev  0x0000000000000000      0x34d ./Core/Src/main.o
 .debug_abbrev  0x000000000000034d       0xf6 ./Core/Src/stm32g0xx_it.o
 .debug_abbrev  0x0000000000000443       0xbb ./Core/Src/sysmem.o
 .debug_abbrev  0x00000000000004fe      0x116 ./Core/Src/system_stm32g0xx.o
 .debug_abbrev  0x0000000000000614       0x12 ./Core/Startup/startup_stm32g071rbtx.o
 .debug_abbrev  0x0000000000000626      0x1c4 ./Drivers/STM32G0xx_HAL_Driver/Src/stm32g0xx_ll_adc.o
 .debug_abbrev  0x00000000000007ea      0x19b ./Drivers/STM32G0xx_HAL_Driver/Src/stm32g0xx_ll_gpio.o
 .debug_abbrev  0x0000000000000985      0x21f ./Drivers/STM32G0xx_HAL_Driver/Src/stm32g0xx_ll_rcc.o
 .debug_abbrev  0x0000000000000ba4      0x1fe ./Drivers/STM32G0xx_HAL_Driver/Src/stm32g0xx_ll_usart.o
 .debug_abbrev  0x0000000000000da2      0x21f ./Drivers/STM32G0xx_HAL_Driver/Src/stm32g0xx_ll_utils.o
 .debug_abbrev  0x0000000000000fc1       0xde ./Source/Src/ADC_ConverterValue.o
 .debug_abbrev  0x000000000000109f      0x16b ./Source/Src/AdcDrv.o
 .debug_abbrev  0x000000000000120a      0x1c3 ./Source/Src/ButtonDrv.o
 .debug_abbrev  0x00000000000013cd       0xdc ./Source/Src/CDD_Thermistor_CalcValue.o
 .debug_abbrev  0x00000000000014a9       0xf8 ./Source/Src/CircularBuffer.o
 .debug_abbrev  0x00000000000015a1      0x1f0 ./Source/Src/EcuM.o
 .debug_abbrev  0x0000000000001791      0x1a6 ./Source/Src/Ecum_Callouts.o
 .debug_abbrev  0x0000000000001937      0x17d ./Source/Src/LedDrv.o
 .debug_abbrev  0x0000000000001ab4      0x18f ./Source/Src/MotorDrvStepper.o
 .debug_abbrev  0x0000000000001c43      0x117 ./Source/Src/Motor_ConverterDegreeToStep.o
 .debug_abbrev  0x0000000000001d5a      0x1b1 ./Source/Src/TheAPP.o
 .debug_abbrev  0x0000000000001f0b      0x25d ./Source/Src/USARTDrv.o
 .debug_abbrev  0x0000000000002168      0x1aa ./Source/Src/USART_CommunicationProtocol.o

.debug_aranges  0x0000000000000000      0xa90
 .debug_aranges
                0x0000000000000000      0x170 ./Core/Src/main.o
 .debug_aranges
                0x0000000000000170       0x48 ./Core/Src/stm32g0xx_it.o
 .debug_aranges
                0x00000000000001b8       0x20 ./Core/Src/sysmem.o
 .debug_aranges
                0x00000000000001d8       0x28 ./Core/Src/system_stm32g0xx.o
 .debug_aranges
                0x0000000000000200       0x28 ./Core/Startup/startup_stm32g071rbtx.o
 .debug_aranges
                0x0000000000000228       0xc8 ./Drivers/STM32G0xx_HAL_Driver/Src/stm32g0xx_ll_adc.o
 .debug_aranges
                0x00000000000002f0       0x70 ./Drivers/STM32G0xx_HAL_Driver/Src/stm32g0xx_ll_gpio.o
 .debug_aranges
                0x0000000000000360      0x198 ./Drivers/STM32G0xx_HAL_Driver/Src/stm32g0xx_ll_rcc.o
 .debug_aranges
                0x00000000000004f8       0x88 ./Drivers/STM32G0xx_HAL_Driver/Src/stm32g0xx_ll_usart.o
 .debug_aranges
                0x0000000000000580       0xe8 ./Drivers/STM32G0xx_HAL_Driver/Src/stm32g0xx_ll_utils.o
 .debug_aranges
                0x0000000000000668       0x30 ./Source/Src/ADC_ConverterValue.o
 .debug_aranges
                0x0000000000000698       0x60 ./Source/Src/AdcDrv.o
 .debug_aranges
                0x00000000000006f8       0x40 ./Source/Src/ButtonDrv.o
 .debug_aranges
                0x0000000000000738       0x38 ./Source/Src/CDD_Thermistor_CalcValue.o
 .debug_aranges
                0x0000000000000770       0x38 ./Source/Src/CircularBuffer.o
 .debug_aranges
                0x00000000000007a8       0x40 ./Source/Src/EcuM.o
 .debug_aranges
                0x00000000000007e8       0x50 ./Source/Src/Ecum_Callouts.o
 .debug_aranges
                0x0000000000000838       0x38 ./Source/Src/LedDrv.o
 .debug_aranges
                0x0000000000000870       0x48 ./Source/Src/MotorDrvStepper.o
 .debug_aranges
                0x00000000000008b8       0x38 ./Source/Src/Motor_ConverterDegreeToStep.o
 .debug_aranges
                0x00000000000008f0       0x40 ./Source/Src/TheAPP.o
 .debug_aranges
                0x0000000000000930      0x118 ./Source/Src/USARTDrv.o
 .debug_aranges
                0x0000000000000a48       0x48 ./Source/Src/USART_CommunicationProtocol.o

.debug_ranges   0x0000000000000000      0x928
 .debug_ranges  0x0000000000000000      0x160 ./Core/Src/main.o
 .debug_ranges  0x0000000000000160       0x38 ./Core/Src/stm32g0xx_it.o
 .debug_ranges  0x0000000000000198       0x10 ./Core/Src/sysmem.o
 .debug_ranges  0x00000000000001a8       0x18 ./Core/Src/system_stm32g0xx.o
 .debug_ranges  0x00000000000001c0       0x20 ./Core/Startup/startup_stm32g071rbtx.o
 .debug_ranges  0x00000000000001e0       0xb8 ./Drivers/STM32G0xx_HAL_Driver/Src/stm32g0xx_ll_adc.o
 .debug_ranges  0x0000000000000298       0x60 ./Drivers/STM32G0xx_HAL_Driver/Src/stm32g0xx_ll_gpio.o
 .debug_ranges  0x00000000000002f8      0x188 ./Drivers/STM32G0xx_HAL_Driver/Src/stm32g0xx_ll_rcc.o
 .debug_ranges  0x0000000000000480       0x78 ./Drivers/STM32G0xx_HAL_Driver/Src/stm32g0xx_ll_usart.o
 .debug_ranges  0x00000000000004f8       0xd8 ./Drivers/STM32G0xx_HAL_Driver/Src/stm32g0xx_ll_utils.o
 .debug_ranges  0x00000000000005d0       0x20 ./Source/Src/ADC_ConverterValue.o
 .debug_ranges  0x00000000000005f0       0x50 ./Source/Src/AdcDrv.o
 .debug_ranges  0x0000000000000640       0x30 ./Source/Src/ButtonDrv.o
 .debug_ranges  0x0000000000000670       0x28 ./Source/Src/CDD_Thermistor_CalcValue.o
 .debug_ranges  0x0000000000000698       0x28 ./Source/Src/CircularBuffer.o
 .debug_ranges  0x00000000000006c0       0x30 ./Source/Src/EcuM.o
 .debug_ranges  0x00000000000006f0       0x40 ./Source/Src/Ecum_Callouts.o
 .debug_ranges  0x0000000000000730       0x28 ./Source/Src/LedDrv.o
 .debug_ranges  0x0000000000000758       0x38 ./Source/Src/MotorDrvStepper.o
 .debug_ranges  0x0000000000000790       0x28 ./Source/Src/Motor_ConverterDegreeToStep.o
 .debug_ranges  0x00000000000007b8       0x30 ./Source/Src/TheAPP.o
 .debug_ranges  0x00000000000007e8      0x108 ./Source/Src/USARTDrv.o
 .debug_ranges  0x00000000000008f0       0x38 ./Source/Src/USART_CommunicationProtocol.o

.debug_macro    0x0000000000000000    0x13f67
 .debug_macro   0x0000000000000000      0x2be ./Core/Src/main.o
 .debug_macro   0x00000000000002be      0xa90 ./Core/Src/main.o
 .debug_macro   0x0000000000000d4e       0x2e ./Core/Src/main.o
 .debug_macro   0x0000000000000d7c       0x28 ./Core/Src/main.o
 .debug_macro   0x0000000000000da4       0x22 ./Core/Src/main.o
 .debug_macro   0x0000000000000dc6       0x8e ./Core/Src/main.o
 .debug_macro   0x0000000000000e54       0x51 ./Core/Src/main.o
 .debug_macro   0x0000000000000ea5      0x103 ./Core/Src/main.o
 .debug_macro   0x0000000000000fa8       0x6a ./Core/Src/main.o
 .debug_macro   0x0000000000001012      0x1df ./Core/Src/main.o
 .debug_macro   0x00000000000011f1       0x1c ./Core/Src/main.o
 .debug_macro   0x000000000000120d       0x22 ./Core/Src/main.o
 .debug_macro   0x000000000000122f       0xd1 ./Core/Src/main.o
 .debug_macro   0x0000000000001300      0x4da ./Core/Src/main.o
 .debug_macro   0x00000000000017da      0x11f ./Core/Src/main.o
 .debug_macro   0x00000000000018f9     0xc730 ./Core/Src/main.o
 .debug_macro   0x000000000000e029       0x66 ./Core/Src/main.o
 .debug_macro   0x000000000000e08f      0x8b0 ./Core/Src/main.o
 .debug_macro   0x000000000000e93f      0x574 ./Core/Src/main.o
 .debug_macro   0x000000000000eeb3      0x12b ./Core/Src/main.o
 .debug_macro   0x000000000000efde      0x141 ./Core/Src/main.o
 .debug_macro   0x000000000000f11f      0x1c1 ./Core/Src/main.o
 .debug_macro   0x000000000000f2e0      0x174 ./Core/Src/main.o
 .debug_macro   0x000000000000f454       0x5a ./Core/Src/main.o
 .debug_macro   0x000000000000f4ae      0x1ce ./Core/Src/main.o
 .debug_macro   0x000000000000f67c      0x426 ./Core/Src/main.o
 .debug_macro   0x000000000000faa2      0x287 ./Core/Src/main.o
 .debug_macro   0x000000000000fd29      0x40f ./Core/Src/main.o
 .debug_macro   0x0000000000010138      0x131 ./Core/Src/main.o
 .debug_macro   0x0000000000010269       0xb8 ./Core/Src/main.o
 .debug_macro   0x0000000000010321       0x52 ./Core/Src/main.o
 .debug_macro   0x0000000000010373       0x18 ./Core/Src/main.o
 .debug_macro   0x000000000001038b       0x3c ./Core/Src/main.o
 .debug_macro   0x00000000000103c7       0x34 ./Core/Src/main.o
 .debug_macro   0x00000000000103fb       0x16 ./Core/Src/main.o
 .debug_macro   0x0000000000010411       0x97 ./Core/Src/main.o
 .debug_macro   0x00000000000104a8      0x341 ./Core/Src/main.o
 .debug_macro   0x00000000000107e9       0xfd ./Core/Src/main.o
 .debug_macro   0x00000000000108e6       0x10 ./Core/Src/main.o
 .debug_macro   0x00000000000108f6       0x16 ./Core/Src/main.o
 .debug_macro   0x000000000001090c       0x43 ./Core/Src/main.o
 .debug_macro   0x000000000001094f       0x34 ./Core/Src/main.o
 .debug_macro   0x0000000000010983       0x10 ./Core/Src/main.o
 .debug_macro   0x0000000000010993       0x58 ./Core/Src/main.o
 .debug_macro   0x00000000000109eb       0x71 ./Core/Src/main.o
 .debug_macro   0x0000000000010a5c       0x1c ./Core/Src/main.o
 .debug_macro   0x0000000000010a78      0x12a ./Core/Src/main.o
 .debug_macro   0x0000000000010ba2       0x10 ./Core/Src/main.o
 .debug_macro   0x0000000000010bb2       0x1c ./Core/Src/main.o
 .debug_macro   0x0000000000010bce       0x52 ./Core/Src/main.o
 .debug_macro   0x0000000000010c20       0x22 ./Core/Src/main.o
 .debug_macro   0x0000000000010c42       0x10 ./Core/Src/main.o
 .debug_macro   0x0000000000010c52       0x52 ./Core/Src/main.o
 .debug_macro   0x0000000000010ca4       0xd5 ./Core/Src/main.o
 .debug_macro   0x0000000000010d79       0x1c ./Core/Src/main.o
 .debug_macro   0x0000000000010d95       0x3d ./Core/Src/main.o
 .debug_macro   0x0000000000010dd2       0x16 ./Core/Src/main.o
 .debug_macro   0x0000000000010de8      0x145 ./Core/Src/main.o
 .debug_macro   0x0000000000010f2d       0x2e ./Core/Src/main.o
 .debug_macro   0x0000000000010f5b      0x170 ./Core/Src/stm32g0xx_it.o
 .debug_macro   0x00000000000110cb       0x22 ./Core/Src/stm32g0xx_it.o
 .debug_macro   0x00000000000110ed       0xff ./Core/Src/sysmem.o
 .debug_macro   0x00000000000111ec      0x23b ./Core/Src/sysmem.o
 .debug_macro   0x0000000000011427       0xc3 ./Core/Src/system_stm32g0xx.o
 .debug_macro   0x00000000000114ea      0x14e ./Drivers/STM32G0xx_HAL_Driver/Src/stm32g0xx_ll_adc.o
 .debug_macro   0x0000000000011638      0x105 ./Drivers/STM32G0xx_HAL_Driver/Src/stm32g0xx_ll_gpio.o
 .debug_macro   0x000000000001173d      0x12b ./Drivers/STM32G0xx_HAL_Driver/Src/stm32g0xx_ll_gpio.o
 .debug_macro   0x0000000000011868      0x108 ./Drivers/STM32G0xx_HAL_Driver/Src/stm32g0xx_ll_rcc.o
 .debug_macro   0x0000000000011970      0x56e ./Drivers/STM32G0xx_HAL_Driver/Src/stm32g0xx_ll_rcc.o
 .debug_macro   0x0000000000011ede      0x138 ./Drivers/STM32G0xx_HAL_Driver/Src/stm32g0xx_ll_usart.o
 .debug_macro   0x0000000000012016      0x409 ./Drivers/STM32G0xx_HAL_Driver/Src/stm32g0xx_ll_usart.o
 .debug_macro   0x000000000001241f      0x171 ./Drivers/STM32G0xx_HAL_Driver/Src/stm32g0xx_ll_utils.o
 .debug_macro   0x0000000000012590       0x54 ./Drivers/STM32G0xx_HAL_Driver/Src/stm32g0xx_ll_utils.o
 .debug_macro   0x00000000000125e4      0x170 ./Source/Src/ADC_ConverterValue.o
 .debug_macro   0x0000000000012754      0x15a ./Source/Src/AdcDrv.o
 .debug_macro   0x00000000000128ae      0x169 ./Source/Src/ButtonDrv.o
 .debug_macro   0x0000000000012a17      0x186 ./Source/Src/CDD_Thermistor_CalcValue.o
 .debug_macro   0x0000000000012b9d      0x163 ./Source/Src/CircularBuffer.o
 .debug_macro   0x0000000000012d00      0x166 ./Source/Src/EcuM.o
 .debug_macro   0x0000000000012e66       0x2e ./Source/Src/EcuM.o
 .debug_macro   0x0000000000012e94      0x33e ./Source/Src/Ecum_Callouts.o
 .debug_macro   0x00000000000131d2       0x88 ./Source/Src/Ecum_Callouts.o
 .debug_macro   0x000000000001325a      0x15a ./Source/Src/LedDrv.o
 .debug_macro   0x00000000000133b4      0x16c ./Source/Src/MotorDrvStepper.o
 .debug_macro   0x0000000000013520      0x170 ./Source/Src/Motor_ConverterDegreeToStep.o