Archive member included to satisfy reference by file (symbol)

d:/stm32/stm32cubeide/stm32cubeide_1.12.1/stm32cubeide/plugins/com.st.stm32cube.ide.mcu.externaltools.gnu-tools-for-stm32.10.3-2021.10.win32_1.0.200.202301161003/tools/bin/../lib/gcc/arm-none-eabi/10.3.1/../../../../arm-none-eabi/lib/thumb/v6-m/nofp\libc_nano.a(lib_a-errno.o)
                              ./Core/Src/syscalls.o (__errno)
d:/stm32/stm32cubeide/stm32cubeide_1.12.1/stm32cubeide/plugins/com.st.stm32cube.ide.mcu.externaltools.gnu-tools-for-stm32.10.3-2021.10.win32_1.0.200.202301161003/tools/bin/../lib/gcc/arm-none-eabi/10.3.1/../../../../arm-none-eabi/lib/thumb/v6-m/nofp\libc_nano.a(lib_a-exit.o)
                              d:/stm32/stm32cubeide/stm32cubeide_1.12.1/stm32cubeide/plugins/com.st.stm32cube.ide.mcu.externaltools.gnu-tools-for-stm32.10.3-2021.10.win32_1.0.200.202301161003/tools/bin/../lib/gcc/arm-none-eabi/10.3.1/../../../../arm-none-eabi/lib/thumb/v6-m/nofp/crt0.o (exit)
d:/stm32/stm32cubeide/stm32cubeide_1.12.1/stm32cubeide/plugins/com.st.stm32cube.ide.mcu.externaltools.gnu-tools-for-stm32.10.3-2021.10.win32_1.0.200.202301161003/tools/bin/../lib/gcc/arm-none-eabi/10.3.1/../../../../arm-none-eabi/lib/thumb/v6-m/nofp\libc_nano.a(lib_a-impure.o)
                              d:/stm32/stm32cubeide/stm32cubeide_1.12.1/stm32cubeide/plugins/com.st.stm32cube.ide.mcu.externaltools.gnu-tools-for-stm32.10.3-2021.10.win32_1.0.200.202301161003/tools/bin/../lib/gcc/arm-none-eabi/10.3.1/../../../../arm-none-eabi/lib/thumb/v6-m/nofp\libc_nano.a(lib_a-exit.o) (_global_impure_ptr)
d:/stm32/stm32cubeide/stm32cubeide_1.12.1/stm32cubeide/plugins/com.st.stm32cube.ide.mcu.externaltools.gnu-tools-for-stm32.10.3-2021.10.win32_1.0.200.202301161003/tools/bin/../lib/gcc/arm-none-eabi/10.3.1/../../../../arm-none-eabi/lib/thumb/v6-m/nofp\libc_nano.a(lib_a-init.o)
                              d:/stm32/stm32cubeide/stm32cubeide_1.12.1/stm32cubeide/plugins/com.st.stm32cube.ide.mcu.externaltools.gnu-tools-for-stm32.10.3-2021.10.win32_1.0.200.202301161003/tools/bin/../lib/gcc/arm-none-eabi/10.3.1/../../../../arm-none-eabi/lib/thumb/v6-m/nofp/crt0.o (__libc_init_array)
d:/stm32/stm32cubeide/stm32cubeide_1.12.1/stm32cubeide/plugins/com.st.stm32cube.ide.mcu.externaltools.gnu-tools-for-stm32.10.3-2021.10.win32_1.0.200.202301161003/tools/bin/../lib/gcc/arm-none-eabi/10.3.1/../../../../arm-none-eabi/lib/thumb/v6-m/nofp\libc_nano.a(lib_a-memset.o)
                              d:/stm32/stm32cubeide/stm32cubeide_1.12.1/stm32cubeide/plugins/com.st.stm32cube.ide.mcu.externaltools.gnu-tools-for-stm32.10.3-2021.10.win32_1.0.200.202301161003/tools/bin/../lib/gcc/arm-none-eabi/10.3.1/../../../../arm-none-eabi/lib/thumb/v6-m/nofp/crt0.o (memset)
d:/stm32/stm32cubeide/stm32cubeide_1.12.1/stm32cubeide/plugins/com.st.stm32cube.ide.mcu.externaltools.gnu-tools-for-stm32.10.3-2021.10.win32_1.0.200.202301161003/tools/bin/../lib/gcc/arm-none-eabi/10.3.1/../../../../arm-none-eabi/lib/thumb/v6-m/nofp\libc_nano.a(lib_a-sprintf.o)
                              ./Source/Src/USARTDrv.o (sprintf)
d:/stm32/stm32cubeide/stm32cubeide_1.12.1/stm32cubeide/plugins/com.st.stm32cube.ide.mcu.externaltools.gnu-tools-for-stm32.10.3-2021.10.win32_1.0.200.202301161003/tools/bin/../lib/gcc/arm-none-eabi/10.3.1/../../../../arm-none-eabi/lib/thumb/v6-m/nofp\libc_nano.a(lib_a-nano-svfprintf.o)
                              d:/stm32/stm32cubeide/stm32cubeide_1.12.1/stm32cubeide/plugins/com.st.stm32cube.ide.mcu.externaltools.gnu-tools-for-stm32.10.3-2021.10.win32_1.0.200.202301161003/tools/bin/../lib/gcc/arm-none-eabi/10.3.1/../../../../arm-none-eabi/lib/thumb/v6-m/nofp\libc_nano.a(lib_a-sprintf.o) (_svfprintf_r)
d:/stm32/stm32cubeide/stm32cubeide_1.12.1/stm32cubeide/plugins/com.st.stm32cube.ide.mcu.externaltools.gnu-tools-for-stm32.10.3-2021.10.win32_1.0.200.202301161003/tools/bin/../lib/gcc/arm-none-eabi/10.3.1/../../../../arm-none-eabi/lib/thumb/v6-m/nofp\libc_nano.a(lib_a-nano-vfprintf_i.o)
                              d:/stm32/stm32cubeide/stm32cubeide_1.12.1/stm32cubeide/plugins/com.st.stm32cube.ide.mcu.externaltools.gnu-tools-for-stm32.10.3-2021.10.win32_1.0.200.202301161003/tools/bin/../lib/gcc/arm-none-eabi/10.3.1/../../../../arm-none-eabi/lib/thumb/v6-m/nofp\libc_nano.a(lib_a-nano-svfprintf.o) (_printf_i)
d:/stm32/stm32cubeide/stm32cubeide_1.12.1/stm32cubeide/plugins/com.st.stm32cube.ide.mcu.externaltools.gnu-tools-for-stm32.10.3-2021.10.win32_1.0.200.202301161003/tools/bin/../lib/gcc/arm-none-eabi/10.3.1/../../../../arm-none-eabi/lib/thumb/v6-m/nofp\libc_nano.a(lib_a-memchr-stub.o)
                              d:/stm32/stm32cubeide/stm32cubeide_1.12.1/stm32cubeide/plugins/com.st.stm32cube.ide.mcu.externaltools.gnu-tools-for-stm32.10.3-2021.10.win32_1.0.200.202301161003/tools/bin/../lib/gcc/arm-none-eabi/10.3.1/../../../../arm-none-eabi/lib/thumb/v6-m/nofp\libc_nano.a(lib_a-nano-svfprintf.o) (memchr)
[...]
Memory Configuration

Name             Origin             Length             Attributes
RAM              0x0000000020000000 0x0000000000009000 xrw
FLASH            0x0000000008000000 0x0000000000020000 xr
*default*        0x0000000000000000 0xffffffffffffffff

Linker script and memory map

LOAD d:/stm32/stm32cubeide/stm32cubeide_1.12.1/stm32cubeide/plugins/com.st.stm32cube.ide.mcu.externaltools.gnu-tools-for-stm32.10.3-2021.10.win32_1.0.200.202301161003/tools/bin/../lib/gcc/arm-none-eabi/10.3.1/thumb/v6-m/nofp/crti.o
LOAD d:/stm32/stm32cubeide/stm32cubeide_1.12.1/stm32cubeide/plugins/com.st.stm32cube.ide.mcu.externaltools.gnu-tools-for-stm32.10.3-2021.10.win32_1.0.200.202301161003/tools/bin/../lib/gcc/arm-none-eabi/10.3.1/thumb/v6-m/nofp/crtbegin.o
LOAD d:/stm32/stm32cubeide/stm32cubeide_1.12.1/stm32cubeide/plugins/com.st.stm32cube.ide.mcu.externaltools.gnu-tools-for-stm32.10.3-2021.10.win32_1.0.200.202301161003/tools/bin/../lib/gcc/arm-none-eabi/10.3.1/../../../../arm-none-eabi/lib/thumb/v6-m/nofp/crt0.o
LOAD ./Core/Src/main.o
LOAD ./Core/Src/stm32g0xx_hal_msp.o
LOAD ./Core/Src/stm32g0xx_it.o
LOAD ./Core/Src/syscalls.o
LOAD ./Core/Src/sysmem.o
LOAD ./Core/Src/system_stm32g0xx.o
LOAD ./Core/Startup/startup_stm32g071rbtx.o
LOAD ./Drivers/STM32G0xx_HAL_Driver/Src/stm32g0xx_hal.o
LOAD ./Drivers/STM32G0xx_HAL_Driver/Src/stm32g0xx_hal_adc.o
LOAD ./Drivers/STM32G0xx_HAL_Driver/Src/stm32g0xx_hal_adc_ex.o
LOAD ./Drivers/STM32G0xx_HAL_Driver/Src/stm32g0xx_hal_cortex.o
LOAD ./Drivers/STM32G0xx_HAL_Driver/Src/stm32g0xx_hal_dma.o
LOAD ./Drivers/STM32G0xx_HAL_Driver/Src/stm32g0xx_hal_dma_ex.o
LOAD ./Drivers/STM32G0xx_HAL_Driver/Src/stm32g0xx_hal_exti.o
LOAD ./Drivers/STM32G0xx_HAL_Driver/Src/stm32g0xx_hal_flash.o
LOAD ./Drivers/STM32G0xx_HAL_Driver/Src/stm32g0xx_hal_flash_ex.o
LOAD ./Drivers/STM32G0xx_HAL_Driver/Src/stm32g0xx_hal_gpio.o
LOAD ./Drivers/STM32G0xx_HAL_Driver/Src/stm32g0xx_hal_pwr.o
LOAD ./Drivers/STM32G0xx_HAL_Driver/Src/stm32g0xx_hal_pwr_ex.o
LOAD ./Drivers/STM32G0xx_HAL_Driver/Src/stm32g0xx_hal_rcc.o
LOAD ./Drivers/STM32G0xx_HAL_Driver/Src/stm32g0xx_hal_rcc_ex.o
LOAD ./Drivers/STM32G0xx_HAL_Driver/Src/stm32g0xx_hal_tim.o
LOAD ./Drivers/STM32G0xx_HAL_Driver/Src/stm32g0xx_hal_tim_ex.o
LOAD ./Drivers/STM32G0xx_HAL_Driver/Src/stm32g0xx_ll_adc.o
LOAD ./Drivers/STM32G0xx_HAL_Driver/Src/stm32g0xx_ll_dma.o
LOAD ./Drivers/STM32G0xx_HAL_Driver/Src/stm32g0xx_ll_exti.o
LOAD ./Drivers/STM32G0xx_HAL_Driver/Src/stm32g0xx_ll_gpio.o
LOAD ./Drivers/STM32G0xx_HAL_Driver/Src/stm32g0xx_ll_rcc.o
LOAD ./Drivers/STM32G0xx_HAL_Driver/Src/stm32g0xx_ll_usart.o
LOAD ./Drivers/STM32G0xx_HAL_Driver/Src/stm32g0xx_ll_utils.o
LOAD ./Source/Src/AdcDrv.o
LOAD ./Source/Src/ButtonDrv.o
LOAD ./Source/Src/CircularBuffer.o
LOAD ./Source/Src/EcuM.o
LOAD ./Source/Src/LedDrv.o
LOAD ./Source/Src/Test.o
LOAD ./Source/Src/TheAPP.o
LOAD ./Source/Src/USARTDrv.o
LOAD ./Source/Src/USART_CommunicationProtocol.o
START GROUP
LOAD d:/stm32/stm32cubeide/stm32cubeide_1.12.1/stm32cubeide/plugins/com.st.stm32cube.ide.mcu.externaltools.gnu-tools-for-stm32.10.3-2021.10.win32_1.0.200.202301161003/tools/bin/../lib/gcc/arm-none-eabi/10.3.1/../../../../arm-none-eabi/lib/thumb/v6-m/nofp\libc_nano.a
LOAD d:/stm32/stm32cubeide/stm32cubeide_1.12.1/stm32cubeide/plugins/com.st.stm32cube.ide.mcu.externaltools.gnu-tools-for-stm32.10.3-2021.10.win32_1.0.200.202301161003/tools/bin/../lib/gcc/arm-none-eabi/10.3.1/../../../../arm-none-eabi/lib/thumb/v6-m/nofp\libm.a
END GROUP
START GROUP
LOAD d:/stm32/stm32cubeide/stm32cubeide_1.12.1/stm32cubeide/plugins/com.st.stm32cube.ide.mcu.externaltools.gnu-tools-for-stm32.10.3-2021.10.win32_1.0.200.202301161003/tools/bin/../lib/gcc/arm-none-eabi/10.3.1/thumb/v6-m/nofp\libgcc.a
LOAD d:/stm32/stm32cubeide/stm32cubeide_1.12.1/stm32cubeide/plugins/com.st.stm32cube.ide.mcu.externaltools.gnu-tools-for-stm32.10.3-2021.10.win32_1.0.200.202301161003/tools/bin/../lib/gcc/arm-none-eabi/10.3.1/../../../../arm-none-eabi/lib/thumb/v6-m/nofp\libc_nano.a
END GROUP
START GROUP
LOAD d:/stm32/stm32cubeide/stm32cubeide_1.12.1/stm32cubeide/plugins/com.st.stm32cube.ide.mcu.externaltools.gnu-tools-for-stm32.10.3-2021.10.win32_1.0.200.202301161003/tools/bin/../lib/gcc/arm-none-eabi/10.3.1/thumb/v6-m/nofp\libgcc.a
LOAD d:/stm32/stm32cubeide/stm32cubeide_1.12.1/stm32cubeide/plugins/com.st.stm32cube.ide.mcu.externaltools.gnu-tools-for-stm32.10.3-2021.10.win32_1.0.200.202301161003/tools/bin/../lib/gcc/arm-none-eabi/10.3.1/../../../../arm-none-eabi/lib/thumb/v6-m/nofp\libc_nano.a
LOAD d:/stm32/stm32cubeide/stm32cubeide_1.12.1/stm32cubeide/plugins/com.st.stm32cube.ide.mcu.externaltools.gnu-tools-for-stm32.10.3-2021.10.win32_1.0.200.202301161003/tools/bin/../lib/gcc/arm-none-eabi/10.3.1/../../../../arm-none-eabi/lib/thumb/v6-m/nofp\libnosys.a
END GROUP
START GROUP
LOAD d:/stm32/stm32cubeide/stm32cubeide_1.12.1/stm32cubeide/plugins/com.st.stm32cube.ide.mcu.externaltools.gnu-tools-for-stm32.10.3-2021.10.win32_1.0.200.202301161003/tools/bin/../lib/gcc/arm-none-eabi/10.3.1/thumb/v6-m/nofp\libgcc.a
LOAD d:/stm32/stm32cubeide/stm32cubeide_1.12.1/stm32cubeide/plugins/com.st.stm32cube.ide.mcu.externaltools.gnu-tools-for-stm32.10.3-2021.10.win32_1.0.200.202301161003/tools/bin/../lib/gcc/arm-none-eabi/10.3.1/../../../../arm-none-eabi/lib/thumb/v6-m/nofp\libc_nano.a
LOAD d:/stm32/stm32cubeide/stm32cubeide_1.12.1/stm32cubeide/plugins/com.st.stm32cube.ide.mcu.externaltools.gnu-tools-for-stm32.10.3-2021.10.win32_1.0.200.202301161003/tools/bin/../lib/gcc/arm-none-eabi/10.3.1/../../../../arm-none-eabi/lib/thumb/v6-m/nofp\libnosys.a
END GROUP
LOAD d:/stm32/stm32cubeide/stm32cubeide_1.12.1/stm32cubeide/plugins/com.st.stm32cube.ide.mcu.externaltools.gnu-tools-for-stm32.10.3-2021.10.win32_1.0.200.202301161003/tools/bin/../lib/gcc/arm-none-eabi/10.3.1/thumb/v6-m/nofp/crtend.o
LOAD d:/stm32/stm32cubeide/stm32cubeide_1.12.1/stm32cubeide/plugins/com.st.stm32cube.ide.mcu.externaltools.gnu-tools-for-stm32.10.3-2021.10.win32_1.0.200.202301161003/tools/bin/../lib/gcc/arm-none-eabi/10.3.1/thumb/v6-m/nofp/crtn.o
                0x0000000020009000                _estack = (ORIGIN (RAM) + LENGTH (RAM))
                0x0000000000000200                _Min_Heap_Size = 0x200
                0x0000000000000400                _Min_Stack_Size = 0x400

.isr_vector     0x0000000008000000       0xbc
                0x0000000008000000                . = ALIGN (0x4)
 *(.isr_vector)
 .isr_vector    0x0000000008000000       0xbc ./Core/Startup/startup_stm32g071rbtx.o
                0x0000000008000000                g_pfnVectors
                0x00000000080000bc                . = ALIGN (0x4)

.text           0x00000000080000bc     0x3c88
                0x00000000080000bc                . = ALIGN (0x4)
 *(.text)
 .text          0x00000000080000bc       0x48 d:/stm32/stm32cubeide/stm32cubeide_1.12.1/stm32cubeide/plugins/com.st.stm32cube.ide.mcu.externaltools.gnu-tools-for-stm32.10.3-2021.10.win32_1.0.200.202301161003/tools/bin/../lib/gcc/arm-none-eabi/10.3.1/thumb/v6-m/nofp/crtbegin.o
 .text          0x0000000008000104       0x14 d:/stm32/stm32cubeide/stm32cubeide_1.12.1/stm32cubeide/plugins/com.st.stm32cube.ide.mcu.externaltools.gnu-tools-for-stm32.10.3-2021.10.win32_1.0.200.202301161003/tools/bin/../lib/gcc/arm-none-eabi/10.3.1/thumb/v6-m/nofp\libgcc.a(_thumb1_case_shi.o)
                0x0000000008000104                __gnu_thumb1_case_shi
 .text          0x0000000008000118      0x114 d:/stm32/stm32cubeide/stm32cubeide_1.12.1/stm32cubeide/plugins/com.st.stm32cube.ide.mcu.externaltools.gnu-tools-for-stm32.10.3-2021.10.win32_1.0.200.202301161003/tools/bin/../lib/gcc/arm-none-eabi/10.3.1/thumb/v6-m/nofp\libgcc.a(_udivsi3.o)
                0x0000000008000118                __aeabi_uidiv
                0x0000000008000118                __udivsi3
                0x0000000008000224                __aeabi_uidivmod
 .text          0x000000000800022c      0x1d4 d:/stm32/stm32cubeide/stm32cubeide_1.12.1/stm32cubeide/plugins/com.st.stm32cube.ide.mcu.externaltools.gnu-tools-for-stm32.10.3-2021.10.win32_1.0.200.202301161003/tools/bin/../lib/gcc/arm-none-eabi/10.3.1/thumb/v6-m/nofp\libgcc.a(_divsi3.o)
                0x000000000800022c                __divsi3
                0x000000000800022c                __aeabi_idiv
                0x00000000080003f8                __aeabi_idivmod
 .text          0x0000000008000400        0x4 d:/stm32/stm32cubeide/stm32cubeide_1.12.1/stm32cubeide/plugins/com.st.stm32cube.ide.mcu.externaltools.gnu-tools-for-stm32.10.3-2021.10.win32_1.0.200.202301161003/tools/bin/../lib/gcc/arm-none-eabi/10.3.1/thumb/v6-m/nofp\libgcc.a(_dvmd_tls.o)
                0x0000000008000400                __aeabi_idiv0
                0x0000000008000400                __aeabi_ldiv0
 *(.text*)
 .text.__NVIC_EnableIRQ
                0x0000000008000404       0x34 ./Core/Src/main.o
 .text.__NVIC_SetPriority
                0x0000000008000438       0xdc ./Core/Src/main.o
 .text.LL_RCC_HSI_Enable
                0x0000000008000514       0x1c ./Core/Src/main.o
 .text.LL_RCC_HSI_IsReady
                0x0000000008000530       0x28 ./Core/Src/main.o
 .text.LL_RCC_SetSysClkSource
                0x0000000008000558       0x28 ./Core/Src/main.o
 .text.LL_RCC_GetSysClkSource
                0x0000000008000580       0x18 ./Core/Src/main.o
 .text.LL_RCC_SetAHBPrescaler
                0x0000000008000598       0x2c ./Core/Src/main.o
 .text.LL_RCC_SetAPB1Prescaler
                0x00000000080005c4       0x2c ./Core/Src/main.o
 .text.LL_RCC_SetUSARTClockSource
                0x00000000080005f0       0x30 ./Core/Src/main.o
 .text.LL_RCC_PLL_Enable
                0x0000000008000620       0x1c ./Core/Src/main.o
 .text.LL_RCC_PLL_IsReady
                0x000000000800063c       0x28 ./Core/Src/main.o
 .text.LL_RCC_PLL_ConfigDomain_SYS
                0x0000000008000664       0x40 ./Core/Src/main.o
 .text.LL_RCC_PLL_EnableDomain_SYS
                0x00000000080006a4       0x1c ./Core/Src/main.o
 .text.LL_APB2_GRP1_EnableClock
                0x00000000080006c0       0x2c ./Core/Src/main.o
 .text.LL_IOP_GRP1_EnableClock
                0x00000000080006ec       0x2c ./Core/Src/main.o
 .text.LL_FLASH_SetLatency
                0x0000000008000718       0x28 ./Core/Src/main.o
 .text.LL_FLASH_GetLatency
                0x0000000008000740       0x18 ./Core/Src/main.o
 .text.LL_USART_Enable
                0x0000000008000758       0x1c ./Core/Src/main.o
 .text.LL_USART_DisableFIFO
                0x0000000008000774       0x20 ./Core/Src/main.o
 .text.LL_USART_SetTXFIFOThreshold
                0x0000000008000794       0x46 ./Core/Src/main.o
 *fill*         0x00000000080007da        0x2 
 .text.LL_USART_SetRXFIFOThreshold
                0x00000000080007dc       0x4c ./Core/Src/main.o
 .text.LL_USART_ConfigAsyncMode
                0x0000000008000828       0x30 ./Core/Src/main.o
 .text.LL_USART_IsActiveFlag_TEACK
                0x0000000008000858       0x28 ./Core/Src/main.o
 .text.LL_USART_IsActiveFlag_REACK
                0x0000000008000880       0x28 ./Core/Src/main.o
 .text.LL_GPIO_ResetOutputPin
                0x00000000080008a8       0x18 ./Core/Src/main.o
 .text.main     0x00000000080008c0       0x1e ./Core/Src/main.o
                0x00000000080008c0                main
 *fill*         0x00000000080008de        0x2 
 .text.SystemClock_Config
                0x00000000080008e0       0x88 ./Core/Src/main.o
                0x00000000080008e0                SystemClock_Config
 .text.MX_ADC1_Init
                0x0000000008000968       0xd4 ./Core/Src/main.o
 .text.MX_USART1_UART_Init
                0x0000000008000a3c      0x144 ./Core/Src/main.o
 .text.MX_GPIO_Init
                0x0000000008000b80       0xc4 ./Core/Src/main.o
 .text.Error_Handler
                0x0000000008000c44        0xa ./Core/Src/main.o
                0x0000000008000c44                Error_Handler
 *fill*         0x0000000008000c4e        0x2 
 .text.HAL_MspInit
                0x0000000008000c50       0x48 ./Core/Src/stm32g0xx_hal_msp.o
                0x0000000008000c50                HAL_MspInit
 .text.HAL_ADC_MspInit
                0x0000000008000c98       0x88 ./Core/Src/stm32g0xx_hal_msp.o
                0x0000000008000c98                HAL_ADC_MspInit
 .text.NMI_Handler
                0x0000000008000d20        0x6 ./Core/Src/stm32g0xx_it.o
                0x0000000008000d20                NMI_Handler
 .text.HardFault_Handler
                0x0000000008000d26        0x6 ./Core/Src/stm32g0xx_it.o
                0x0000000008000d26                HardFault_Handler
 .text.SVC_Handler
                0x0000000008000d2c        0xa ./Core/Src/stm32g0xx_it.o
                0x0000000008000d2c                SVC_Handler
 .text.PendSV_Handler
                0x0000000008000d36        0xa ./Core/Src/stm32g0xx_it.o
                0x0000000008000d36                PendSV_Handler
 .text.SysTick_Handler
                0x0000000008000d40       0x12 ./Core/Src/stm32g0xx_it.o
                0x0000000008000d40                SysTick_Handler
 .text.USART1_IRQHandler
                0x0000000008000d52        0xe ./Core/Src/stm32g0xx_it.o
                0x0000000008000d52                USART1_IRQHandler
 .text._sbrk    0x0000000008000d60       0x6c ./Core/Src/sysmem.o
                0x0000000008000d60                _sbrk
 .text.SystemInit
                0x0000000008000dcc        0xa ./Core/Src/system_stm32g0xx.o
                0x0000000008000dcc                SystemInit
 *fill*         0x0000000008000dd6        0x2 
 .text.Reset_Handler
                0x0000000008000dd8       0x50 ./Core/Startup/startup_stm32g071rbtx.o
                0x0000000008000dd8                Reset_Handler
 .text.Default_Handler
                0x0000000008000e28        0x2 ./Core/Startup/startup_stm32g071rbtx.o
                0x0000000008000e28                USART3_4_LPUART1_IRQHandler
                0x0000000008000e28                TIM1_CC_IRQHandler
                0x0000000008000e28                ADC1_COMP_IRQHandler
                0x0000000008000e28                PVD_IRQHandler
                0x0000000008000e28                I2C1_IRQHandler
                0x0000000008000e28                TIM7_LPTIM2_IRQHandler
                0x0000000008000e28                RTC_TAMP_IRQHandler
                0x0000000008000e28                SPI1_IRQHandler
                0x0000000008000e28                EXTI2_3_IRQHandler
                0x0000000008000e28                I2C2_IRQHandler
                0x0000000008000e28                TIM17_IRQHandler
                0x0000000008000e28                TIM16_IRQHandler
                0x0000000008000e28                TIM3_IRQHandler
                0x0000000008000e28                EXTI4_15_IRQHandler
                0x0000000008000e28                RCC_IRQHandler
                0x0000000008000e28                DMA1_Channel1_IRQHandler
                0x0000000008000e28                Default_Handler
                0x0000000008000e28                CEC_IRQHandler
                0x0000000008000e28                TIM14_IRQHandler
                0x0000000008000e28                TIM15_IRQHandler
                0x0000000008000e28                EXTI0_1_IRQHandler
                0x0000000008000e28                SPI2_IRQHandler
                0x0000000008000e28                TIM6_DAC_LPTIM1_IRQHandler
                0x0000000008000e28                WWDG_IRQHandler
                0x0000000008000e28                TIM2_IRQHandler
                0x0000000008000e28                DMA1_Ch4_7_DMAMUX1_OVR_IRQHandler
                0x0000000008000e28                DMA1_Channel2_3_IRQHandler
                0x0000000008000e28                UCPD1_2_IRQHandler
                0x0000000008000e28                USART2_IRQHandler
                0x0000000008000e28                FLASH_IRQHandler
                0x0000000008000e28                TIM1_BRK_UP_TRG_COM_IRQHandler
 *fill*         0x0000000008000e2a        0x2 
 .text.HAL_Init
                0x0000000008000e2c       0x40 ./Drivers/STM32G0xx_HAL_Driver/Src/stm32g0xx_hal.o
                0x0000000008000e2c                HAL_Init
 .text.HAL_InitTick
                0x0000000008000e6c       0x94 ./Drivers/STM32G0xx_HAL_Driver/Src/stm32g0xx_hal.o
                0x0000000008000e6c                HAL_InitTick
 .text.HAL_IncTick
                0x0000000008000f00       0x24 ./Drivers/STM32G0xx_HAL_Driver/Src/stm32g0xx_hal.o
                0x0000000008000f00                HAL_IncTick
 .text.LL_ADC_SetCommonPathInternalCh
                0x0000000008000f24       0x28 ./Drivers/STM32G0xx_HAL_Driver/Src/stm32g0xx_hal_adc.o
 .text.LL_ADC_GetCommonPathInternalCh
                0x0000000008000f4c       0x1a ./Drivers/STM32G0xx_HAL_Driver/Src/stm32g0xx_hal_adc.o
 .text.LL_ADC_SetSamplingTimeCommonChannels
                0x0000000008000f66       0x3a ./Drivers/STM32G0xx_HAL_Driver/Src/stm32g0xx_hal_adc.o
 .text.LL_ADC_GetSamplingTimeCommonChannels
                0x0000000008000fa0       0x2e ./Drivers/STM32G0xx_HAL_Driver/Src/stm32g0xx_hal_adc.o
 .text.LL_ADC_REG_SetSequencerRanks
                0x0000000008000fce       0x40 ./Drivers/STM32G0xx_HAL_Driver/Src/stm32g0xx_hal_adc.o
 .text.LL_ADC_REG_SetSequencerChAdd
                0x000000000800100e       0x22 ./Drivers/STM32G0xx_HAL_Driver/Src/stm32g0xx_hal_adc.o
 .text.LL_ADC_REG_SetSequencerChRem
                0x0000000008001030       0x24 ./Drivers/STM32G0xx_HAL_Driver/Src/stm32g0xx_hal_adc.o
 .text.LL_ADC_SetChannelSamplingTime
                0x0000000008001054       0x38 ./Drivers/STM32G0xx_HAL_Driver/Src/stm32g0xx_hal_adc.o
 .text.LL_ADC_EnableInternalRegulator
                0x000000000800108c       0x28 ./Drivers/STM32G0xx_HAL_Driver/Src/stm32g0xx_hal_adc.o
 .text.LL_ADC_IsInternalRegulatorEnabled
                0x00000000080010b4       0x28 ./Drivers/STM32G0xx_HAL_Driver/Src/stm32g0xx_hal_adc.o
 .text.LL_ADC_IsEnabled
                0x00000000080010dc       0x22 ./Drivers/STM32G0xx_HAL_Driver/Src/stm32g0xx_hal_adc.o
 .text.LL_ADC_REG_IsConversionOngoing
                0x00000000080010fe       0x22 ./Drivers/STM32G0xx_HAL_Driver/Src/stm32g0xx_hal_adc.o
 .text.HAL_ADC_Init
                0x0000000008001120      0x350 ./Drivers/STM32G0xx_HAL_Driver/Src/stm32g0xx_hal_adc.o
                0x0000000008001120                HAL_ADC_Init
 .text.HAL_ADC_ConfigChannel
                0x0000000008001470      0x3b0 ./Drivers/STM32G0xx_HAL_Driver/Src/stm32g0xx_hal_adc.o
                0x0000000008001470                HAL_ADC_ConfigChannel
 .text.__NVIC_SetPriority
                0x0000000008001820       0xdc ./Drivers/STM32G0xx_HAL_Driver/Src/stm32g0xx_hal_cortex.o
 .text.SysTick_Config
                0x00000000080018fc       0x48 ./Drivers/STM32G0xx_HAL_Driver/Src/stm32g0xx_hal_cortex.o
 .text.HAL_NVIC_SetPriority
                0x0000000008001944       0x2a ./Drivers/STM32G0xx_HAL_Driver/Src/stm32g0xx_hal_cortex.o
                0x0000000008001944                HAL_NVIC_SetPriority
 .text.HAL_SYSTICK_Config
                0x000000000800196e       0x1a ./Drivers/STM32G0xx_HAL_Driver/Src/stm32g0xx_hal_cortex.o
                0x000000000800196e                HAL_SYSTICK_Config
 .text.HAL_GPIO_Init
                0x0000000008001988      0x2c8 ./Drivers/STM32G0xx_HAL_Driver/Src/stm32g0xx_hal_gpio.o
                0x0000000008001988                HAL_GPIO_Init
 .text.LL_GPIO_SetPinMode
                0x0000000008001c50       0x38 ./Drivers/STM32G0xx_HAL_Driver/Src/stm32g0xx_ll_gpio.o
 .text.LL_GPIO_SetPinOutputType
                0x0000000008001c88       0x2a ./Drivers/STM32G0xx_HAL_Driver/Src/stm32g0xx_ll_gpio.o
 .text.LL_GPIO_SetPinSpeed
                0x0000000008001cb2       0x38 ./Drivers/STM32G0xx_HAL_Driver/Src/stm32g0xx_ll_gpio.o
 .text.LL_GPIO_SetPinPull
                0x0000000008001cea       0x38 ./Drivers/STM32G0xx_HAL_Driver/Src/stm32g0xx_ll_gpio.o
 .text.LL_GPIO_SetAFPin_0_7
                0x0000000008001d22       0x46 ./Drivers/STM32G0xx_HAL_Driver/Src/stm32g0xx_ll_gpio.o
 .text.LL_GPIO_SetAFPin_8_15
                0x0000000008001d68       0x5a ./Drivers/STM32G0xx_HAL_Driver/Src/stm32g0xx_ll_gpio.o
 .text.LL_GPIO_Init
                0x0000000008001dc2       0xb6 ./Drivers/STM32G0xx_HAL_Driver/Src/stm32g0xx_ll_gpio.o
                0x0000000008001dc2                LL_GPIO_Init
 .text.LL_RCC_HSI_IsReady
                0x0000000008001e78       0x28 ./Drivers/STM32G0xx_HAL_Driver/Src/stm32g0xx_ll_rcc.o
 .text.LL_RCC_LSE_IsReady
                0x0000000008001ea0       0x20 ./Drivers/STM32G0xx_HAL_Driver/Src/stm32g0xx_ll_rcc.o
 .text.LL_RCC_GetSysClkSource
                0x0000000008001ec0       0x18 ./Drivers/STM32G0xx_HAL_Driver/Src/stm32g0xx_ll_rcc.o
 .text.LL_RCC_GetAHBPrescaler
                0x0000000008001ed8       0x18 ./Drivers/STM32G0xx_HAL_Driver/Src/stm32g0xx_ll_rcc.o
 .text.LL_RCC_GetAPB1Prescaler
                0x0000000008001ef0       0x18 ./Drivers/STM32G0xx_HAL_Driver/Src/stm32g0xx_ll_rcc.o
 .text.LL_RCC_GetUSARTClockSource
                0x0000000008001f08       0x24 ./Drivers/STM32G0xx_HAL_Driver/Src/stm32g0xx_ll_rcc.o
 .text.LL_RCC_PLL_GetN
                0x0000000008001f2c       0x18 ./Drivers/STM32G0xx_HAL_Driver/Src/stm32g0xx_ll_rcc.o
 .text.LL_RCC_PLL_GetR
                0x0000000008001f44       0x18 ./Drivers/STM32G0xx_HAL_Driver/Src/stm32g0xx_ll_rcc.o
 .text.LL_RCC_PLL_GetMainSource
                0x0000000008001f5c       0x18 ./Drivers/STM32G0xx_HAL_Driver/Src/stm32g0xx_ll_rcc.o
 .text.LL_RCC_PLL_GetDivider
                0x0000000008001f74       0x18 ./Drivers/STM32G0xx_HAL_Driver/Src/stm32g0xx_ll_rcc.o
 .text.LL_RCC_GetSystemClocksFreq
                0x0000000008001f8c       0x3a ./Drivers/STM32G0xx_HAL_Driver/Src/stm32g0xx_ll_rcc.o
                0x0000000008001f8c                LL_RCC_GetSystemClocksFreq
 *fill*         0x0000000008001fc6        0x2 
 .text.LL_RCC_GetUSARTClockFreq
                0x0000000008001fc8      0x120 ./Drivers/STM32G0xx_HAL_Driver/Src/stm32g0xx_ll_rcc.o
                0x0000000008001fc8                LL_RCC_GetUSARTClockFreq
 .text.RCC_GetSystemClockFreq
                0x00000000080020e8       0x5c ./Drivers/STM32G0xx_HAL_Driver/Src/stm32g0xx_ll_rcc.o
 .text.RCC_GetHCLKClockFreq
                0x0000000008002144       0x30 ./Drivers/STM32G0xx_HAL_Driver/Src/stm32g0xx_ll_rcc.o
 .text.RCC_GetPCLK1ClockFreq
                0x0000000008002174       0x2c ./Drivers/STM32G0xx_HAL_Driver/Src/stm32g0xx_ll_rcc.o
 .text.RCC_PLL_GetFreqDomain_SYS
                0x00000000080021a0       0x74 ./Drivers/STM32G0xx_HAL_Driver/Src/stm32g0xx_ll_rcc.o
 .text.LL_USART_IsEnabled
                0x0000000008002214       0x22 ./Drivers/STM32G0xx_HAL_Driver/Src/stm32g0xx_ll_usart.o
 .text.LL_USART_SetPrescaler
                0x0000000008002236       0x24 ./Drivers/STM32G0xx_HAL_Driver/Src/stm32g0xx_ll_usart.o
 *fill*         0x000000000800225a        0x2 
 .text.LL_USART_SetStopBitsLength
                0x000000000800225c       0x28 ./Drivers/STM32G0xx_HAL_Driver/Src/stm32g0xx_ll_usart.o
 .text.LL_USART_SetHWFlowCtrl
                0x0000000008002284       0x28 ./Drivers/STM32G0xx_HAL_Driver/Src/stm32g0xx_ll_usart.o
 .text.LL_USART_SetBaudRate
                0x00000000080022ac       0xb4 ./Drivers/STM32G0xx_HAL_Driver/Src/stm32g0xx_ll_usart.o
 .text.LL_USART_Init
                0x0000000008002360      0x11c ./Drivers/STM32G0xx_HAL_Driver/Src/stm32g0xx_ll_usart.o
                0x0000000008002360                LL_USART_Init
 .text.LL_SetSystemCoreClock
                0x000000000800247c       0x1c ./Drivers/STM32G0xx_HAL_Driver/Src/stm32g0xx_ll_utils.o
                0x000000000800247c                LL_SetSystemCoreClock
 .text.AdcDrv_Init
                0x0000000008002498        0xa ./Source/Src/AdcDrv.o
                0x0000000008002498                AdcDrv_Init
 .text.AdcDrv_MainFunction
                0x00000000080024a2        0xa ./Source/Src/AdcDrv.o
                0x00000000080024a2                AdcDrv_MainFunction
 .text.LL_GPIO_IsInputPinSet
                0x00000000080024ac       0x26 ./Source/Src/ButtonDrv.o
 *fill*         0x00000000080024d2        0x2 
 .text.ButtonDrv_Init
                0x00000000080024d4       0x38 ./Source/Src/ButtonDrv.o
                0x00000000080024d4                ButtonDrv_Init
 .text.f_GetReturnValuePeriod
                0x000000000800250c       0x14 ./Source/Src/ButtonDrv.o
                0x000000000800250c                f_GetReturnValuePeriod
 .text.SetPeriod
                0x0000000008002520       0x64 ./Source/Src/ButtonDrv.o
                0x0000000008002520                SetPeriod
 .text.ButtonDrv_MainFunction
                0x0000000008002584       0x34 ./Source/Src/ButtonDrv.o
                0x0000000008002584                ButtonDrv_MainFunction
 .text.f_isFullFIFOBuffer
                0x00000000080025b8       0x1e ./Source/Src/CircularBuffer.o
                0x00000000080025b8                f_isFullFIFOBuffer
 .text.f_isEmptyFIFOBuffer
                0x00000000080025d6       0x1e ./Source/Src/CircularBuffer.o
                0x00000000080025d6                f_isEmptyFIFOBuffer
 .text.f_addElemFIFOBuffer
                0x00000000080025f4       0x6a ./Source/Src/CircularBuffer.o
                0x00000000080025f4                f_addElemFIFOBuffer
 .text.f_getElemFIFOBuffer
                0x000000000800265e       0x66 ./Source/Src/CircularBuffer.o
                0x000000000800265e                f_getElemFIFOBuffer
 .text.__NVIC_SetPriority
                0x00000000080026c4       0xdc ./Source/Src/EcuM.o
 .text.SysTick_Config
                0x00000000080027a0       0x48 ./Source/Src/EcuM.o
 .text.EcuM_0   0x00000000080027e8       0x40 ./Source/Src/EcuM.o
                0x00000000080027e8                EcuM_0
 .text.EcuM_SysTickCallBack
                0x0000000008002828       0x18 ./Source/Src/EcuM.o
                0x0000000008002828                EcuM_SysTickCallBack
 .text.EcuM_Init
                0x0000000008002840       0x2c ./Source/Src/EcuM.o
                0x0000000008002840                EcuM_Init
 .text.EcuM_MainFunction
                0x000000000800286c       0x22 ./Source/Src/EcuM.o
                0x000000000800286c                EcuM_MainFunction
 .text.LedDrv_Init
                0x000000000800288e       0x12 ./Source/Src/LedDrv.o
                0x000000000800288e                LedDrv_Init
 .text.f_ConfigValueSet
                0x00000000080028a0       0x30 ./Source/Src/LedDrv.o
                0x00000000080028a0                f_ConfigValueSet
 .text.LedDrv_MainFunction
                0x00000000080028d0       0xd8 ./Source/Src/LedDrv.o
                0x00000000080028d0                LedDrv_MainFunction
 .text.TheApp_Init
                0x00000000080029a8       0x1c ./Source/Src/TheAPP.o
                0x00000000080029a8                TheApp_Init
 .text.TheAPP_MainFunction
                0x00000000080029c4       0x44 ./Source/Src/TheAPP.o
                0x00000000080029c4                TheAPP_MainFunction
 .text.TheAPP_SetPeriodParameters
                0x0000000008002a08       0xb0 ./Source/Src/TheAPP.o
                0x0000000008002a08                TheAPP_SetPeriodParameters
 .text.TheAPP_CallBack
                0x0000000008002ab8       0x2c ./Source/Src/TheAPP.o
                0x0000000008002ab8                TheAPP_CallBack
 .text.LL_USART_IsActiveFlag_PE
                0x0000000008002ae4       0x22 ./Source/Src/USARTDrv.o
 .text.LL_USART_IsActiveFlag_FE
                0x0000000008002b06       0x22 ./Source/Src/USARTDrv.o
 .text.LL_USART_IsActiveFlag_NE
                0x0000000008002b28       0x22 ./Source/Src/USARTDrv.o
 .text.LL_USART_IsActiveFlag_ORE
                0x0000000008002b4a       0x22 ./Source/Src/USARTDrv.o
 .text.LL_USART_IsActiveFlag_RXNE_RXFNE
                0x0000000008002b6c       0x22 ./Source/Src/USARTDrv.o
 .text.LL_USART_IsActiveFlag_TC
                0x0000000008002b8e       0x22 ./Source/Src/USARTDrv.o
 .text.LL_USART_IsActiveFlag_TXE_TXFNF
                0x0000000008002bb0       0x22 ./Source/Src/USARTDrv.o
 .text.LL_USART_ClearFlag_PE
                0x0000000008002bd2       0x16 ./Source/Src/USARTDrv.o
 .text.LL_USART_ClearFlag_FE
                0x0000000008002be8       0x16 ./Source/Src/USARTDrv.o
 .text.LL_USART_ClearFlag_NE
                0x0000000008002bfe       0x16 ./Source/Src/USARTDrv.o
 .text.LL_USART_ClearFlag_ORE
                0x0000000008002c14       0x16 ./Source/Src/USARTDrv.o
 .text.LL_USART_ClearFlag_TC
                0x0000000008002c2a       0x16 ./Source/Src/USARTDrv.o
 .text.LL_USART_EnableIT_RXNE_RXFNE
                0x0000000008002c40       0x3e ./Source/Src/USARTDrv.o
 .text.LL_USART_EnableIT_TC
                0x0000000008002c7e       0x3e ./Source/Src/USARTDrv.o
 .text.LL_USART_EnableIT_TXE_TXFNF
                0x0000000008002cbc       0x3e ./Source/Src/USARTDrv.o
 .text.LL_USART_DisableIT_TC
                0x0000000008002cfa       0x40 ./Source/Src/USARTDrv.o
 .text.LL_USART_DisableIT_TXE_TXFNF
                0x0000000008002d3a       0x40 ./Source/Src/USARTDrv.o
 .text.LL_USART_IsEnabledIT_RXNE_RXFNE
                0x0000000008002d7a       0x22 ./Source/Src/USARTDrv.o
 .text.LL_USART_IsEnabledIT_TC
                0x0000000008002d9c       0x22 ./Source/Src/USARTDrv.o
 .text.LL_USART_IsEnabledIT_TXE_TXFNF
                0x0000000008002dbe       0x22 ./Source/Src/USARTDrv.o
 .text.LL_USART_IsEnabledIT_PE
                0x0000000008002de0       0x28 ./Source/Src/USARTDrv.o
 .text.LL_USART_IsEnabledIT_ERROR
                0x0000000008002e08       0x22 ./Source/Src/USARTDrv.o
 .text.LL_USART_ReceiveData8
                0x0000000008002e2a       0x16 ./Source/Src/USARTDrv.o
 .text.LL_USART_TransmitData8
                0x0000000008002e40       0x1e ./Source/Src/USARTDrv.o
 *fill*         0x0000000008002e5e        0x2 
 .text.USARTDrv_Init
                0x0000000008002e60       0x40 ./Source/Src/USARTDrv.o
                0x0000000008002e60                USARTDrv_Init
 .text.USARTDrv_MainFunction
                0x0000000008002ea0       0x60 ./Source/Src/USARTDrv.o
                0x0000000008002ea0                USARTDrv_MainFunction
 .text.USART_SendBuffer
                0x0000000008002f00       0x84 ./Source/Src/USARTDrv.o
                0x0000000008002f00                USART_SendBuffer
 .text.USART_SysCallBack
                0x0000000008002f84       0xf8 ./Source/Src/USARTDrv.o
                0x0000000008002f84                USART_SysCallBack
 .text.USART_RxHandlerIsr
                0x000000000800307c       0x28 ./Source/Src/USARTDrv.o
                0x000000000800307c                USART_RxHandlerIsr
 .text.USART_TxHandlerIsr
                0x00000000080030a4       0x7c ./Source/Src/USARTDrv.o
                0x00000000080030a4                USART_TxHandlerIsr
 .text.f_USART_GetCharData
                0x0000000008003120       0x4c ./Source/Src/USARTDrv.o
                0x0000000008003120                f_USART_GetCharData
 .text.f_USARTCommProt_Main
                0x000000000800316c      0x194 ./Source/Src/USART_CommunicationProtocol.o
                0x000000000800316c                f_USARTCommProt_Main
 .text.f_USARTCommProt_IsCRCByte
                0x0000000008003300       0x64 ./Source/Src/USART_CommunicationProtocol.o
                0x0000000008003300                f_USARTCommProt_IsCRCByte
 .text.f_USARTCommProt_IsProcessData
                0x0000000008003364       0x48 ./Source/Src/USART_CommunicationProtocol.o
                0x0000000008003364                f_USARTCommProt_IsProcessData
 .text.f_USARTCommProt_IsDatPacketTightening
                0x00000000080033ac       0x48 ./Source/Src/USART_CommunicationProtocol.o
                0x00000000080033ac                f_USARTCommProt_IsDatPacketTightening
 .text.__errno  0x00000000080033f4        0xc d:/stm32/stm32cubeide/stm32cubeide_1.12.1/stm32cubeide/plugins/com.st.stm32cube.ide.mcu.externaltools.gnu-tools-for-stm32.10.3-2021.10.win32_1.0.200.202301161003/tools/bin/../lib/gcc/arm-none-eabi/10.3.1/../../../../arm-none-eabi/lib/thumb/v6-m/nofp\libc_nano.a(lib_a-errno.o)
                0x00000000080033f4                __errno
 .text.__libc_init_array
                0x0000000008003400       0x48 d:/stm32/stm32cubeide/stm32cubeide_1.12.1/stm32cubeide/plugins/com.st.stm32cube.ide.mcu.externaltools.gnu-tools-for-stm32.10.3-2021.10.win32_1.0.200.202301161003/tools/bin/../lib/gcc/arm-none-eabi/10.3.1/../../../../arm-none-eabi/lib/thumb/v6-m/nofp\libc_nano.a(lib_a-init.o)
                0x0000000008003400                __libc_init_array
 .text.memset   0x0000000008003448       0x10 d:/stm32/stm32cubeide/stm32cubeide_1.12.1/stm32cubeide/plugins/com.st.stm32cube.ide.mcu.externaltools.gnu-tools-for-stm32.10.3-2021.10.win32_1.0.200.202301161003/tools/bin/../lib/gcc/arm-none-eabi/10.3.1/../../../../arm-none-eabi/lib/thumb/v6-m/nofp\libc_nano.a(lib_a-memset.o)
                0x0000000008003448                memset
 .text.sprintf  0x0000000008003458       0x40 d:/stm32/stm32cubeide/stm32cubeide_1.12.1/stm32cubeide/plugins/com.st.stm32cube.ide.mcu.externaltools.gnu-tools-for-stm32.10.3-2021.10.win32_1.0.200.202301161003/tools/bin/../lib/gcc/arm-none-eabi/10.3.1/../../../../arm-none-eabi/lib/thumb/v6-m/nofp\libc_nano.a(lib_a-sprintf.o)
                0x0000000008003458                siprintf
                0x0000000008003458                sprintf
 .text.__ssputs_r
                0x0000000008003498       0xc4 d:/stm32/stm32cubeide/stm32cubeide_1.12.1/stm32cubeide/plugins/com.st.stm32cube.ide.mcu.externaltools.gnu-tools-for-stm32.10.3-2021.10.win32_1.0.200.202301161003/tools/bin/../lib/gcc/arm-none-eabi/10.3.1/../../../../arm-none-eabi/lib/thumb/v6-m/nofp\libc_nano.a(lib_a-nano-svfprintf.o)
                0x0000000008003498                __ssputs_r
 .text._svfprintf_r
                0x000000000800355c      0x200 d:/stm32/stm32cubeide/stm32cubeide_1.12.1/stm32cubeide/plugins/com.st.stm32cube.ide.mcu.externaltools.gnu-tools-for-stm32.10.3-2021.10.win32_1.0.200.202301161003/tools/bin/../lib/gcc/arm-none-eabi/10.3.1/../../../../arm-none-eabi/lib/thumb/v6-m/nofp\libc_nano.a(lib_a-nano-svfprintf.o)
                0x000000000800355c                _svfiprintf_r
                0x000000000800355c                _svfprintf_r
 .text._printf_common
                0x000000000800375c       0xde d:/stm32/stm32cubeide/stm32cubeide_1.12.1/stm32cubeide/plugins/com.st.stm32cube.ide.mcu.externaltools.gnu-tools-for-stm32.10.3-2021.10.win32_1.0.200.202301161003/tools/bin/../lib/gcc/arm-none-eabi/10.3.1/../../../../arm-none-eabi/lib/thumb/v6-m/nofp\libc_nano.a(lib_a-nano-vfprintf_i.o)
                0x000000000800375c                _printf_common
 *fill*         0x000000000800383a        0x2 
 .text._printf_i
                0x000000000800383c      0x224 d:/stm32/stm32cubeide/stm32cubeide_1.12.1/stm32cubeide/plugins/com.st.stm32cube.ide.mcu.externaltools.gnu-tools-for-stm32.10.3-2021.10.win32_1.0.200.202301161003/tools/bin/../lib/gcc/arm-none-eabi/10.3.1/../../../../arm-none-eabi/lib/thumb/v6-m/nofp\libc_nano.a(lib_a-nano-vfprintf_i.o)
                0x000000000800383c                _printf_i
 .text.memchr   0x0000000008003a60       0x16 d:/stm32/stm32cubeide/stm32cubeide_1.12.1/stm32cubeide/plugins/com.st.stm32cube.ide.mcu.externaltools.gnu-tools-for-stm32.10.3-2021.10.win32_1.0.200.202301161003/tools/bin/../lib/gcc/arm-none-eabi/10.3.1/../../../../arm-none-eabi/lib/thumb/v6-m/nofp\libc_nano.a(lib_a-memchr-stub.o)
                0x0000000008003a60                memchr
 .text.memcpy   0x0000000008003a76       0x12 d:/stm32/stm32cubeide/stm32cubeide_1.12.1/stm32cubeide/plugins/com.st.stm32cube.ide.mcu.externaltools.gnu-tools-for-stm32.10.3-2021.10.win32_1.0.200.202301161003/tools/bin/../lib/gcc/arm-none-eabi/10.3.1/../../../../arm-none-eabi/lib/thumb/v6-m/nofp\libc_nano.a(lib_a-memcpy-stub.o)
                0x0000000008003a76                memcpy
 .text.memmove  0x0000000008003a88       0x26 d:/stm32/stm32cubeide/stm32cubeide_1.12.1/stm32cubeide/plugins/com.st.stm32cube.ide.mcu.externaltools.gnu-tools-for-stm32.10.3-2021.10.win32_1.0.200.202301161003/tools/bin/../lib/gcc/arm-none-eabi/10.3.1/../../../../arm-none-eabi/lib/thumb/v6-m/nofp\libc_nano.a(lib_a-memmove.o)
                0x0000000008003a88                memmove
 *fill*         0x0000000008003aae        0x2 
 .text._free_r  0x0000000008003ab0       0x94 d:/stm32/stm32cubeide/stm32cubeide_1.12.1/stm32cubeide/plugins/com.st.stm32cube.ide.mcu.externaltools.gnu-tools-for-stm32.10.3-2021.10.win32_1.0.200.202301161003/tools/bin/../lib/gcc/arm-none-eabi/10.3.1/../../../../arm-none-eabi/lib/thumb/v6-m/nofp\libc_nano.a(lib_a-nano-freer.o)
                0x0000000008003ab0                _free_r
 .text.sbrk_aligned
                0x0000000008003b44       0x44 d:/stm32/stm32cubeide/stm32cubeide_1.12.1/stm32cubeide/plugins/com.st.stm32cube.ide.mcu.externaltools.gnu-tools-for-stm32.10.3-2021.10.win32_1.0.200.202301161003/tools/bin/../lib/gcc/arm-none-eabi/10.3.1/../../../../arm-none-eabi/lib/thumb/v6-m/nofp\libc_nano.a(lib_a-nano-mallocr.o)
 .text._malloc_r
                0x0000000008003b88       0xec d:/stm32/stm32cubeide/stm32cubeide_1.12.1/stm32cubeide/plugins/com.st.stm32cube.ide.mcu.externaltools.gnu-tools-for-stm32.10.3-2021.10.win32_1.0.200.202301161003/tools/bin/../lib/gcc/arm-none-eabi/10.3.1/../../../../arm-none-eabi/lib/thumb/v6-m/nofp\libc_nano.a(lib_a-nano-mallocr.o)
                0x0000000008003b88                _malloc_r
 .text._realloc_r
                0x0000000008003c74       0x5e d:/stm32/stm32cubeide/stm32cubeide_1.12.1/stm32cubeide/plugins/com.st.stm32cube.ide.mcu.externaltools.gnu-tools-for-stm32.10.3-2021.10.win32_1.0.200.202301161003/tools/bin/../lib/gcc/arm-none-eabi/10.3.1/../../../../arm-none-eabi/lib/thumb/v6-m/nofp\libc_nano.a(lib_a-nano-reallocr.o)
                0x0000000008003c74                _realloc_r
 *fill*         0x0000000008003cd2        0x2 
 .text._sbrk_r  0x0000000008003cd4       0x24 d:/stm32/stm32cubeide/stm32cubeide_1.12.1/stm32cubeide/plugins/com.st.stm32cube.ide.mcu.externaltools.gnu-tools-for-stm32.10.3-2021.10.win32_1.0.200.202301161003/tools/bin/../lib/gcc/arm-none-eabi/10.3.1/../../../../arm-none-eabi/lib/thumb/v6-m/nofp\libc_nano.a(lib_a-sbrkr.o)
                0x0000000008003cd4                _sbrk_r
 .text.__malloc_lock
                0x0000000008003cf8       0x10 d:/stm32/stm32cubeide/stm32cubeide_1.12.1/stm32cubeide/plugins/com.st.stm32cube.ide.mcu.externaltools.gnu-tools-for-stm32.10.3-2021.10.win32_1.0.200.202301161003/tools/bin/../lib/gcc/arm-none-eabi/10.3.1/../../../../arm-none-eabi/lib/thumb/v6-m/nofp\libc_nano.a(lib_a-mlock.o)
                0x0000000008003cf8                __malloc_lock
 .text.__malloc_unlock
                0x0000000008003d08       0x10 d:/stm32/stm32cubeide/stm32cubeide_1.12.1/stm32cubeide/plugins/com.st.stm32cube.ide.mcu.externaltools.gnu-tools-for-stm32.10.3-2021.10.win32_1.0.200.202301161003/tools/bin/../lib/gcc/arm-none-eabi/10.3.1/../../../../arm-none-eabi/lib/thumb/v6-m/nofp\libc_nano.a(lib_a-mlock.o)
                0x0000000008003d08                __malloc_unlock
 .text._malloc_usable_size_r
                0x0000000008003d18       0x10 d:/stm32/stm32cubeide/stm32cubeide_1.12.1/stm32cubeide/plugins/com.st.stm32cube.ide.mcu.externaltools.gnu-tools-for-stm32.10.3-2021.10.win32_1.0.200.202301161003/tools/bin/../lib/gcc/arm-none-eabi/10.3.1/../../../../arm-none-eabi/lib/thumb/v6-m/nofp\libc_nano.a(lib_a-nano-msizer.o)
                0x0000000008003d18                _malloc_usable_size_r
 .text.__retarget_lock_acquire_recursive
                0x0000000008003d28        0x2 d:/stm32/stm32cubeide/stm32cubeide_1.12.1/stm32cubeide/plugins/com.st.stm32cube.ide.mcu.externaltools.gnu-tools-for-stm32.10.3-2021.10.win32_1.0.200.202301161003/tools/bin/../lib/gcc/arm-none-eabi/10.3.1/../../../../arm-none-eabi/lib/thumb/v6-m/nofp\libc_nano.a(lib_a-lock.o)
                0x0000000008003d28                __retarget_lock_acquire_recursive
 .text.__retarget_lock_release_recursive
                0x0000000008003d2a        0x2 d:/stm32/stm32cubeide/stm32cubeide_1.12.1/stm32cubeide/plugins/com.st.stm32cube.ide.mcu.externaltools.gnu-tools-for-stm32.10.3-2021.10.win32_1.0.200.202301161003/tools/bin/../lib/gcc/arm-none-eabi/10.3.1/../../../../arm-none-eabi/lib/thumb/v6-m/nofp\libc_nano.a(lib_a-lock.o)
                0x0000000008003d2a                __retarget_lock_release_recursive
 *(.glue_7)
 .glue_7        0x0000000008003d2c        0x0 linker stubs
 *(.glue_7t)
 .glue_7t       0x0000000008003d2c        0x0 linker stubs
 *(.eh_frame)
 .eh_frame      0x0000000008003d2c        0x0 d:/stm32/stm32cubeide/stm32cubeide_1.12.1/stm32cubeide/plugins/com.st.stm32cube.ide.mcu.externaltools.gnu-tools-for-stm32.10.3-2021.10.win32_1.0.200.202301161003/tools/bin/../lib/gcc/arm-none-eabi/10.3.1/thumb/v6-m/nofp/crtbegin.o
 *(.init)
 .init          0x0000000008003d2c        0x4 d:/stm32/stm32cubeide/stm32cubeide_1.12.1/stm32cubeide/plugins/com.st.stm32cube.ide.mcu.externaltools.gnu-tools-for-stm32.10.3-2021.10.win32_1.0.200.202301161003/tools/bin/../lib/gcc/arm-none-eabi/10.3.1/thumb/v6-m/nofp/crti.o
                0x0000000008003d2c                _init
 .init          0x0000000008003d30        0x8 d:/stm32/stm32cubeide/stm32cubeide_1.12.1/stm32cubeide/plugins/com.st.stm32cube.ide.mcu.externaltools.gnu-tools-for-stm32.10.3-2021.10.win32_1.0.200.202301161003/tools/bin/../lib/gcc/arm-none-eabi/10.3.1/thumb/v6-m/nofp/crtn.o
 *(.fini)
 .fini          0x0000000008003d38        0x4 d:/stm32/stm32cubeide/stm32cubeide_1.12.1/stm32cubeide/plugins/com.st.stm32cube.ide.mcu.externaltools.gnu-tools-for-stm32.10.3-2021.10.win32_1.0.200.202301161003/tools/bin/../lib/gcc/arm-none-eabi/10.3.1/thumb/v6-m/nofp/crti.o
                0x0000000008003d38                _fini
 .fini          0x0000000008003d3c        0x8 d:/stm32/stm32cubeide/stm32cubeide_1.12.1/stm32cubeide/plugins/com.st.stm32cube.ide.mcu.externaltools.gnu-tools-for-stm32.10.3-2021.10.win32_1.0.200.202301161003/tools/bin/../lib/gcc/arm-none-eabi/10.3.1/thumb/v6-m/nofp/crtn.o
                0x0000000008003d44                . = ALIGN (0x4)
                0x0000000008003d44                _etext = .

.vfp11_veneer   0x0000000008003d44        0x0
 .vfp11_veneer  0x0000000008003d44        0x0 linker stubs

.v4_bx          0x0000000008003d44        0x0
 .v4_bx         0x0000000008003d44        0x0 linker stubs

.iplt           0x0000000008003d44        0x0
 .iplt          0x0000000008003d44        0x0 d:/stm32/stm32cubeide/stm32cubeide_1.12.1/stm32cubeide/plugins/com.st.stm32cube.ide.mcu.externaltools.gnu-tools-for-stm32.10.3-2021.10.win32_1.0.200.202301161003/tools/bin/../lib/gcc/arm-none-eabi/10.3.1/thumb/v6-m/nofp/crtbegin.o

.rodata         0x0000000008003d44       0xe4
                0x0000000008003d44                . = ALIGN (0x4)
 *(.rodata)
 .rodata        0x0000000008003d44        0xc ./Source/Src/USARTDrv.o
 *(.rodata*)
 .rodata.AHBPrescTable
                0x0000000008003d50       0x40 ./Core/Src/system_stm32g0xx.o
                0x0000000008003d50                AHBPrescTable
 .rodata.APBPrescTable
                0x0000000008003d90       0x20 ./Core/Src/system_stm32g0xx.o
                0x0000000008003d90                APBPrescTable
 .rodata.USART_PRESCALER_TAB
                0x0000000008003db0       0x30 ./Drivers/STM32G0xx_HAL_Driver/Src/stm32g0xx_ll_usart.o
 .rodata.f_USARTCommProt_Main
                0x0000000008003de0       0x14 ./Source/Src/USART_CommunicationProtocol.o
 .rodata._svfprintf_r.str1.1
                0x0000000008003df4       0x11 d:/stm32/stm32cubeide/stm32cubeide_1.12.1/stm32cubeide/plugins/com.st.stm32cube.ide.mcu.externaltools.gnu-tools-for-stm32.10.3-2021.10.win32_1.0.200.202301161003/tools/bin/../lib/gcc/arm-none-eabi/10.3.1/../../../../arm-none-eabi/lib/thumb/v6-m/nofp\libc_nano.a(lib_a-nano-svfprintf.o)
 .rodata._printf_i.str1.1
                0x0000000008003e05       0x22 d:/stm32/stm32cubeide/stm32cubeide_1.12.1/stm32cubeide/plugins/com.st.stm32cube.ide.mcu.externaltools.gnu-tools-for-stm32.10.3-2021.10.win32_1.0.200.202301161003/tools/bin/../lib/gcc/arm-none-eabi/10.3.1/../../../../arm-none-eabi/lib/thumb/v6-m/nofp\libc_nano.a(lib_a-nano-vfprintf_i.o)
                0x0000000008003e28                . = ALIGN (0x4)
 *fill*         0x0000000008003e27        0x1 

.rel.dyn        0x0000000008003e28        0x0
 .rel.iplt      0x0000000008003e28        0x0 d:/stm32/stm32cubeide/stm32cubeide_1.12.1/stm32cubeide/plugins/com.st.stm32cube.ide.mcu.externaltools.gnu-tools-for-stm32.10.3-2021.10.win32_1.0.200.202301161003/tools/bin/../lib/gcc/arm-none-eabi/10.3.1/thumb/v6-m/nofp/crtbegin.o

.ARM.extab      0x0000000008003e28        0x0
                0x0000000008003e28                . = ALIGN (0x4)
 *(.ARM.extab* .gnu.linkonce.armextab.*)
                0x0000000008003e28                . = ALIGN (0x4)

.ARM            0x0000000008003e28        0x0
                0x0000000008003e28                . = ALIGN (0x4)
                0x0000000008003e28                __exidx_start = .
 *(.ARM.exidx*)
                0x0000000008003e28                __exidx_end = .
                0x0000000008003e28                . = ALIGN (0x4)

.preinit_array  0x0000000008003e28        0x0
                0x0000000008003e28                . = ALIGN (0x4)
                0x0000000008003e28                PROVIDE (__preinit_array_start = .)
 *(.preinit_array*)
                0x0000000008003e28                PROVIDE (__preinit_array_end = .)
                0x0000000008003e28                . = ALIGN (0x4)

.init_array     0x0000000008003e28        0x4
                0x0000000008003e28                . = ALIGN (0x4)
                0x0000000008003e28                PROVIDE (__init_array_start = .)
 *(SORT_BY_NAME(.init_array.*))
 *(.init_array*)
 .init_array    0x0000000008003e28        0x4 d:/stm32/stm32cubeide/stm32cubeide_1.12.1/stm32cubeide/plugins/com.st.stm32cube.ide.mcu.externaltools.gnu-tools-for-stm32.10.3-2021.10.win32_1.0.200.202301161003/tools/bin/../lib/gcc/arm-none-eabi/10.3.1/thumb/v6-m/nofp/crtbegin.o
                0x0000000008003e2c                PROVIDE (__init_array_end = .)
                0x0000000008003e2c                . = ALIGN (0x4)

.fini_array     0x0000000008003e2c        0x4
                0x0000000008003e2c                . = ALIGN (0x4)
                [!provide]                        PROVIDE (__fini_array_start = .)
 *(SORT_BY_NAME(.fini_array.*))
 *(.fini_array*)
 .fini_array    0x0000000008003e2c        0x4 d:/stm32/stm32cubeide/stm32cubeide_1.12.1/stm32cubeide/plugins/com.st.stm32cube.ide.mcu.externaltools.gnu-tools-for-stm32.10.3-2021.10.win32_1.0.200.202301161003/tools/bin/../lib/gcc/arm-none-eabi/10.3.1/thumb/v6-m/nofp/crtbegin.o
                [!provide]                        PROVIDE (__fini_array_end = .)
                0x0000000008003e30                . = ALIGN (0x4)
                0x0000000008003e30                _sidata = LOADADDR (.data)

.data           0x0000000020000000       0x70 load address 0x0000000008003e30
                0x0000000020000000                . = ALIGN (0x4)
                0x0000000020000000                _sdata = .
 *(.data)
 *(.data*)
 .data.SystemCoreClock
                0x0000000020000000        0x4 ./Core/Src/system_stm32g0xx.o
                0x0000000020000000                SystemCoreClock
 .data.uwTickPrio
                0x0000000020000004        0x4 ./Drivers/STM32G0xx_HAL_Driver/Src/stm32g0xx_hal.o
                0x0000000020000004                uwTickPrio
 .data.uwTickFreq
                0x0000000020000008        0x1 ./Drivers/STM32G0xx_HAL_Driver/Src/stm32g0xx_hal.o
                0x0000000020000008                uwTickFreq
 *fill*         0x0000000020000009        0x1 
 .data.ru16_StateBtn
                0x000000002000000a        0x2 ./Source/Src/ButtonDrv.o
                0x000000002000000a                ru16_StateBtn
 .data._impure_ptr
                0x000000002000000c        0x4 d:/stm32/stm32cubeide/stm32cubeide_1.12.1/stm32cubeide/plugins/com.st.stm32cube.ide.mcu.externaltools.gnu-tools-for-stm32.10.3-2021.10.win32_1.0.200.202301161003/tools/bin/../lib/gcc/arm-none-eabi/10.3.1/../../../../arm-none-eabi/lib/thumb/v6-m/nofp\libc_nano.a(lib_a-impure.o)
                0x000000002000000c                _impure_ptr
 .data.impure_data
                0x0000000020000010       0x60 d:/stm32/stm32cubeide/stm32cubeide_1.12.1/stm32cubeide/plugins/com.st.stm32cube.ide.mcu.externaltools.gnu-tools-for-stm32.10.3-2021.10.win32_1.0.200.202301161003/tools/bin/../lib/gcc/arm-none-eabi/10.3.1/../../../../arm-none-eabi/lib/thumb/v6-m/nofp\libc_nano.a(lib_a-impure.o)
 *(.RamFunc)
 *(.RamFunc*)
                0x0000000020000070                . = ALIGN (0x4)
                0x0000000020000070                _edata = .

.igot.plt       0x0000000020000070        0x0 load address 0x0000000008003ea0
 .igot.plt      0x0000000020000070        0x0 d:/stm32/stm32cubeide/stm32cubeide_1.12.1/stm32cubeide/plugins/com.st.stm32cube.ide.mcu.externaltools.gnu-tools-for-stm32.10.3-2021.10.win32_1.0.200.202301161003/tools/bin/../lib/gcc/arm-none-eabi/10.3.1/thumb/v6-m/nofp/crtbegin.o
                0x0000000020000070                . = ALIGN (0x4)

.bss            0x0000000020000070      0x178 load address 0x0000000008003ea0
                0x0000000020000070                _sbss = .
                0x0000000020000070                __bss_start__ = _sbss
 *(.bss)
 .bss           0x0000000020000070       0x1c d:/stm32/stm32cubeide/stm32cubeide_1.12.1/stm32cubeide/plugins/com.st.stm32cube.ide.mcu.externaltools.gnu-tools-for-stm32.10.3-2021.10.win32_1.0.200.202301161003/tools/bin/../lib/gcc/arm-none-eabi/10.3.1/thumb/v6-m/nofp/crtbegin.o
 *(.bss*)
 .bss.hadc1     0x000000002000008c       0x64 ./Core/Src/main.o
                0x000000002000008c                hadc1
 .bss.__sbrk_heap_end
                0x00000000200000f0        0x4 ./Core/Src/sysmem.o
 .bss.uwTick    0x00000000200000f4        0x4 ./Drivers/STM32G0xx_HAL_Driver/Src/stm32g0xx_hal.o
                0x00000000200000f4                uwTick
 .bss.ru32_SysClickBtn
                0x00000000200000f8        0x4 ./Source/Src/ButtonDrv.o
 .bss.ru32_TickBtn
                0x00000000200000fc        0x4 ./Source/Src/ButtonDrv.o
 .bss.buttonConfig
                0x0000000020000100       0x10 ./Source/Src/ButtonDrv.o
                0x0000000020000100                buttonConfig
 .bss.ru32_SysTick
                0x0000000020000110        0x4 ./Source/Src/EcuM.o
 .bss.ru32_OldSysTick
                0x0000000020000114        0x4 ./Source/Src/EcuM.o
 .bss.ru32_LedTimer
                0x0000000020000118        0x4 ./Source/Src/LedDrv.o
                0x0000000020000118                ru32_LedTimer
 .bss.uLedBlink
                0x000000002000011c        0x4 ./Source/Src/LedDrv.o
                0x000000002000011c                uLedBlink
 .bss.ledConfig
                0x0000000020000120        0x6 ./Source/Src/LedDrv.o
                0x0000000020000120                ledConfig
 .bss.u16PeriodUSART
                0x0000000020000126        0x2 ./Source/Src/TheAPP.o
                0x0000000020000126                u16PeriodUSART
 .bss.u16FlagCallBack
                0x0000000020000128        0x1 ./Source/Src/TheAPP.o
                0x0000000020000128                u16FlagCallBack
 *fill*         0x0000000020000129        0x1 
 .bss.u16ValueBlinkUSART
                0x000000002000012a        0x2 ./Source/Src/TheAPP.o
                0x000000002000012a                u16ValueBlinkUSART
 .bss.byteBitField
                0x000000002000012c        0x2 ./Source/Src/TheAPP.o
                0x000000002000012c                byteBitField
 *fill*         0x000000002000012e        0x2 
 .bss.BufferTx  0x0000000020000130        0xf ./Source/Src/USARTDrv.o
                0x0000000020000130                BufferTx
 *fill*         0x000000002000013f        0x1 
 .bss.u16USART_Timer
                0x0000000020000140        0x2 ./Source/Src/USARTDrv.o
                0x0000000020000140                u16USART_Timer
 *fill*         0x0000000020000142        0x2 
 .bss.counter   0x0000000020000144        0x4 ./Source/Src/USARTDrv.o
                0x0000000020000144                counter
 .bss.Tx_CircularFIFOBuffer
                0x0000000020000148       0x38 ./Source/Src/USARTDrv.o
                0x0000000020000148                Tx_CircularFIFOBuffer
 .bss.u16Temp   0x0000000020000180        0x2 ./Source/Src/USARTDrv.o
                0x0000000020000180                u16Temp
 *fill*         0x0000000020000182        0x2 
 .bss.Rx_CircularFIFOBuffer
                0x0000000020000184       0x38 ./Source/Src/USARTDrv.o
                0x0000000020000184                Rx_CircularFIFOBuffer
 .bss.ActualState
                0x00000000200001bc        0x1 ./Source/Src/USART_CommunicationProtocol.o
                0x00000000200001bc                ActualState
 *fill*         0x00000000200001bd        0x3 
 .bss.TU_CommPacketData
                0x00000000200001c0        0xa ./Source/Src/USART_CommunicationProtocol.o
                0x00000000200001c0                TU_CommPacketData
 *fill*         0x00000000200001ca        0x2 
 .bss.u8PacketReceived
                0x00000000200001cc        0x5 ./Source/Src/USART_CommunicationProtocol.o
                0x00000000200001cc                u8PacketReceived
 *fill*         0x00000000200001d1        0x1 
 .bss.u16DelayDataBetween
                0x00000000200001d2        0x2 ./Source/Src/USART_CommunicationProtocol.o
                0x00000000200001d2                u16DelayDataBetween
 .bss.u16UsartSentData
                0x00000000200001d4        0x2 ./Source/Src/USART_CommunicationProtocol.o
                0x00000000200001d4                u16UsartSentData
 .bss.u16Index  0x00000000200001d6        0x2 ./Source/Src/USART_CommunicationProtocol.o
                0x00000000200001d6                u16Index
 .bss.__malloc_free_list
                0x00000000200001d8        0x4 d:/stm32/stm32cubeide/stm32cubeide_1.12.1/stm32cubeide/plugins/com.st.stm32cube.ide.mcu.externaltools.gnu-tools-for-stm32.10.3-2021.10.win32_1.0.200.202301161003/tools/bin/../lib/gcc/arm-none-eabi/10.3.1/../../../../arm-none-eabi/lib/thumb/v6-m/nofp\libc_nano.a(lib_a-nano-mallocr.o)
                0x00000000200001d8                __malloc_free_list
 .bss.__malloc_sbrk_start
                0x00000000200001dc        0x4 d:/stm32/stm32cubeide/stm32cubeide_1.12.1/stm32cubeide/plugins/com.st.stm32cube.ide.mcu.externaltools.gnu-tools-for-stm32.10.3-2021.10.win32_1.0.200.202301161003/tools/bin/../lib/gcc/arm-none-eabi/10.3.1/../../../../arm-none-eabi/lib/thumb/v6-m/nofp\libc_nano.a(lib_a-nano-mallocr.o)
                0x00000000200001dc                __malloc_sbrk_start
 .bss.errno     0x00000000200001e0        0x4 d:/stm32/stm32cubeide/stm32cubeide_1.12.1/stm32cubeide/plugins/com.st.stm32cube.ide.mcu.externaltools.gnu-tools-for-stm32.10.3-2021.10.win32_1.0.200.202301161003/tools/bin/../lib/gcc/arm-none-eabi/10.3.1/../../../../arm-none-eabi/lib/thumb/v6-m/nofp\libc_nano.a(lib_a-reent.o)
                0x00000000200001e0                errno
 .bss.__lock___malloc_recursive_mutex
                0x00000000200001e4        0x1 d:/stm32/stm32cubeide/stm32cubeide_1.12.1/stm32cubeide/plugins/com.st.stm32cube.ide.mcu.externaltools.gnu-tools-for-stm32.10.3-2021.10.win32_1.0.200.202301161003/tools/bin/../lib/gcc/arm-none-eabi/10.3.1/../../../../arm-none-eabi/lib/thumb/v6-m/nofp\libc_nano.a(lib_a-lock.o)
                0x00000000200001e4                __lock___malloc_recursive_mutex
 *(COMMON)
                0x00000000200001e8                . = ALIGN (0x4)
 *fill*         0x00000000200001e5        0x3 
                0x00000000200001e8                _ebss = .
                0x00000000200001e8                __bss_end__ = _ebss

._user_heap_stack
                0x00000000200001e8      0x600 load address 0x0000000008003ea0
                0x00000000200001e8                . = ALIGN (0x8)
                [!provide]                        PROVIDE (end = .)
                0x00000000200001e8                PROVIDE (_end = .)
                0x00000000200003e8                . = (. + _Min_Heap_Size)
 *fill*         0x00000000200001e8      0x200 
                0x00000000200007e8                . = (. + _Min_Stack_Size)
 *fill*         0x00000000200003e8      0x400 
                0x00000000200007e8                . = ALIGN (0x8)

/DISCARD/
 libc.a(*)
 libm.a(*)
 libgcc.a(*)

.ARM.attributes
                0x0000000000000000       0x28
 *(.ARM.attributes)
 .ARM.attributes
                0x0000000000000000       0x1e d:/stm32/stm32cubeide/stm32cubeide_1.12.1/stm32cubeide/plugins/com.st.stm32cube.ide.mcu.externaltools.gnu-tools-for-stm32.10.3-2021.10.win32_1.0.200.202301161003/tools/bin/../lib/gcc/arm-none-eabi/10.3.1/thumb/v6-m/nofp/crti.o
 .ARM.attributes
                0x000000000000001e       0x2c d:/stm32/stm32cubeide/stm32cubeide_1.12.1/stm32cubeide/plugins/com.st.stm32cube.ide.mcu.externaltools.gnu-tools-for-stm32.10.3-2021.10.win32_1.0.200.202301161003/tools/bin/../lib/gcc/arm-none-eabi/10.3.1/thumb/v6-m/nofp/crtbegin.o
 .ARM.attributes
                0x000000000000004a       0x2c ./Core/Src/main.o
 .ARM.attributes
                0x0000000000000076       0x2c ./Core/Src/stm32g0xx_hal_msp.o
 .ARM.attributes
                0x00000000000000a2       0x2c ./Core/Src/stm32g0xx_it.o
 .ARM.attributes
                0x00000000000000ce       0x2c ./Core/Src/sysmem.o
 .ARM.attributes
                0x00000000000000fa       0x2c ./Core/Src/system_stm32g0xx.o
 .ARM.attributes
                0x0000000000000126       0x22 ./Core/Startup/startup_stm32g071rbtx.o
 .ARM.attributes
                0x0000000000000148       0x2c ./Drivers/STM32G0xx_HAL_Driver/Src/stm32g0xx_hal.o
 .ARM.attributes
                0x0000000000000174       0x2c ./Drivers/STM32G0xx_HAL_Driver/Src/stm32g0xx_hal_adc.o
 .ARM.attributes
                0x00000000000001a0       0x2c ./Drivers/STM32G0xx_HAL_Driver/Src/stm32g0xx_hal_cortex.o
 .ARM.attributes
                0x00000000000001cc       0x2c ./Drivers/STM32G0xx_HAL_Driver/Src/stm32g0xx_hal_gpio.o
 .ARM.attributes
                0x00000000000001f8       0x2c ./Drivers/STM32G0xx_HAL_Driver/Src/stm32g0xx_ll_gpio.o
 .ARM.attributes
                0x0000000000000224       0x2c ./Drivers/STM32G0xx_HAL_Driver/Src/stm32g0xx_ll_rcc.o
 .ARM.attributes
                0x0000000000000250       0x2c ./Drivers/STM32G0xx_HAL_Driver/Src/stm32g0xx_ll_usart.o
 .ARM.attributes
                0x000000000000027c       0x2c ./Drivers/STM32G0xx_HAL_Driver/Src/stm32g0xx_ll_utils.o
 .ARM.attributes
                0x00000000000002a8       0x2c ./Source/Src/AdcDrv.o
 .ARM.attributes
                0x00000000000002d4       0x2c ./Source/Src/ButtonDrv.o
 .ARM.attributes
                0x0000000000000300       0x2c ./Source/Src/CircularBuffer.o
 .ARM.attributes
                0x000000000000032c       0x2c ./Source/Src/EcuM.o
 .ARM.attributes
                0x0000000000000358       0x2c ./Source/Src/LedDrv.o
 .ARM.attributes
                0x0000000000000384       0x2c ./Source/Src/TheAPP.o
 .ARM.attributes
                0x00000000000003b0       0x2c ./Source/Src/USARTDrv.o
 .ARM.attributes
                0x00000000000003dc       0x2c ./Source/Src/USART_CommunicationProtocol.o
 .ARM.attributes
                0x0000000000000408       0x2c d:/stm32/stm32cubeide/stm32cubeide_1.12.1/stm32cubeide/plugins/com.st.stm32cube.ide.mcu.externaltools.gnu-tools-for-stm32.10.3-2021.10.win32_1.0.200.202301161003/tools/bin/../lib/gcc/arm-none-eabi/10.3.1/../../../../arm-none-eabi/lib/thumb/v6-m/nofp\libc_nano.a(lib_a-errno.o)
 .ARM.attributes
                0x0000000000000434       0x2c d:/stm32/stm32cubeide/stm32cubeide_1.12.1/stm32cubeide/plugins/com.st.stm32cube.ide.mcu.externaltools.gnu-tools-for-stm32.10.3-2021.10.win32_1.0.200.202301161003/tools/bin/../lib/gcc/arm-none-eabi/10.3.1/../../../../arm-none-eabi/lib/thumb/v6-m/nofp\libc_nano.a(lib_a-impure.o)
 .ARM.attributes
                0x0000000000000460       0x2c d:/stm32/stm32cubeide/stm32cubeide_1.12.1/stm32cubeide/plugins/com.st.stm32cube.ide.mcu.externaltools.gnu-tools-for-stm32.10.3-2021.10.win32_1.0.200.202301161003/tools/bin/../lib/gcc/arm-none-eabi/10.3.1/../../../../arm-none-eabi/lib/thumb/v6-m/nofp\libc_nano.a(lib_a-init.o)
 .ARM.attributes
                0x000000000000048c       0x2c d:/stm32/stm32cubeide/stm32cubeide_1.12.1/stm32cubeide/plugins/com.st.stm32cube.ide.mcu.externaltools.gnu-tools-for-stm32.10.3-2021.10.win32_1.0.200.202301161003/tools/bin/../lib/gcc/arm-none-eabi/10.3.1/../../../../arm-none-eabi/lib/thumb/v6-m/nofp\libc_nano.a(lib_a-memset.o)
 .ARM.attributes
                0x00000000000004b8       0x2c d:/stm32/stm32cubeide/stm32cubeide_1.12.1/stm32cubeide/plugins/com.st.stm32cube.ide.mcu.externaltools.gnu-tools-for-stm32.10.3-2021.10.win32_1.0.200.202301161003/tools/bin/../lib/gcc/arm-none-eabi/10.3.1/../../../../arm-none-eabi/lib/thumb/v6-m/nofp\libc_nano.a(lib_a-sprintf.o)
 .ARM.attributes
                0x00000000000004e4       0x2c d:/stm32/stm32cubeide/stm32cubeide_1.12.1/stm32cubeide/plugins/com.st.stm32cube.ide.mcu.externaltools.gnu-tools-for-stm32.10.3-2021.10.win32_1.0.200.202301161003/tools/bin/../lib/gcc/arm-none-eabi/10.3.1/../../../../arm-none-eabi/lib/thumb/v6-m/nofp\libc_nano.a(lib_a-nano-svfprintf.o)
 .ARM.attributes
                0x0000000000000510       0x2c d:/stm32/stm32cubeide/stm32cubeide_1.12.1/stm32cubeide/plugins/com.st.stm32cube.ide.mcu.externaltools.gnu-tools-for-stm32.10.3-2021.10.win32_1.0.200.202301161003/tools/bin/../lib/gcc/arm-none-eabi/10.3.1/../../../../arm-none-eabi/lib/thumb/v6-m/nofp\libc_nano.a(lib_a-nano-vfprintf_i.o)
 .ARM.attributes
                0x000000000000053c       0x2c d:/stm32/stm32cubeide/stm32cubeide_1.12.1/stm32cubeide/plugins/com.st.stm32cube.ide.mcu.externaltools.gnu-tools-for-stm32.10.3-2021.10.win32_1.0.200.202301161003/tools/bin/../lib/gcc/arm-none-eabi/10.3.1/../../../../arm-none-eabi/lib/thumb/v6-m/nofp\libc_nano.a(lib_a-memchr-stub.o)
 .ARM.attributes
                0x0000000000000568       0x2c d:/stm32/stm32cubeide/stm32cubeide_1.12.1/stm32cubeide/plugins/com.st.stm32cube.ide.mcu.externaltools.gnu-tools-for-stm32.10.3-2021.10.win32_1.0.200.202301161003/tools/bin/../lib/gcc/arm-none-eabi/10.3.1/../../../../arm-none-eabi/lib/thumb/v6-m/nofp\libc_nano.a(lib_a-memcpy-stub.o)
 .ARM.attributes
                0x0000000000000594       0x2c d:/stm32/stm32cubeide/stm32cubeide_1.12.1/stm32cubeide/plugins/com.st.stm32cube.ide.mcu.externaltools.gnu-tools-for-stm32.10.3-2021.10.win32_1.0.200.202301161003/tools/bin/../lib/gcc/arm-none-eabi/10.3.1/../../../../arm-none-eabi/lib/thumb/v6-m/nofp\libc_nano.a(lib_a-memmove.o)
 .ARM.attributes
                0x00000000000005c0       0x2c d:/stm32/stm32cubeide/stm32cubeide_1.12.1/stm32cubeide/plugins/com.st.stm32cube.ide.mcu.externaltools.gnu-tools-for-stm32.10.3-2021.10.win32_1.0.200.202301161003/tools/bin/../lib/gcc/arm-none-eabi/10.3.1/../../../../arm-none-eabi/lib/thumb/v6-m/nofp\libc_nano.a(lib_a-nano-freer.o)
 .ARM.attributes
                0x00000000000005ec       0x2c d:/stm32/stm32cubeide/stm32cubeide_1.12.1/stm32cubeide/plugins/com.st.stm32cube.ide.mcu.externaltools.gnu-tools-for-stm32.10.3-2021.10.win32_1.0.200.202301161003/tools/bin/../lib/gcc/arm-none-eabi/10.3.1/../../../../arm-none-eabi/lib/thumb/v6-m/nofp\libc_nano.a(lib_a-nano-mallocr.o)
 .ARM.attributes
                0x0000000000000618       0x2c d:/stm32/stm32cubeide/stm32cubeide_1.12.1/stm32cubeide/plugins/com.st.stm32cube.ide.mcu.externaltools.gnu-tools-for-stm32.10.3-2021.10.win32_1.0.200.202301161003/tools/bin/../lib/gcc/arm-none-eabi/10.3.1/../../../../arm-none-eabi/lib/thumb/v6-m/nofp\libc_nano.a(lib_a-nano-reallocr.o)
 .ARM.attributes
                0x0000000000000644       0x2c d:/stm32/stm32cubeide/stm32cubeide_1.12.1/stm32cubeide/plugins/com.st.stm32cube.ide.mcu.externaltools.gnu-tools-for-stm32.10.3-2021.10.win32_1.0.200.202301161003/tools/bin/../lib/gcc/arm-none-eabi/10.3.1/../../../../arm-none-eabi/lib/thumb/v6-m/nofp\libc_nano.a(lib_a-sbrkr.o)
 .ARM.attributes
                0x0000000000000670       0x2c d:/stm32/stm32cubeide/stm32cubeide_1.12.1/stm32cubeide/plugins/com.st.stm32cube.ide.mcu.externaltools.gnu-tools-for-stm32.10.3-2021.10.win32_1.0.200.202301161003/tools/bin/../lib/gcc/arm-none-eabi/10.3.1/../../../../arm-none-eabi/lib/thumb/v6-m/nofp\libc_nano.a(lib_a-mlock.o)
 .ARM.attributes
                0x000000000000069c       0x2c d:/stm32/stm32cubeide/stm32cubeide_1.12.1/stm32cubeide/plugins/com.st.stm32cube.ide.mcu.externaltools.gnu-tools-for-stm32.10.3-2021.10.win32_1.0.200.202301161003/tools/bin/../lib/gcc/arm-none-eabi/10.3.1/../../../../arm-none-eabi/lib/thumb/v6-m/nofp\libc_nano.a(lib_a-nano-msizer.o)
 .ARM.attributes
                0x00000000000006c8       0x2c d:/stm32/stm32cubeide/stm32cubeide_1.12.1/stm32cubeide/plugins/com.st.stm32cube.ide.mcu.externaltools.gnu-tools-for-stm32.10.3-2021.10.win32_1.0.200.202301161003/tools/bin/../lib/gcc/arm-none-eabi/10.3.1/../../../../arm-none-eabi/lib/thumb/v6-m/nofp\libc_nano.a(lib_a-reent.o)
 .ARM.attributes
                0x00000000000006f4       0x2c d:/stm32/stm32cubeide/stm32cubeide_1.12.1/stm32cubeide/plugins/com.st.stm32cube.ide.mcu.externaltools.gnu-tools-for-stm32.10.3-2021.10.win32_1.0.200.202301161003/tools/bin/../lib/gcc/arm-none-eabi/10.3.1/../../../../arm-none-eabi/lib/thumb/v6-m/nofp\libc_nano.a(lib_a-lock.o)
 .ARM.attributes
                0x0000000000000720       0x1e d:/stm32/stm32cubeide/stm32cubeide_1.12.1/stm32cubeide/plugins/com.st.stm32cube.ide.mcu.externaltools.gnu-tools-for-stm32.10.3-2021.10.win32_1.0.200.202301161003/tools/bin/../lib/gcc/arm-none-eabi/10.3.1/thumb/v6-m/nofp\libgcc.a(_thumb1_case_shi.o)
 .ARM.attributes
                0x000000000000073e       0x1e d:/stm32/stm32cubeide/stm32cubeide_1.12.1/stm32cubeide/plugins/com.st.stm32cube.ide.mcu.externaltools.gnu-tools-for-stm32.10.3-2021.10.win32_1.0.200.202301161003/tools/bin/../lib/gcc/arm-none-eabi/10.3.1/thumb/v6-m/nofp\libgcc.a(_udivsi3.o)
 .ARM.attributes
                0x000000000000075c       0x1e d:/stm32/stm32cubeide/stm32cubeide_1.12.1/stm32cubeide/plugins/com.st.stm32cube.ide.mcu.externaltools.gnu-tools-for-stm32.10.3-2021.10.win32_1.0.200.202301161003/tools/bin/../lib/gcc/arm-none-eabi/10.3.1/thumb/v6-m/nofp\libgcc.a(_divsi3.o)
 .ARM.attributes
                0x000000000000077a       0x1e d:/stm32/stm32cubeide/stm32cubeide_1.12.1/stm32cubeide/plugins/com.st.stm32cube.ide.mcu.externaltools.gnu-tools-for-stm32.10.3-2021.10.win32_1.0.200.202301161003/tools/bin/../lib/gcc/arm-none-eabi/10.3.1/thumb/v6-m/nofp\libgcc.a(_dvmd_tls.o)
 .ARM.attributes
                0x0000000000000798       0x1e d:/stm32/stm32cubeide/stm32cubeide_1.12.1/stm32cubeide/plugins/com.st.stm32cube.ide.mcu.externaltools.gnu-tools-for-stm32.10.3-2021.10.win32_1.0.200.202301161003/tools/bin/../lib/gcc/arm-none-eabi/10.3.1/thumb/v6-m/nofp/crtn.o
OUTPUT(LED_BLINK.elf elf32-littlearm)
LOAD linker stubs
LOAD d:/stm32/stm32cubeide/stm32cubeide_1.12.1/stm32cubeide/plugins/com.st.stm32cube.ide.mcu.externaltools.gnu-tools-for-stm32.10.3-2021.10.win32_1.0.200.202301161003/tools/bin/../lib/gcc/arm-none-eabi/10.3.1/../../../../arm-none-eabi/lib/thumb/v6-m/nofp\libc.a
LOAD d:/stm32/stm32cubeide/stm32cubeide_1.12.1/stm32cubeide/plugins/com.st.stm32cube.ide.mcu.externaltools.gnu-tools-for-stm32.10.3-2021.10.win32_1.0.200.202301161003/tools/bin/../lib/gcc/arm-none-eabi/10.3.1/../../../../arm-none-eabi/lib/thumb/v6-m/nofp\libm.a
LOAD d:/stm32/stm32cubeide/stm32cubeide_1.12.1/stm32cubeide/plugins/com.st.stm32cube.ide.mcu.externaltools.gnu-tools-for-stm32.10.3-2021.10.win32_1.0.200.202301161003/tools/bin/../lib/gcc/arm-none-eabi/10.3.1/thumb/v6-m/nofp\libgcc.a

.debug_info     0x0000000000000000     0x9b52
 .debug_info    0x0000000000000000     0x164b ./Core/Src/main.o
 .debug_info    0x000000000000164b      0xafc ./Core/Src/stm32g0xx_hal_msp.o
 .debug_info    0x0000000000002147      0x1a1 ./Core/Src/stm32g0xx_it.o
 .debug_info    0x00000000000022e8      0x171 ./Core/Src/sysmem.o
 .debug_info    0x0000000000002459      0x34d ./Core/Src/system_stm32g0xx.o
 .debug_info    0x00000000000027a6       0x22 ./Core/Startup/startup_stm32g071rbtx.o
 .debug_info    0x00000000000027c8      0xa85 ./Drivers/STM32G0xx_HAL_Driver/Src/stm32g0xx_hal.o
 .debug_info    0x000000000000324d     0x160e ./Drivers/STM32G0xx_HAL_Driver/Src/stm32g0xx_hal_adc.o
 .debug_info    0x000000000000485b      0x90d ./Drivers/STM32G0xx_HAL_Driver/Src/stm32g0xx_hal_cortex.o
 .debug_info    0x0000000000005168      0x61f ./Drivers/STM32G0xx_HAL_Driver/Src/stm32g0xx_hal_gpio.o
 .debug_info    0x0000000000005787      0x64f ./Drivers/STM32G0xx_HAL_Driver/Src/stm32g0xx_ll_gpio.o
 .debug_info    0x0000000000005dd6      0xa54 ./Drivers/STM32G0xx_HAL_Driver/Src/stm32g0xx_ll_rcc.o
 .debug_info    0x000000000000682a      0x813 ./Drivers/STM32G0xx_HAL_Driver/Src/stm32g0xx_ll_usart.o
 .debug_info    0x000000000000703d      0x945 ./Drivers/STM32G0xx_HAL_Driver/Src/stm32g0xx_ll_utils.o
 .debug_info    0x0000000000007982      0x14b ./Source/Src/AdcDrv.o
 .debug_info    0x0000000000007acd      0x325 ./Source/Src/ButtonDrv.o
 .debug_info    0x0000000000007df2      0x246 ./Source/Src/CircularBuffer.o
 .debug_info    0x0000000000008038      0x5ba ./Source/Src/EcuM.o
 .debug_info    0x00000000000085f2      0x2f0 ./Source/Src/LedDrv.o
 .debug_info    0x00000000000088e2      0x2fe ./Source/Src/TheAPP.o
 .debug_info    0x0000000000008be0      0xb56 ./Source/Src/USARTDrv.o
 .debug_info    0x0000000000009736      0x41c ./Source/Src/USART_CommunicationProtocol.o

.debug_abbrev   0x0000000000000000     0x25c8
 .debug_abbrev  0x0000000000000000      0x383 ./Core/Src/main.o
 .debug_abbrev  0x0000000000000383      0x19b ./Core/Src/stm32g0xx_hal_msp.o
 .debug_abbrev  0x000000000000051e      0x109 ./Core/Src/stm32g0xx_it.o
 .debug_abbrev  0x0000000000000627       0xbb ./Core/Src/sysmem.o
 .debug_abbrev  0x00000000000006e2      0x116 ./Core/Src/system_stm32g0xx.o
 .debug_abbrev  0x00000000000007f8       0x12 ./Core/Startup/startup_stm32g071rbtx.o
 .debug_abbrev  0x000000000000080a      0x2a9 ./Drivers/STM32G0xx_HAL_Driver/Src/stm32g0xx_hal.o
 .debug_abbrev  0x0000000000000ab3      0x27d ./Drivers/STM32G0xx_HAL_Driver/Src/stm32g0xx_hal_adc.o
 .debug_abbrev  0x0000000000000d30      0x29f ./Drivers/STM32G0xx_HAL_Driver/Src/stm32g0xx_hal_cortex.o
 .debug_abbrev  0x0000000000000fcf      0x1b9 ./Drivers/STM32G0xx_HAL_Driver/Src/stm32g0xx_hal_gpio.o
 .debug_abbrev  0x0000000000001188      0x1a2 ./Drivers/STM32G0xx_HAL_Driver/Src/stm32g0xx_ll_gpio.o
 .debug_abbrev  0x000000000000132a      0x230 ./Drivers/STM32G0xx_HAL_Driver/Src/stm32g0xx_ll_rcc.o
 .debug_abbrev  0x000000000000155a      0x1fe ./Drivers/STM32G0xx_HAL_Driver/Src/stm32g0xx_ll_usart.o
 .debug_abbrev  0x0000000000001758      0x221 ./Drivers/STM32G0xx_HAL_Driver/Src/stm32g0xx_ll_utils.o
 .debug_abbrev  0x0000000000001979       0x9c ./Source/Src/AdcDrv.o
 .debug_abbrev  0x0000000000001a15      0x1c3 ./Source/Src/ButtonDrv.o
 .debug_abbrev  0x0000000000001bd8       0xf8 ./Source/Src/CircularBuffer.o
 .debug_abbrev  0x0000000000001cd0      0x21d ./Source/Src/EcuM.o
 .debug_abbrev  0x0000000000001eed      0x168 ./Source/Src/LedDrv.o
 .debug_abbrev  0x0000000000002055      0x16c ./Source/Src/TheAPP.o
 .debug_abbrev  0x00000000000021c1      0x25d ./Source/Src/USARTDrv.o
 .debug_abbrev  0x000000000000241e      0x1aa ./Source/Src/USART_CommunicationProtocol.o

.debug_aranges  0x0000000000000000      0xc78
 .debug_aranges
                0x0000000000000000      0x110 ./Core/Src/main.o
 .debug_aranges
                0x0000000000000110       0x30 ./Core/Src/stm32g0xx_hal_msp.o
 .debug_aranges
                0x0000000000000140       0x48 ./Core/Src/stm32g0xx_it.o
 .debug_aranges
                0x0000000000000188       0x20 ./Core/Src/sysmem.o
 .debug_aranges
                0x00000000000001a8       0x28 ./Core/Src/system_stm32g0xx.o
 .debug_aranges
                0x00000000000001d0       0x28 ./Core/Startup/startup_stm32g071rbtx.o
 .debug_aranges
                0x00000000000001f8      0x120 ./Drivers/STM32G0xx_HAL_Driver/Src/stm32g0xx_hal.o
 .debug_aranges
                0x0000000000000318      0x1f0 ./Drivers/STM32G0xx_HAL_Driver/Src/stm32g0xx_hal_adc.o
 .debug_aranges
                0x0000000000000508       0xd8 ./Drivers/STM32G0xx_HAL_Driver/Src/stm32g0xx_hal_cortex.o
 .debug_aranges
                0x00000000000005e0       0x60 ./Drivers/STM32G0xx_HAL_Driver/Src/stm32g0xx_hal_gpio.o
 .debug_aranges
                0x0000000000000640       0x70 ./Drivers/STM32G0xx_HAL_Driver/Src/stm32g0xx_ll_gpio.o
 .debug_aranges
                0x00000000000006b0      0x198 ./Drivers/STM32G0xx_HAL_Driver/Src/stm32g0xx_ll_rcc.o
 .debug_aranges
                0x0000000000000848       0x88 ./Drivers/STM32G0xx_HAL_Driver/Src/stm32g0xx_ll_usart.o
 .debug_aranges
                0x00000000000008d0       0xe8 ./Drivers/STM32G0xx_HAL_Driver/Src/stm32g0xx_ll_utils.o
 .debug_aranges
                0x00000000000009b8       0x38 ./Source/Src/AdcDrv.o
 .debug_aranges
                0x00000000000009f0       0x40 ./Source/Src/ButtonDrv.o
 .debug_aranges
                0x0000000000000a30       0x38 ./Source/Src/CircularBuffer.o
 .debug_aranges
                0x0000000000000a68       0x48 ./Source/Src/EcuM.o
 .debug_aranges
                0x0000000000000ab0       0x30 ./Source/Src/LedDrv.o
 .debug_aranges
                0x0000000000000ae0       0x40 ./Source/Src/TheAPP.o
 .debug_aranges
                0x0000000000000b20      0x118 ./Source/Src/USARTDrv.o
 .debug_aranges
                0x0000000000000c38       0x40 ./Source/Src/USART_CommunicationProtocol.o

.debug_ranges   0x0000000000000000      0xb20
 .debug_ranges  0x0000000000000000      0x100 ./Core/Src/main.o
 .debug_ranges  0x0000000000000100       0x20 ./Core/Src/stm32g0xx_hal_msp.o
 .debug_ranges  0x0000000000000120       0x38 ./Core/Src/stm32g0xx_it.o
 .debug_ranges  0x0000000000000158       0x10 ./Core/Src/sysmem.o
 .debug_ranges  0x0000000000000168       0x18 ./Core/Src/system_stm32g0xx.o
 .debug_ranges  0x0000000000000180       0x20 ./Core/Startup/startup_stm32g071rbtx.o
 .debug_ranges  0x00000000000001a0      0x110 ./Drivers/STM32G0xx_HAL_Driver/Src/stm32g0xx_hal.o
 .debug_ranges  0x00000000000002b0      0x1e0 ./Drivers/STM32G0xx_HAL_Driver/Src/stm32g0xx_hal_adc.o
 .debug_ranges  0x0000000000000490       0xc8 ./Drivers/STM32G0xx_HAL_Driver/Src/stm32g0xx_hal_cortex.o
 .debug_ranges  0x0000000000000558       0x50 ./Drivers/STM32G0xx_HAL_Driver/Src/stm32g0xx_hal_gpio.o
 .debug_ranges  0x00000000000005a8       0x60 ./Drivers/STM32G0xx_HAL_Driver/Src/stm32g0xx_ll_gpio.o
 .debug_ranges  0x0000000000000608      0x188 ./Drivers/STM32G0xx_HAL_Driver/Src/stm32g0xx_ll_rcc.o
 .debug_ranges  0x0000000000000790       0x78 ./Drivers/STM32G0xx_HAL_Driver/Src/stm32g0xx_ll_usart.o
 .debug_ranges  0x0000000000000808       0xd8 ./Drivers/STM32G0xx_HAL_Driver/Src/stm32g0xx_ll_utils.o
 .debug_ranges  0x00000000000008e0       0x28 ./Source/Src/AdcDrv.o
 .debug_ranges  0x0000000000000908       0x30 ./Source/Src/ButtonDrv.o
 .debug_ranges  0x0000000000000938       0x28 ./Source/Src/CircularBuffer.o
 .debug_ranges  0x0000000000000960       0x38 ./Source/Src/EcuM.o
 .debug_ranges  0x0000000000000998       0x20 ./Source/Src/LedDrv.o
 .debug_ranges  0x00000000000009b8       0x30 ./Source/Src/TheAPP.o
 .debug_ranges  0x00000000000009e8      0x108 ./Source/Src/USARTDrv.o
 .debug_ranges  0x0000000000000af0       0x30 ./Source/Src/USART_CommunicationProtocol.o

.debug_macro    0x0000000000000000    0x1b81a
 .debug_macro   0x0000000000000000      0x3a7 ./Core/Src/main.o
 .debug_macro   0x00000000000003a7      0xa54 ./Core/Src/main.o
 .debug_macro   0x0000000000000dfb      0x117 ./Core/Src/main.o
 .debug_macro   0x0000000000000f12       0x2e ./Core/Src/main.o
 .debug_macro   0x0000000000000f40       0x28 ./Core/Src/main.o
 .debug_macro   0x0000000000000f68       0x22 ./Core/Src/main.o
 .debug_macro   0x0000000000000f8a       0x8e ./Core/Src/main.o
 .debug_macro   0x0000000000001018       0x51 ./Core/Src/main.o
 .debug_macro   0x0000000000001069      0x103 ./Core/Src/main.o
 .debug_macro   0x000000000000116c       0x6a ./Core/Src/main.o
 .debug_macro   0x00000000000011d6      0x1df ./Core/Src/main.o
 .debug_macro   0x00000000000013b5       0x1c ./Core/Src/main.o
 .debug_macro   0x00000000000013d1       0x22 ./Core/Src/main.o
 .debug_macro   0x00000000000013f3       0xd1 ./Core/Src/main.o
 .debug_macro   0x00000000000014c4      0x4da ./Core/Src/main.o
 .debug_macro   0x000000000000199e      0x11f ./Core/Src/main.o
 .debug_macro   0x0000000000001abd     0xc730 ./Core/Src/main.o
 .debug_macro   0x000000000000e1ed       0x66 ./Core/Src/main.o
 .debug_macro   0x000000000000e253     0x34fd ./Core/Src/main.o
 .debug_macro   0x0000000000011750      0x174 ./Core/Src/main.o
 .debug_macro   0x00000000000118c4       0x5c ./Core/Src/main.o
 .debug_macro   0x0000000000011920      0x57a ./Core/Src/main.o
 .debug_macro   0x0000000000011e9a     0x10d5 ./Core/Src/main.o
 .debug_macro   0x0000000000012f6f      0x264 ./Core/Src/main.o
 .debug_macro   0x00000000000131d3      0x1cf ./Core/Src/main.o
 .debug_macro   0x00000000000133a2      0x1d8 ./Core/Src/main.o
 .debug_macro   0x000000000001357a      0x426 ./Core/Src/main.o
 .debug_macro   0x00000000000139a0      0x287 ./Core/Src/main.o
 .debug_macro   0x0000000000013c27      0x3a7 ./Core/Src/main.o
 .debug_macro   0x0000000000013fce      0x1b2 ./Core/Src/main.o
 .debug_macro   0x0000000000014180       0x43 ./Core/Src/main.o
 .debug_macro   0x00000000000141c3      0x1f1 ./Core/Src/main.o
 .debug_macro   0x00000000000143b4      0x8b6 ./Core/Src/main.o
 .debug_macro   0x0000000000014c6a      0x5c2 ./Core/Src/main.o
 .debug_macro   0x000000000001522c       0x2e ./Core/Src/main.o
 .debug_macro   0x000000000001525a      0x1d6 ./Core/Src/main.o
 .debug_macro   0x0000000000015430      0x38a ./Core/Src/main.o
 .debug_macro   0x00000000000157ba       0x28 ./Core/Src/main.o
 .debug_macro   0x00000000000157e2       0xe4 ./Core/Src/main.o
 .debug_macro   0x00000000000158c6      0x125 ./Core/Src/main.o
 .debug_macro   0x00000000000159eb      0x240 ./Core/Src/main.o
 .debug_macro   0x0000000000015c2b      0x4f2 ./Core/Src/main.o
 .debug_macro   0x000000000001611d      0x12b ./Core/Src/main.o
 .debug_macro   0x0000000000016248      0x141 ./Core/Src/main.o
 .debug_macro   0x0000000000016389      0x1c1 ./Core/Src/main.o
 .debug_macro   0x000000000001654a      0x174 ./Core/Src/main.o
 .debug_macro   0x00000000000166be       0x5a ./Core/Src/main.o
 .debug_macro   0x0000000000016718      0x1ce ./Core/Src/main.o
 .debug_macro   0x00000000000168e6      0x40f ./Core/Src/main.o
 .debug_macro   0x0000000000016cf5      0x131 ./Core/Src/main.o
 .debug_macro   0x0000000000016e26       0x4c ./Core/Src/main.o
 .debug_macro   0x0000000000016e72       0x52 ./Core/Src/main.o
 .debug_macro   0x0000000000016ec4       0x18 ./Core/Src/main.o
 .debug_macro   0x0000000000016edc       0x3c ./Core/Src/main.o
 .debug_macro   0x0000000000016f18       0x34 ./Core/Src/main.o
 .debug_macro   0x0000000000016f4c       0x16 ./Core/Src/main.o
 .debug_macro   0x0000000000016f62       0x35 ./Core/Src/main.o
 .debug_macro   0x0000000000016f97      0x341 ./Core/Src/main.o
 .debug_macro   0x00000000000172d8       0x10 ./Core/Src/main.o
 .debug_macro   0x00000000000172e8       0x16 ./Core/Src/main.o
 .debug_macro   0x00000000000172fe       0x43 ./Core/Src/main.o
 .debug_macro   0x0000000000017341       0x34 ./Core/Src/main.o
 .debug_macro   0x0000000000017375       0x10 ./Core/Src/main.o
 .debug_macro   0x0000000000017385       0x58 ./Core/Src/main.o
 .debug_macro   0x00000000000173dd       0x71 ./Core/Src/main.o
 .debug_macro   0x000000000001744e       0x1c ./Core/Src/main.o
 .debug_macro   0x000000000001746a      0x12a ./Core/Src/main.o
 .debug_macro   0x0000000000017594       0x10 ./Core/Src/main.o
 .debug_macro   0x00000000000175a4       0x1c ./Core/Src/main.o
 .debug_macro   0x00000000000175c0       0x52 ./Core/Src/main.o
 .debug_macro   0x0000000000017612       0x22 ./Core/Src/main.o
 .debug_macro   0x0000000000017634       0x10 ./Core/Src/main.o
 .debug_macro   0x0000000000017644       0x52 ./Core/Src/main.o
 .debug_macro   0x0000000000017696       0xd5 ./Core/Src/main.o
 .debug_macro   0x000000000001776b       0x1c ./Core/Src/main.o
 .debug_macro   0x0000000000017787       0x3d ./Core/Src/main.o
 .debug_macro   0x00000000000177c4       0x16 ./Core/Src/main.o
 .debug_macro   0x00000000000177da      0x145 ./Core/Src/main.o
 .debug_macro   0x000000000001791f      0x23e ./Core/Src/stm32g0xx_hal_msp.o
 .debug_macro   0x0000000000017b5d      0x265 ./Core/Src/stm32g0xx_it.o
 .debug_macro   0x0000000000017dc2       0x22 ./Core/Src/stm32g0xx_it.o
 .debug_macro   0x0000000000017de4       0xff ./Core/Src/sysmem.o
 .debug_macro   0x0000000000017ee3      0x23b ./Core/Src/sysmem.o
 .debug_macro   0x000000000001811e      0x1df ./Core/Src/system_stm32g0xx.o
 .debug_macro   0x00000000000182fd      0x203 ./Drivers/STM32G0xx_HAL_Driver/Src/stm32g0xx_hal.o
 .debug_macro   0x0000000000018500      0x203 ./Drivers/STM32G0xx_HAL_Driver/Src/stm32g0xx_hal_adc.o
 .debug_macro   0x0000000000018703      0x1df ./Drivers/STM32G0xx_HAL_Driver/Src/stm32g0xx_hal_cortex.o
 .debug_macro   0x00000000000188e2      0x1e6 ./Drivers/STM32G0xx_HAL_Driver/Src/stm32g0xx_hal_gpio.o
 .debug_macro   0x0000000000018ac8      0x221 ./Drivers/STM32G0xx_HAL_Driver/Src/stm32g0xx_ll_gpio.o
 .debug_macro   0x0000000000018ce9      0x12b ./Drivers/STM32G0xx_HAL_Driver/Src/stm32g0xx_ll_gpio.o
 .debug_macro   0x0000000000018e14      0x21f ./Drivers/STM32G0xx_HAL_Driver/Src/stm32g0xx_ll_rcc.o
 .debug_macro   0x0000000000019033      0x574 ./Drivers/STM32G0xx_HAL_Driver/Src/stm32g0xx_ll_rcc.o
 .debug_macro   0x00000000000195a7      0x24f ./Drivers/STM32G0xx_HAL_Driver/Src/stm32g0xx_ll_usart.o
 .debug_macro   0x00000000000197f6      0x409 ./Drivers/STM32G0xx_HAL_Driver/Src/stm32g0xx_ll_usart.o
 .debug_macro   0x0000000000019bff      0x288 ./Drivers/STM32G0xx_HAL_Driver/Src/stm32g0xx_ll_utils.o
 .debug_macro   0x0000000000019e87       0x54 ./Drivers/STM32G0xx_HAL_Driver/Src/stm32g0xx_ll_utils.o
 .debug_macro   0x0000000000019edb      0x248 ./Source/Src/AdcDrv.o
 .debug_macro   0x000000000001a123      0x25d ./Source/Src/ButtonDrv.o
 .debug_macro   0x000000000001a380      0x257 ./Source/Src/CircularBuffer.o
 .debug_macro   0x000000000001a5d7      0x3fd ./Source/Src/EcuM.o
 .debug_macro   0x000000000001a9d4       0x88 ./Source/Src/EcuM.o
 .debug_macro   0x000000000001aa5c      0x23e ./Source/Src/LedDrv.o
 .debug_macro   0x000000000001ac9a      0x3d4 ./Source/Src/TheAPP.o
 .debug_macro   0x000000000001b06e      0x3c9 ./Source/Src/USARTDrv.o
 .debug_macro   0x000000000001b437       0x10 ./Source/Src/USARTDrv.o
 .debug_macro   0x000000000001b447      0x3d3 ./Source/Src/USART_CommunicationProtocol.o

.debug_line     0x0000000000000000     0xf2fa
 .debug_line    0x0000000000000000     0x109d ./Core/Src/main.o
 .debug_line    0x000000000000109d      0x85c ./Core/Src/stm32g0xx_hal_msp.o
 .debug_line    0x00000000000018f9      0x8e9 ./Core/Src/stm32g0xx_it.o
 .debug_line    0x00000000000021e2      0x63a ./Core/Src/sysmem.o
 .debug_line    0x000000000000281c      0x7cc ./Core/Src/system_stm32g0xx.o
 .debug_line    0x0000000000002fe8       0x89 ./Core/Startup/startup_stm32g071rbtx.o
 .debug_line    0x0000000000003071      0xb02 ./Drivers/STM32G0xx_HAL_Driver/Src/stm32g0xx_hal.o
 .debug_line    0x0000000000003b73     0x18b0 ./Drivers/STM32G0xx_HAL_Driver/Src/stm32g0xx_hal_adc.o
 .debug_line    0x0000000000005423      0xb83 ./Drivers/STM32G0xx_HAL_Driver/Src/stm32g0xx_hal_cortex.o
 .debug_line    0x0000000000005fa6      0xb6f ./Drivers/STM32G0xx_HAL_Driver/Src/stm32g0xx_hal_gpio.o
 .debug_line    0x0000000000006b15      0x913 ./Drivers/STM32G0xx_HAL_Driver/Src/stm32g0xx_ll_gpio.o
 .debug_line    0x0000000000007428     0x1004 ./Drivers/STM32G0xx_HAL_Driver/Src/stm32g0xx_ll_rcc.o
 .debug_line    0x000000000000842c      0x9a9 ./Drivers/STM32G0xx_HAL_Driver/Src/stm32g0xx_ll_usart.o
 .debug_line    0x0000000000008dd5      0xbb8 ./Drivers/STM32G0xx_HAL_Driver/Src/stm32g0xx_ll_utils.o
 .debug_line    0x000000000000998d      0x876 ./Source/Src/AdcDrv.o
 .debug_line    0x000000000000a203      0x8f8 ./Source/Src/ButtonDrv.o
 .debug_line    0x000000000000aafb      0x905 ./Source/Src/CircularBuffer.o
 .debug_line    0x000000000000b400      0xc7d ./Source/Src/EcuM.o
 .debug_line    0x000000000000c07d      0x894 ./Source/Src/LedDrv.o
 .debug_line    0x000000000000c911      0xbe0 ./Source/Src/TheAPP.o
 .debug_line    0x000000000000d4f1     0x1138 ./Source/Src/USARTDrv.o
 .debug_line    0x000000000000e629      0xcd1 ./Source/Src/USART_CommunicationProtocol.o

.debug_str      0x0000000000000000    0xa234f
 .debug_str     0x0000000000000000    0x9d889 ./Core/Src/main.o
                                      0x9e14d (size before relaxing)
 .debug_str     0x000000000009d889       0x7c ./Core/Src/stm32g0xx_hal_msp.o
                                      0x99cc4 (size before relaxing)
 .debug_str     0x000000000009d905      0x113 ./Core/Src/stm32g0xx_it.o
                                      0x99728 (size before relaxing)
 .debug_str     0x000000000009da18      0x4da ./Core/Src/sysmem.o
                                       0x5cc6 (size before relaxing)
 .debug_str     0x000000000009def2       0x7e ./Core/Src/system_stm32g0xx.o
                                      0x94339 (size before relaxing)
 .debug_str     0x000000000009df70       0x36 ./Core/Startup/startup_stm32g071rbtx.o
                                         0x5f (size before relaxing)
 .debug_str     0x000000000009dfa6      0x50d ./Drivers/STM32G0xx_HAL_Driver/Src/stm32g0xx_hal.o
                                      0x94b36 (size before relaxing)
 .debug_str     0x000000000009e4b3      0x8ed ./Drivers/STM32G0xx_HAL_Driver/Src/stm32g0xx_hal_adc.o
                                      0x950f2 (size before relaxing)
 .debug_str     0x000000000009eda0      0x23a ./Drivers/STM32G0xx_HAL_Driver/Src/stm32g0xx_hal_cortex.o
                                      0x947c8 (size before relaxing)
 .debug_str     0x000000000009efda      0x17d ./Drivers/STM32G0xx_HAL_Driver/Src/stm32g0xx_hal_gpio.o
                                      0x94482 (size before relaxing)
 .debug_str     0x000000000009f157      0x532 ./Drivers/STM32G0xx_HAL_Driver/Src/stm32g0xx_ll_gpio.o
                                      0x9573f (size before relaxing)
 .debug_str     0x000000000009f689      0x87d ./Drivers/STM32G0xx_HAL_Driver/Src/stm32g0xx_ll_rcc.o
                                      0x94c05 (size before relaxing)
 .debug_str     0x000000000009ff06      0xa97 ./Drivers/STM32G0xx_HAL_Driver/Src/stm32g0xx_ll_usart.o
                                      0x96fcd (size before relaxing)
 .debug_str     0x00000000000a099d      0xc38 ./Drivers/STM32G0xx_HAL_Driver/Src/stm32g0xx_ll_utils.o
                                      0x9665b (size before relaxing)
 .debug_str     0x00000000000a15d5       0x6a ./Source/Src/AdcDrv.o
                                      0x99676 (size before relaxing)
 .debug_str     0x00000000000a163f      0x109 ./Source/Src/ButtonDrv.o
                                      0x997b5 (size before relaxing)
 .debug_str     0x00000000000a1748       0xd3 ./Source/Src/CircularBuffer.o
                                      0x99759 (size before relaxing)
 .debug_str     0x00000000000a181b      0x41c ./Source/Src/EcuM.o
                                      0x9db75 (size before relaxing)
 .debug_str     0x00000000000a1c37       0x8b ./Source/Src/LedDrv.o
                                      0x996fd (size before relaxing)
 .debug_str     0x00000000000a1cc2      0x181 ./Source/Src/TheAPP.o
                                      0x9d5b7 (size before relaxing)
 .debug_str     0x00000000000a1e43      0x2bd ./Source/Src/USARTDrv.o
                                      0x9d8cd (size before relaxing)
 .debug_str     0x00000000000a2100      0x24f ./Source/Src/USART_CommunicationProtocol.o
                                      0x9d9bf (size before relaxing)

.comment        0x0000000000000000       0x50
 .comment       0x0000000000000000       0x50 ./Core/Src/main.o
                                         0x51 (size before relaxing)
 .comment       0x0000000000000050       0x51 ./Core/Src/stm32g0xx_hal_msp.o
 .comment       0x0000000000000050       0x51 ./Core/Src/stm32g0xx_it.o
 .comment       0x0000000000000050       0x51 ./Core/Src/sysmem.o
 .comment       0x0000000000000050       0x51 ./Core/Src/system_stm32g0xx.o
 .comment       0x0000000000000050       0x51 ./Drivers/STM32G0xx_HAL_Driver/Src/stm32g0xx_hal.o
 .comment       0x0000000000000050       0x51 ./Drivers/STM32G0xx_HAL_Driver/Src/stm32g0xx_hal_adc.o
 .comment       0x0000000000000050       0x51 ./Drivers/STM32G0xx_HAL_Driver/Src/stm32g0xx_hal_cortex.o
 .comment       0x0000000000000050       0x51 ./Drivers/STM32G0xx_HAL_Driver/Src/stm32g0xx_hal_gpio.o
 .comment       0x0000000000000050       0x51 ./Drivers/STM32G0xx_HAL_Driver/Src/stm32g0xx_ll_gpio.o
 .comment       0x0000000000000050       0x51 ./Drivers/STM32G0xx_HAL_Driver/Src/stm32g0xx_ll_rcc.o
 .comment       0x0000000000000050       0x51 ./Drivers/STM32G0xx_HAL_Driver/Src/stm32g0xx_ll_usart.o
 .comment       0x0000000000000050       0x51 ./Drivers/STM32G0xx_HAL_Driver/Src/stm32g0xx_ll_utils.o
 .comment       0x0000000000000050       0x51 ./Source/Src/AdcDrv.o
 .comment       0x0000000000000050       0x51 ./Source/Src/ButtonDrv.o
 .comment       0x0000000000000050       0x51 ./Source/Src/CircularBuffer.o
 .comment       0x0000000000000050       0x51 ./Source/Src/EcuM.o
 .comment       0x0000000000000050       0x51 ./Source/Src/LedDrv.o
 .comment       0x0000000000000050       0x51 ./Source/Src/TheAPP.o
 .comment       0x0000000000000050       0x51 ./Source/Src/USARTDrv.o
 .comment       0x0000000000000050       0x51 ./Source/Src/USART_CommunicationProtocol.o

.debug_frame    0x0000000000000000     0x2dbc
 .debug_frame   0x0000000000000000      0x3c8 ./Core/Src/main.o
 .debug_frame   0x00000000000003c8       0x70 ./Core/Src/stm32g0xx_hal_msp.o
 .debug_frame   0x0000000000000438       0xb8 ./Core/Src/stm32g0xx_it.o
 .debug_frame   0x00000000000004f0       0x30 ./Core/Src/sysmem.o
 .debug_frame   0x0000000000000520       0x4c ./Core/Src/system_stm32g0xx.o
 .debug_frame   0x000000000000056c      0x3dc ./Drivers/STM32G0xx_HAL_Driver/Src/stm32g0xx_hal.o
 .debug_frame   0x0000000000000948      0x78c ./Drivers/STM32G0xx_HAL_Driver/Src/stm32g0xx_hal_adc.o
 .debug_frame   0x00000000000010d4      0x2fc ./Drivers/STM32G0xx_HAL_Driver/Src/stm32g0xx_hal_cortex.o
 .debug_frame   0x00000000000013d0      0x130 ./Drivers/STM32G0xx_HAL_Driver/Src/stm32g0xx_hal_gpio.o
 .debug_frame   0x0000000000001500      0x170 ./Drivers/STM32G0xx_HAL_Driver/Src/stm32g0xx_ll_gpio.o
 .debug_frame   0x0000000000001670      0x5bc ./Drivers/STM32G0xx_HAL_Driver/Src/stm32g0xx_ll_rcc.o
 .debug_frame   0x0000000000001c2c      0x1d0 ./Drivers/STM32G0xx_HAL_Driver/Src/stm32g0xx_ll_usart.o
 .debug_frame   0x0000000000001dfc      0x324 ./Drivers/STM32G0xx_HAL_Driver/Src/stm32g0xx_ll_utils.o
 .debug_frame   0x0000000000002120       0x80 ./Source/Src/AdcDrv.o
 .debug_frame   0x00000000000021a0       0xa4 ./Source/Src/ButtonDrv.o
 .debug_frame   0x0000000000002244       0x90 ./Source/Src/CircularBuffer.o
 .debug_frame   0x00000000000022d4       0xc4 ./Source/Src/EcuM.o
 .debug_frame   0x0000000000002398       0x6c ./Source/Src/LedDrv.o
 .debug_frame   0x0000000000002404       0xa4 ./Source/Src/TheAPP.o
 .debug_frame   0x00000000000024a8      0x404 ./Source/Src/USARTDrv.o
 .debug_frame   0x00000000000028ac       0xb0 ./Source/Src/USART_CommunicationProtocol.o
 .debug_frame   0x000000000000295c       0x20 d:/stm32/stm32cubeide/stm32cubeide_1.12.1/stm32cubeide/plugins/com.st.stm32cube.ide.mcu.externaltools.gnu-tools-for-stm32.10.3-2021.10.win32_1.0.200.202301161003/tools/bin/../lib/gcc/arm-none-eabi/10.3.1/../../../../arm-none-eabi/lib/thumb/v6-m/nofp\libc_nano.a(lib_a-errno.o)
 .debug_frame   0x000000000000297c       0x2c d:/stm32/stm32cubeide/stm32cubeide_1.12.1/stm32cubeide/plugins/com.st.stm32cube.ide.mcu.externaltools.gnu-tools-for-stm32.10.3-2021.10.win32_1.0.200.202301161003/tools/bin/../lib/gcc/arm-none-eabi/10.3.1/../../../../arm-none-eabi/lib/thumb/v6-m/nofp\libc_nano.a(lib_a-init.o)
 .debug_frame   0x00000000000029a8       0x20 d:/stm32/stm32cubeide/stm32cubeide_1.12.1/stm32cubeide/plugins/com.st.stm32cube.ide.mcu.externaltools.gnu-tools-for-stm32.10.3-2021.10.win32_1.0.200.202301161003/tools/bin/../lib/gcc/arm-none-eabi/10.3.1/../../../../arm-none-eabi/lib/thumb/v6-m/nofp\libc_nano.a(lib_a-memset.o)
 .debug_frame   0x00000000000029c8       0x48 d:/stm32/stm32cubeide/stm32cubeide_1.12.1/stm32cubeide/plugins/com.st.stm32cube.ide.mcu.externaltools.gnu-tools-for-stm32.10.3-2021.10.win32_1.0.200.202301161003/tools/bin/../lib/gcc/arm-none-eabi/10.3.1/../../../../arm-none-eabi/lib/thumb/v6-m/nofp\libc_nano.a(lib_a-sprintf.o)
 .debug_frame   0x0000000000002a10       0x74 d:/stm32/stm32cubeide/stm32cubeide_1.12.1/stm32cubeide/plugins/com.st.stm32cube.ide.mcu.externaltools.gnu-tools-for-stm32.10.3-2021.10.win32_1.0.200.202301161003/tools/bin/../lib/gcc/arm-none-eabi/10.3.1/../../../../arm-none-eabi/lib/thumb/v6-m/nofp\libc_nano.a(lib_a-nano-svfprintf.o)
 .debug_frame   0x0000000000002a84       0x54 d:/stm32/stm32cubeide/stm32cubeide_1.12.1/stm32cubeide/plugins/com.st.stm32cube.ide.mcu.externaltools.gnu-tools-for-stm32.10.3-2021.10.win32_1.0.200.202301161003/tools/bin/../lib/gcc/arm-none-eabi/10.3.1/../../../../arm-none-eabi/lib/thumb/v6-m/nofp\libc_nano.a(lib_a-nano-vfprintf_i.o)
 .debug_frame   0x0000000000002ad8       0x20 d:/stm32/stm32cubeide/stm32cubeide_1.12.1/stm32cubeide/plugins/com.st.stm32cube.ide.mcu.externaltools.gnu-tools-for-stm32.10.3-2021.10.win32_1.0.200.202301161003/tools/bin/../lib/gcc/arm-none-eabi/10.3.1/../../../../arm-none-eabi/lib/thumb/v6-m/nofp\libc_nano.a(lib_a-memchr-stub.o)
 .debug_frame   0x0000000000002af8       0x28 d:/stm32/stm32cubeide/stm32cubeide_1.12.1/stm32cubeide/plugins/com.st.stm32cube.ide.mcu.externaltools.gnu-tools-for-stm32.10.3-2021.10.win32_1.0.200.202301161003/tools/bin/../lib/gcc/arm-none-eabi/10.3.1/../../../../arm-none-eabi/lib/thumb/v6-m/nofp\libc_nano.a(lib_a-memcpy-stub.o)