../Drivers/STM32G0xx_HAL_Driver/Inc/stm32g0xx_ll_adc.h:4518:22:LL_ADC_Enable	16	static
../Drivers/STM32G0xx_HAL_Driver/Inc/stm32g0xx_ll_adc.h:4601:22:LL_ADC_StartCalibration	16	static
../Drivers/STM32G0xx_HAL_Driver/Inc/stm32g0xx_ll_adc.h:4617:26:LL_ADC_IsCalibrationOnGoing	16	static
../Drivers/STM32G0xx_HAL_Driver/Inc/stm32g0xx_ll_adc.h:4648:22:LL_ADC_REG_StartConversion	16	static
../Drivers/STM32G0xx_HAL_Driver/Inc/stm32g0xx_ll_adc.h:4724:26:LL_ADC_REG_ReadConversionData12	16	static
../Drivers/STM32G0xx_HAL_Driver/Inc/stm32g0xx_ll_adc.h:4829:26:LL_ADC_IsActiveFlag_EOC	16	static
../Source/Src/AdcDrv.c:19:6:AdcDrv_Init	8	static
../Source/Src/AdcDrv.c:28:6:AdcDrv_MainFunction	24	static
../Source/Src/AdcDrv.c:53:10:AdcSetConverter_Value	8	static
