../Source/Src/Ecum_Callouts.c:30:6:f_Ecum_InitBaseTask	8	static
../Source/Src/Ecum_Callouts.c:48:6:f_Ecum_BaseRecurenceTask	8	static
../Source/Src/Ecum_Callouts.c:54:6:f_Ecum_BaseRecurenceTaskDiv2	8	static
../Source/Src/Ecum_Callouts.c:59:6:f_Ecum_BaseRecurenceTaskDiv4	8	static
../Source/Src/Ecum_Callouts.c:70:6:f_Ecum_BaseRecurenceTaskDiv8	8	static
../Source/Src/Ecum_Callouts.c:74:6:f_Ecum_BaseRecurenceTaskDiv16	8	static
../Source/Src/Ecum_Callouts.c:79:6:f_Ecum_BaseRecurenceTaskDiv32	8	static
