../Source/Src/USART_CommunicationProtocol.c:26:6:f_USARTCommProt_Init	8	static
../Source/Src/USART_CommunicationProtocol.c:32:6:f_USARTCommProt_Main	24	static
../Source/Src/USART_CommunicationProtocol.c:124:9:f_USARTCommProt_IsCRCByte	24	static
../Source/Src/USART_CommunicationProtocol.c:138:6:f_USARTCommProt_ClrByte	24	static
../Source/Src/USART_CommunicationProtocol.c:150:6:f_USARTCommProt_IsProcessData	16	static
../Source/Src/USART_CommunicationProtocol.c:179:6:f_USARTCommProt_IsDatPacketTightening	24	static
