../Drivers/STM32G0xx_HAL_Driver/Inc/stm32g0xx_ll_usart.h:2932:26:LL_USART_IsActiveFlag_PE	16	static
../Drivers/STM32G0xx_HAL_Driver/Inc/stm32g0xx_ll_usart.h:2943:26:LL_USART_IsActiveFlag_FE	16	static
../Drivers/STM32G0xx_HAL_Driver/Inc/stm32g0xx_ll_usart.h:2954:26:LL_USART_IsActiveFlag_NE	16	static
../Drivers/STM32G0xx_HAL_Driver/Inc/stm32g0xx_ll_usart.h:2965:26:LL_USART_IsActiveFlag_ORE	16	static
../Drivers/STM32G0xx_HAL_Driver/Inc/stm32g0xx_ll_usart.h:2992:26:LL_USART_IsActiveFlag_RXNE_RXFNE	16	static
../Drivers/STM32G0xx_HAL_Driver/Inc/stm32g0xx_ll_usart.h:3003:26:LL_USART_IsActiveFlag_TC	16	static
../Drivers/STM32G0xx_HAL_Driver/Inc/stm32g0xx_ll_usart.h:3019:26:LL_USART_IsActiveFlag_TXE_TXFNF	16	static
../Drivers/STM32G0xx_HAL_Driver/Inc/stm32g0xx_ll_usart.h:3274:22:LL_USART_ClearFlag_PE	16	static
../Drivers/STM32G0xx_HAL_Driver/Inc/stm32g0xx_ll_usart.h:3285:22:LL_USART_ClearFlag_FE	16	static
../Drivers/STM32G0xx_HAL_Driver/Inc/stm32g0xx_ll_usart.h:3296:22:LL_USART_ClearFlag_NE	16	static
../Drivers/STM32G0xx_HAL_Driver/Inc/stm32g0xx_ll_usart.h:3307:22:LL_USART_ClearFlag_ORE	16	static
../Drivers/STM32G0xx_HAL_Driver/Inc/stm32g0xx_ll_usart.h:3342:22:LL_USART_ClearFlag_TC	16	static
../Drivers/STM32G0xx_HAL_Driver/Inc/stm32g0xx_ll_usart.h:3475:22:LL_USART_EnableIT_RXNE_RXFNE	32	static,ignoring_inline_asm
../Drivers/STM32G0xx_HAL_Driver/Inc/stm32g0xx_ll_usart.h:3486:22:LL_USART_EnableIT_TC	32	static,ignoring_inline_asm
../Drivers/STM32G0xx_HAL_Driver/Inc/stm32g0xx_ll_usart.h:3502:22:LL_USART_EnableIT_TXE_TXFNF	32	static,ignoring_inline_asm
../Drivers/STM32G0xx_HAL_Driver/Inc/stm32g0xx_ll_usart.h:3703:22:LL_USART_DisableIT_TC	32	static,ignoring_inline_asm
../Drivers/STM32G0xx_HAL_Driver/Inc/stm32g0xx_ll_usart.h:3719:22:LL_USART_DisableIT_TXE_TXFNF	32	static,ignoring_inline_asm
../Drivers/STM32G0xx_HAL_Driver/Inc/stm32g0xx_ll_usart.h:3911:26:LL_USART_IsEnabledIT_RXNE_RXFNE	16	static
../Drivers/STM32G0xx_HAL_Driver/Inc/stm32g0xx_ll_usart.h:3922:26:LL_USART_IsEnabledIT_TC	16	static
../Drivers/STM32G0xx_HAL_Driver/Inc/stm32g0xx_ll_usart.h:3938:26:LL_USART_IsEnabledIT_TXE_TXFNF	16	static
../Drivers/STM32G0xx_HAL_Driver/Inc/stm32g0xx_ll_usart.h:3949:26:LL_USART_IsEnabledIT_PE	16	static
../Drivers/STM32G0xx_HAL_Driver/Inc/stm32g0xx_ll_usart.h:4034:26:LL_USART_IsEnabledIT_ERROR	16	static
../Drivers/STM32G0xx_HAL_Driver/Inc/stm32g0xx_ll_usart.h:4253:25:LL_USART_ReceiveData8	16	static
../Drivers/STM32G0xx_HAL_Driver/Inc/stm32g0xx_ll_usart.h:4276:22:LL_USART_TransmitData8	16	static
../Source/Src/USARTDrv.c:27:6:USARTDrv_Init	8	static
../Source/Src/USARTDrv.c:44:6:USARTDrv_MainFunction	16	static
../Source/Src/USARTDrv.c:62:6:USART_SendBuffer	32	static
../Source/Src/USARTDrv.c:79:6:USART_ReceiverBuffer	32	static
../Source/Src/USARTDrv.c:98:6:USART_SysCallBack	8	static
../Source/Src/USARTDrv.c:148:6:USART_RxHandlerIsr	8	static
../Source/Src/USARTDrv.c:155:6:USART_TxHandlerIsr	16	static
../Source/Src/USARTDrv.c:176:6:f_USART_GetCharData	32	static
